Archive member included to satisfy reference by file (symbol)

c:/program files (x86)/atmel/studio/7.0/toolchain/avr8/avr8-gnu-toolchain/bin/../lib/gcc/avr/4.9.2/../../../../avr/lib/avr6\libm.a(addsf3.o)
                              classes/Hardware.o (__subsf3)
c:/program files (x86)/atmel/studio/7.0/toolchain/avr8/avr8-gnu-toolchain/bin/../lib/gcc/avr/4.9.2/../../../../avr/lib/avr6\libm.a(addsf3x.o)
                              c:/program files (x86)/atmel/studio/7.0/toolchain/avr8/avr8-gnu-toolchain/bin/../lib/gcc/avr/4.9.2/../../../../avr/lib/avr6\libm.a(addsf3.o) (__addsf3x)
c:/program files (x86)/atmel/studio/7.0/toolchain/avr8/avr8-gnu-toolchain/bin/../lib/gcc/avr/4.9.2/../../../../avr/lib/avr6\libm.a(cmpsf2.o)
                              classes/Hardware.o (__ltsf2)
c:/program files (x86)/atmel/studio/7.0/toolchain/avr8/avr8-gnu-toolchain/bin/../lib/gcc/avr/4.9.2/../../../../avr/lib/avr6\libm.a(divsf3.o)
                              classes/Hardware.o (__divsf3)
c:/program files (x86)/atmel/studio/7.0/toolchain/avr8/avr8-gnu-toolchain/bin/../lib/gcc/avr/4.9.2/../../../../avr/lib/avr6\libm.a(divsf3x.o)
                              c:/program files (x86)/atmel/studio/7.0/toolchain/avr8/avr8-gnu-toolchain/bin/../lib/gcc/avr/4.9.2/../../../../avr/lib/avr6\libm.a(divsf3.o) (__divsf3x)
c:/program files (x86)/atmel/studio/7.0/toolchain/avr8/avr8-gnu-toolchain/bin/../lib/gcc/avr/4.9.2/../../../../avr/lib/avr6\libm.a(fixsfsi.o)
                              src/Print.o (__fixsfsi)
c:/program files (x86)/atmel/studio/7.0/toolchain/avr8/avr8-gnu-toolchain/bin/../lib/gcc/avr/4.9.2/../../../../avr/lib/avr6\libm.a(fixunssfsi.o)
                              src/Print.o (__fixunssfsi)
c:/program files (x86)/atmel/studio/7.0/toolchain/avr8/avr8-gnu-toolchain/bin/../lib/gcc/avr/4.9.2/../../../../avr/lib/avr6\libm.a(floatsisf.o)
                              classes/Executive.o (__floatunsisf)
c:/program files (x86)/atmel/studio/7.0/toolchain/avr8/avr8-gnu-toolchain/bin/../lib/gcc/avr/4.9.2/../../../../avr/lib/avr6\libm.a(fp_cmp.o)
                              c:/program files (x86)/atmel/studio/7.0/toolchain/avr8/avr8-gnu-toolchain/bin/../lib/gcc/avr/4.9.2/../../../../avr/lib/avr6\libm.a(cmpsf2.o) (__fp_cmp)
c:/program files (x86)/atmel/studio/7.0/toolchain/avr8/avr8-gnu-toolchain/bin/../lib/gcc/avr/4.9.2/../../../../avr/lib/avr6\libm.a(fp_inf.o)
                              c:/program files (x86)/atmel/studio/7.0/toolchain/avr8/avr8-gnu-toolchain/bin/../lib/gcc/avr/4.9.2/../../../../avr/lib/avr6\libm.a(addsf3x.o) (__fp_inf)
c:/program files (x86)/atmel/studio/7.0/toolchain/avr8/avr8-gnu-toolchain/bin/../lib/gcc/avr/4.9.2/../../../../avr/lib/avr6\libm.a(fp_nan.o)
                              c:/program files (x86)/atmel/studio/7.0/toolchain/avr8/avr8-gnu-toolchain/bin/../lib/gcc/avr/4.9.2/../../../../avr/lib/avr6\libm.a(addsf3x.o) (__fp_nan)
c:/program files (x86)/atmel/studio/7.0/toolchain/avr8/avr8-gnu-toolchain/bin/../lib/gcc/avr/4.9.2/../../../../avr/lib/avr6\libm.a(fp_pscA.o)
                              c:/program files (x86)/atmel/studio/7.0/toolchain/avr8/avr8-gnu-toolchain/bin/../lib/gcc/avr/4.9.2/../../../../avr/lib/avr6\libm.a(addsf3x.o) (__fp_pscA)
c:/program files (x86)/atmel/studio/7.0/toolchain/avr8/avr8-gnu-toolchain/bin/../lib/gcc/avr/4.9.2/../../../../avr/lib/avr6\libm.a(fp_pscB.o)
                              c:/program files (x86)/atmel/studio/7.0/toolchain/avr8/avr8-gnu-toolchain/bin/../lib/gcc/avr/4.9.2/../../../../avr/lib/avr6\libm.a(addsf3x.o) (__fp_pscB)
c:/program files (x86)/atmel/studio/7.0/toolchain/avr8/avr8-gnu-toolchain/bin/../lib/gcc/avr/4.9.2/../../../../avr/lib/avr6\libm.a(fp_round.o)
                              c:/program files (x86)/atmel/studio/7.0/toolchain/avr8/avr8-gnu-toolchain/bin/../lib/gcc/avr/4.9.2/../../../../avr/lib/avr6\libm.a(addsf3.o) (__fp_round)
c:/program files (x86)/atmel/studio/7.0/toolchain/avr8/avr8-gnu-toolchain/bin/../lib/gcc/avr/4.9.2/../../../../avr/lib/avr6\libm.a(fp_split3.o)
                              c:/program files (x86)/atmel/studio/7.0/toolchain/avr8/avr8-gnu-toolchain/bin/../lib/gcc/avr/4.9.2/../../../../avr/lib/avr6\libm.a(addsf3x.o) (__fp_split3)
c:/program files (x86)/atmel/studio/7.0/toolchain/avr8/avr8-gnu-toolchain/bin/../lib/gcc/avr/4.9.2/../../../../avr/lib/avr6\libm.a(fp_zero.o)
                              c:/program files (x86)/atmel/studio/7.0/toolchain/avr8/avr8-gnu-toolchain/bin/../lib/gcc/avr/4.9.2/../../../../avr/lib/avr6\libm.a(addsf3x.o) (__fp_zero)
c:/program files (x86)/atmel/studio/7.0/toolchain/avr8/avr8-gnu-toolchain/bin/../lib/gcc/avr/4.9.2/../../../../avr/lib/avr6\libm.a(gesf2.o)
                              classes/Hardware.o (__gesf2)
c:/program files (x86)/atmel/studio/7.0/toolchain/avr8/avr8-gnu-toolchain/bin/../lib/gcc/avr/4.9.2/../../../../avr/lib/avr6\libm.a(mulsf3.o)
                              classes/Hardware.o (__mulsf3)
[...]
Memory Configuration

Name             Origin             Length             Attributes
text             0x00000000         0x00100000         xr
data             0x00800200         0x0000fe00         rw !x
eeprom           0x00810000         0x00010000         rw !x
fuse             0x00820000         0x00000400         rw !x
lock             0x00830000         0x00000400         rw !x
signature        0x00840000         0x00000400         rw !x
user_signatures  0x00850000         0x00000400         rw !x
*default*        0x00000000         0xffffffff

Linker script and memory map

Address of section .data set to 0x800200
LOAD C:/Program Files (x86)/Atmel/Studio/7.0/Packs/atmel/ATmega_DFP/1.0.90/gcc/dev/atmega2560/avr6/crtatmega2560.o
LOAD classes/BurnerController.o
LOAD classes/EnhancedIO/AdjustableParam.o
LOAD classes/EnhancedIO/DigitalIO.o
LOAD classes/EZUI/Controls/EZUI_Control_AdjustParam.o
LOAD classes/EZUI/Controls/EZUI_Control.o
LOAD classes/EZUI/Controls/EZUI_Control_Label.o
LOAD classes/EZUI/Controls/EZUI_Control_Link.o
LOAD classes/EZUI/Controls/EZUI_Control_ListOption.o
LOAD classes/EZUI/Controls/EZUI_Control_ToggleOption.o
LOAD classes/Hardware.o
LOAD classes/UI/UI_BK.o
LOAD classes/UI/UI_HLT.o
LOAD classes/UI/UI_MAIN.o
LOAD classes/UI/UI_MLT.o
LOAD classes/EZUI/ClickEncoderWithEvents.o
LOAD classes/EZUI/EZUI_Menu.o
LOAD classes/EZUI/EZUI_Page.o
LOAD classes/EZUI/EZUI.o
LOAD classes/Executive.o
LOAD classes/UI/UI_Shared.o
LOAD include/AdvancedSerial/AdvancedSerial.o
LOAD include/ClickEncoder/ClickEncoder.o
LOAD include/LiquidCrystal/FastIO.o
LOAD include/LiquidCrystal/I2CIO.o
LOAD include/LiquidCrystal/LCD.o
LOAD include/LiquidCrystal/LiquidCrystal.o
LOAD include/LiquidCrystal/LiquidCrystal_I2C.o
LOAD include/LiquidCrystal/LiquidCrystal_SR.o
LOAD include/LiquidCrystal/LiquidCrystal_SR2W.o
LOAD include/LiquidCrystal/LiquidCrystal_SR3W.o
LOAD include/MemoryFree/MemoryFree.o
LOAD include/TimerOne/TimerOne.o
LOAD include/Wire/twi.o
LOAD include/Wire/Wire.o
LOAD Main.o
LOAD src/abi.o
LOAD src/CDC.o
LOAD src/HardwareSerial.o
LOAD src/HardwareSerial0.o
LOAD src/HardwareSerial1.o
LOAD src/HardwareSerial2.o
LOAD src/HardwareSerial3.o
LOAD src/HID.o
LOAD src/hooks.o
LOAD src/IPAddress.o
LOAD src/main.o
LOAD src/new.o
LOAD src/Print.o
LOAD src/Stream.o
LOAD src/Tone.o
LOAD src/USBCore.o
LOAD src/WInterrupts.o
LOAD src/wiring.o
LOAD src/wiring_analog.o
LOAD src/wiring_digital.o
LOAD src/wiring_pulse.o
LOAD src/wiring_shift.o
LOAD src/WMath.o
LOAD src/WString.o
START GROUP
LOAD c:/program files (x86)/atmel/studio/7.0/toolchain/avr8/avr8-gnu-toolchain/bin/../lib/gcc/avr/4.9.2/../../../../avr/lib/avr6\libm.a
LOAD C:\Users\Customer\Documents\GitHub\Narwhal-Arduino-Code\ArduinoCode\ProjectNarhwal\lib\libcore.a
END GROUP
LOAD c:/program files (x86)/atmel/studio/7.0/toolchain/avr8/avr8-gnu-toolchain/bin/../lib/gcc/avr/4.9.2/avr6\libgcc.a
LOAD c:/program files (x86)/atmel/studio/7.0/toolchain/avr8/avr8-gnu-toolchain/bin/../lib/gcc/avr/4.9.2/../../../../avr/lib/avr6\libm.a
START GROUP
LOAD c:/program files (x86)/atmel/studio/7.0/toolchain/avr8/avr8-gnu-toolchain/bin/../lib/gcc/avr/4.9.2/avr6\libgcc.a
LOAD c:/program files (x86)/atmel/studio/7.0/toolchain/avr8/avr8-gnu-toolchain/bin/../lib/gcc/avr/4.9.2/../../../../avr/lib/avr6\libm.a
LOAD c:/program files (x86)/atmel/studio/7.0/toolchain/avr8/avr8-gnu-toolchain/bin/../lib/gcc/avr/4.9.2/../../../../avr/lib/avr6\libc.a
LOAD C:/Program Files (x86)/Atmel/Studio/7.0/Packs/atmel/ATmega_DFP/1.0.90/gcc/dev/atmega2560/avr6\libatmega2560.a
END GROUP

.hash
 *(.hash)

.dynsym
 *(.dynsym)

.dynstr
 *(.dynstr)

.gnu.version
 *(.gnu.version)

.gnu.version_d
 *(.gnu.version_d)

.gnu.version_r
 *(.gnu.version_r)

.rel.init
 *(.rel.init)

.rela.init
 *(.rela.init)

.rel.text
 *(.rel.text)
 *(.rel.text.*)
 *(.rel.gnu.linkonce.t*)

.rela.text
 *(.rela.text)
 *(.rela.text.*)
 *(.rela.gnu.linkonce.t*)

.rel.fini
 *(.rel.fini)

.rela.fini
 *(.rela.fini)

.rel.rodata
 *(.rel.rodata)
 *(.rel.rodata.*)
 *(.rel.gnu.linkonce.r*)

.rela.rodata
 *(.rela.rodata)
 *(.rela.rodata.*)
 *(.rela.gnu.linkonce.r*)

.rel.data
 *(.rel.data)
 *(.rel.data.*)
 *(.rel.gnu.linkonce.d*)

.rela.data
 *(.rela.data)
 *(.rela.data.*)
 *(.rela.gnu.linkonce.d*)

.rel.ctors
 *(.rel.ctors)

.rela.ctors
 *(.rela.ctors)

.rel.dtors
 *(.rel.dtors)

.rela.dtors
 *(.rela.dtors)

.rel.got
 *(.rel.got)

.rela.got
 *(.rela.got)

.rel.bss
 *(.rel.bss)

.rela.bss
 *(.rela.bss)

.rel.plt
 *(.rel.plt)

.rela.plt
 *(.rela.plt)

.text           0x00000000     0x7dfa
 *(.vectors)
 .vectors       0x00000000       0xe4 C:/Program Files (x86)/Atmel/Studio/7.0/Packs/atmel/ATmega_DFP/1.0.90/gcc/dev/atmega2560/avr6/crtatmega2560.o
                0x00000000                __vector_default
                0x00000000                __vectors
 *(.vectors)
 *(.progmem.gcc*)
 .progmem.gcc_sw_table._ZNK18EZUI_Control_Label4TextEv
                0x000000e4       0x14 classes/EZUI/Controls/EZUI_Control_Label.o
 .progmem.gcc_sw_table.turnOffPWM
                0x000000f8       0x24 src/wiring_digital.o
                0x0000011c                . = ALIGN (0x2)
                0x0000011c                __trampolines_start = .
 *(.trampolines)
 .trampolines   0x0000011c        0x0 linker stubs
 *(.trampolines*)
                0x0000011c                __trampolines_end = .
 *(.progmem*)
 .progmem.data._ZZ13hardware_initvE3__c_4
                0x0000011c        0x6 classes/Hardware.o
 .progmem.data._ZZ13hardware_initvE3__c_3
                0x00000122       0x1a classes/Hardware.o
 .progmem.data._ZZ13hardware_initvE3__c_2
                0x0000013c        0x6 classes/Hardware.o
 .progmem.data._ZZ13hardware_initvE3__c_1
                0x00000142       0x19 classes/Hardware.o
 .progmem.data._ZZ13hardware_initvE3__c_0
                0x0000015b        0x6 classes/Hardware.o
 .progmem.data._ZZ13hardware_initvE3__c
                0x00000161       0x15 classes/Hardware.o
 .progmem.data._ZZN5UI_BK7UI_initEvE3__c_0
                0x00000176        0x6 classes/UI/UI_BK.o
 .progmem.data._ZZN5UI_BK7UI_initEvE3__c
                0x0000017c       0x16 classes/UI/UI_BK.o
 .progmem.data._ZZN6UI_HLT7UI_initEvE3__c_0
                0x00000192        0x6 classes/UI/UI_HLT.o
 .progmem.data._ZZN6UI_HLT7UI_initEvE3__c
                0x00000198       0x17 classes/UI/UI_HLT.o
 .progmem.data._ZZN7UI_MAIN7UI_initEvE3__c_0
                0x000001af        0x6 classes/UI/UI_MAIN.o
 .progmem.data._ZZN7UI_MAIN7UI_initEvE3__c
                0x000001b5       0x18 classes/UI/UI_MAIN.o
 .progmem.data._ZZN6UI_MLT7UI_initEvE3__c_0
                0x000001cd        0x6 classes/UI/UI_MLT.o
 .progmem.data._ZZN6UI_MLT7UI_initEvE3__c
                0x000001d3       0x17 classes/UI/UI_MLT.o
 .progmem.data._ZZN22ClickEncoderWithEvents4ReadEvE3__c_2
                0x000001ea        0xf classes/EZUI/ClickEncoderWithEvents.o
 .progmem.data._ZZN22ClickEncoderWithEvents4ReadEvE3__c_1
                0x000001f9       0x1c classes/EZUI/ClickEncoderWithEvents.o
 .progmem.data._ZZN22ClickEncoderWithEvents4ReadEvE3__c_0
                0x00000215       0x18 classes/EZUI/ClickEncoderWithEvents.o
 .progmem.data._ZZN22ClickEncoderWithEvents4ReadEvE3__c
                0x0000022d       0x1b classes/EZUI/ClickEncoderWithEvents.o
 .progmem.data._ZZN9EZUI_Menu8nextItemEvE3__c_0
                0x00000248        0xd classes/EZUI/EZUI_Menu.o
 .progmem.data._ZZN9EZUI_Menu8nextItemEvE3__c
                0x00000255        0x9 classes/EZUI/EZUI_Menu.o
 .progmem.data._ZZN9EZUI_Menu8prevItemEvE3__c_0
                0x0000025e        0xd classes/EZUI/EZUI_Menu.o
 .progmem.data._ZZN9EZUI_Menu8prevItemEvE3__c
                0x0000026b        0x9 classes/EZUI/EZUI_Menu.o
 .progmem.data._ZZN9EZUI_Menu9printPageEP4EZUIE3__c
                0x00000274       0x1e classes/EZUI/EZUI_Menu.o
 .progmem.data._ZZN4EZUI16EncoderDecrementEvE3__c
                0x00000292       0x12 classes/EZUI/EZUI.o
 .progmem.data._ZZN4EZUI16EncoderIncrementEvE3__c
                0x000002a4       0x12 classes/EZUI/EZUI.o
 .progmem.data._ZZN4EZUI15EncoderDblClickEvE3__c
                0x000002b6        0xe classes/EZUI/EZUI.o
 .progmem.data._ZZN4EZUI12EncoderClickEvE3__c
                0x000002c4        0xe classes/EZUI/EZUI.o
 .progmem.data._ZZN9Executive3runEvE3__c_3
                0x000002d2        0xd classes/Executive.o
 .progmem.data._ZZN9Executive3runEvE3__c_2
                0x000002df        0x9 classes/Executive.o
 .progmem.data._ZZN9Executive3runEvE3__c_1
                0x000002e8        0xb classes/Executive.o
 .progmem.data._ZZN9Executive3runEvE3__c_0
                0x000002f3        0x9 classes/Executive.o
 .progmem.data._ZZN9Executive3runEvE3__c
                0x000002fc        0xc classes/Executive.o
 .progmem.data._ZZ4loopE3__c_1
                0x00000308       0x18 Main.o
 .progmem.data._ZZ4loopE3__c_0
                0x00000320        0xf Main.o
 .progmem.data._ZZ4loopE3__c
                0x0000032f        0x1 Main.o
 .progmem.data._ZZ5setupE3__c_6
                0x00000330        0xd Main.o
 .progmem.data._ZZ5setupE3__c_5
                0x0000033d        0xd Main.o
 .progmem.data._ZZ5setupE3__c_4
                0x0000034a        0xf Main.o
 .progmem.data._ZZ5setupE3__c_3
                0x00000359        0x1 Main.o
 .progmem.data._ZZ5setupE3__c_2
                0x0000035a        0xc Main.o
 .progmem.data._ZZ5setupE3__c_1
                0x00000366       0x26 Main.o
 .progmem.data._ZZ5setupE3__c_0
                0x0000038c       0x26 Main.o
 .progmem.data._ZZ5setupE3__c
                0x000003b2       0x26 Main.o
 .progmem.data._ZL21tone_pin_to_timer_PGM
                0x000003d8        0x1 src/Tone.o
 .progmem.data.digital_pin_to_timer_PGM
                0x000003d9       0x46 src/wiring_digital.o
                0x000003d9                digital_pin_to_timer_PGM
 .progmem.data.digital_pin_to_bit_mask_PGM
                0x0000041f       0x46 src/wiring_digital.o
                0x0000041f                digital_pin_to_bit_mask_PGM
 .progmem.data.digital_pin_to_port_PGM
                0x00000465       0x46 src/wiring_digital.o
                0x00000465                digital_pin_to_port_PGM
 .progmem.data.port_to_input_PGM
                0x000004ab       0x1a src/wiring_digital.o
                0x000004ab                port_to_input_PGM
 .progmem.data.port_to_output_PGM
                0x000004c5       0x1a src/wiring_digital.o
                0x000004c5                port_to_output_PGM
 .progmem.data.port_to_mode_PGM
                0x000004df       0x1a src/wiring_digital.o
                0x000004df                port_to_mode_PGM
 .progmem.data  0x000004f9       0xfa c:/program files (x86)/atmel/studio/7.0/toolchain/avr8/avr8-gnu-toolchain/bin/../lib/gcc/avr/4.9.2/../../../../avr/lib/avr6\libc.a(ftoa_engine.o)
                0x000005f4                . = ALIGN (0x2)
 *fill*         0x000005f3        0x1 
 *(.jumptables)
 *(.jumptables*)
 *(.lowtext)
 *(.lowtext*)
                0x000005f4                __ctors_start = .
 *(.ctors)
 .ctors         0x000005f4        0x2 classes/Hardware.o
 .ctors         0x000005f6        0x2 classes/UI/UI_BK.o
 .ctors         0x000005f8        0x2 classes/UI/UI_HLT.o
 .ctors         0x000005fa        0x2 classes/UI/UI_MAIN.o
 .ctors         0x000005fc        0x2 classes/UI/UI_MLT.o
 .ctors         0x000005fe        0x2 classes/UI/UI_Shared.o
 .ctors         0x00000600        0x2 include/Wire/Wire.o
 .ctors         0x00000602        0x2 Main.o
 .ctors         0x00000604        0x2 src/HardwareSerial0.o
 .ctors         0x00000606        0x2 src/HardwareSerial1.o
 .ctors         0x00000608        0x2 src/HardwareSerial2.o
 .ctors         0x0000060a        0x2 src/HardwareSerial3.o
 .ctors         0x0000060c        0x2 src/IPAddress.o
                0x0000060e                __ctors_end = .
                0x0000060e                __dtors_start = .
 *(.dtors)
 .dtors         0x0000060e        0x2 classes/Hardware.o
 .dtors         0x00000610        0x2 classes/UI/UI_BK.o
 .dtors         0x00000612        0x2 classes/UI/UI_HLT.o
 .dtors         0x00000614        0x2 classes/UI/UI_MAIN.o
 .dtors         0x00000616        0x2 classes/UI/UI_MLT.o
 .dtors         0x00000618        0x2 classes/UI/UI_Shared.o
                0x0000061a                __dtors_end = .
 SORT(*)(.ctors)
 SORT(*)(.dtors)
 *(.init0)
 .init0         0x0000061a        0x0 C:/Program Files (x86)/Atmel/Studio/7.0/Packs/atmel/ATmega_DFP/1.0.90/gcc/dev/atmega2560/avr6/crtatmega2560.o
                0x0000061a                __init
 *(.init0)
 *(.init1)
 *(.init1)
 *(.init2)
 .init2         0x0000061a       0x10 C:/Program Files (x86)/Atmel/Studio/7.0/Packs/atmel/ATmega_DFP/1.0.90/gcc/dev/atmega2560/avr6/crtatmega2560.o
 *(.init2)
 *(.init3)
 *(.init3)
 *(.init4)
 .init4         0x0000062a       0x1a c:/program files (x86)/atmel/studio/7.0/toolchain/avr8/avr8-gnu-toolchain/bin/../lib/gcc/avr/4.9.2/avr6\libgcc.a(_copy_data.o)
                0x0000062a                __do_copy_data
 .init4         0x00000644       0x10 c:/program files (x86)/atmel/studio/7.0/toolchain/avr8/avr8-gnu-toolchain/bin/../lib/gcc/avr/4.9.2/avr6\libgcc.a(_clear_bss.o)
                0x00000644                __do_clear_bss
 *(.init4)
 *(.init5)
 *(.init5)
 *(.init6)
 .init6         0x00000654       0x20 c:/program files (x86)/atmel/studio/7.0/toolchain/avr8/avr8-gnu-toolchain/bin/../lib/gcc/avr/4.9.2/avr6\libgcc.a(_ctors.o)
                0x00000654                __do_global_ctors
 *(.init6)
 *(.init7)
 *(.init7)
 *(.init8)
 *(.init8)
 *(.init9)
 .init9         0x00000674        0x8 C:/Program Files (x86)/Atmel/Studio/7.0/Packs/atmel/ATmega_DFP/1.0.90/gcc/dev/atmega2560/avr6/crtatmega2560.o
 *(.init9)
 *(.text)
 .text          0x0000067c        0x2 C:/Program Files (x86)/Atmel/Studio/7.0/Packs/atmel/ATmega_DFP/1.0.90/gcc/dev/atmega2560/avr6/crtatmega2560.o
                0x0000067c                __vector_38
                0x0000067c                __vector_22
                0x0000067c                __vector_28
                0x0000067c                __vector_32
                0x0000067c                __vector_34
                0x0000067c                __vector_24
                0x0000067c                __vector_12
                0x0000067c                __vector_46
                0x0000067c                __bad_interrupt
                0x0000067c                __vector_31
                0x0000067c                __vector_35
                0x0000067c                __vector_30
                0x0000067c                __vector_45
                0x0000067c                __vector_11
                0x0000067c                __vector_17
                0x0000067c                __vector_19
                0x0000067c                __vector_56
                0x0000067c                __vector_49
                0x0000067c                __vector_41
                0x0000067c                __vector_43
                0x0000067c                __vector_27
                0x0000067c                __vector_33
                0x0000067c                __vector_47
                0x0000067c                __vector_44
                0x0000067c                __vector_9
                0x0000067c                __vector_21
                0x0000067c                __vector_15
                0x0000067c                __vector_29
                0x0000067c                __vector_40
                0x0000067c                __vector_48
                0x0000067c                __vector_14
                0x0000067c                __vector_53
                0x0000067c                __vector_10
                0x0000067c                __vector_50
                0x0000067c                __vector_16
                0x0000067c                __vector_18
                0x0000067c                __vector_42
                0x0000067e                . = ALIGN (0x2)
 *(.text.*)
 .text._ZN9DigitalIOD2Ev
                0x0000067e       0x18 classes/EnhancedIO/DigitalIO.o
                0x0000067e                _ZN9DigitalIOD1Ev
                0x0000067e                _ZN9DigitalIOD2Ev
 .text._ZN9DigitalIO5ValueEv
                0x00000696       0x24 classes/EnhancedIO/DigitalIO.o
                0x00000696                _ZN9DigitalIO5ValueEv
 .text._ZN9DigitalIO5WriteEi
                0x000006ba       0x36 classes/EnhancedIO/DigitalIO.o
                0x000006ba                _ZN9DigitalIO5WriteEi
 .text._ZN9DigitalIOC2EiNS_8PinModesE6StringS1_
                0x000006f0       0x92 classes/EnhancedIO/DigitalIO.o
                0x000006f0                _ZN9DigitalIOC1EiNS_8PinModesE6StringS1_
                0x000006f0                _ZN9DigitalIOC2EiNS_8PinModesE6StringS1_
 .text._ZNK12EZUI_Control6SelectEP4EZUI
                0x00000782        0x2 classes/EZUI/Controls/EZUI_Control_AdjustParam.o
                0x00000782                _ZNK12EZUI_Control6SelectEP4EZUI
 .text._ZNK12EZUI_Control4TextEv
                0x00000784       0x16 classes/EZUI/Controls/EZUI_Control_AdjustParam.o
                0x00000784                _ZNK12EZUI_Control4TextEv
 .text._ZNK12EZUI_Control12isSelectableEv
                0x0000079a        0x4 classes/EZUI/Controls/EZUI_Control.o
                0x0000079a                _ZNK12EZUI_Control12isSelectableEv
 .text._ZN12EZUI_ControlD2Ev
                0x0000079e        0x2 classes/EZUI/Controls/EZUI_Control.o
                0x0000079e                _ZN12EZUI_ControlD1Ev
                0x0000079e                _ZN12EZUI_ControlD2Ev
 .text._ZN12EZUI_ControlD0Ev
                0x000007a0        0x4 classes/EZUI/Controls/EZUI_Control.o
                0x000007a0                _ZN12EZUI_ControlD0Ev
 .text._ZN12EZUI_ControlC2Ev
                0x000007a4        0xe classes/EZUI/Controls/EZUI_Control.o
                0x000007a4                _ZN12EZUI_ControlC1Ev
                0x000007a4                _ZN12EZUI_ControlC2Ev
 .text._ZNK18EZUI_Control_Label12isSelectableEv
                0x000007b2        0x4 classes/EZUI/Controls/EZUI_Control_Label.o
                0x000007b2                _ZNK18EZUI_Control_Label12isSelectableEv
 .text._ZNK18EZUI_Control_Label6SelectEP4EZUI
                0x000007b6        0x2 classes/EZUI/Controls/EZUI_Control_Label.o
                0x000007b6                _ZNK18EZUI_Control_Label6SelectEP4EZUI
 .text._ZN18EZUI_Control_LabelD2Ev
                0x000007b8       0x26 classes/EZUI/Controls/EZUI_Control_Label.o
                0x000007b8                _ZN18EZUI_Control_LabelD1Ev
                0x000007b8                _ZN18EZUI_Control_LabelD2Ev
 .text._ZN18EZUI_Control_LabelD0Ev
                0x000007de       0x12 classes/EZUI/Controls/EZUI_Control_Label.o
                0x000007de                _ZN18EZUI_Control_LabelD0Ev
 .text._ZNK18EZUI_Control_Label4TextEv
                0x000007f0      0x1b2 classes/EZUI/Controls/EZUI_Control_Label.o
                0x000007f0                _ZNK18EZUI_Control_Label4TextEv
 .text._ZN18EZUI_Control_LabelC2EPc
                0x000009a2       0x6e classes/EZUI/Controls/EZUI_Control_Label.o
                0x000009a2                _ZN18EZUI_Control_LabelC2EPc
                0x000009a2                _ZN18EZUI_Control_LabelC1EPc
 .text._ZN18EZUI_Control_LabelC2EPf
                0x00000a10       0x58 classes/EZUI/Controls/EZUI_Control_Label.o
                0x00000a10                _ZN18EZUI_Control_LabelC2EPf
                0x00000a10                _ZN18EZUI_Control_LabelC1EPf
 .text._ZN18EZUI_Control_LabelC2EPb6StringS1_
                0x00000a68       0x96 classes/EZUI/Controls/EZUI_Control_Label.o
                0x00000a68                _ZN18EZUI_Control_LabelC1EPb6StringS1_
                0x00000a68                _ZN18EZUI_Control_LabelC2EPb6StringS1_
 .text._ZN18EZUI_Control_LabelC2EP9DigitalIO
                0x00000afe       0x58 classes/EZUI/Controls/EZUI_Control_Label.o
                0x00000afe                _ZN18EZUI_Control_LabelC2EP9DigitalIO
                0x00000afe                _ZN18EZUI_Control_LabelC1EP9DigitalIO
 .text._ZNK17EZUI_Control_Link12isSelectableEv
                0x00000b56        0x4 classes/EZUI/Controls/EZUI_Control_Link.o
                0x00000b56                _ZNK17EZUI_Control_Link12isSelectableEv
 .text._ZNK17EZUI_Control_Link4TextEv
                0x00000b5a       0x16 classes/EZUI/Controls/EZUI_Control_Link.o
                0x00000b5a                _ZNK17EZUI_Control_Link4TextEv
 .text._ZNK17EZUI_Control_Link6SelectEP4EZUI
                0x00000b70       0x20 classes/EZUI/Controls/EZUI_Control_Link.o
                0x00000b70                _ZNK17EZUI_Control_Link6SelectEP4EZUI
 .text._ZN17EZUI_Control_LinkD2Ev
                0x00000b90       0x1e classes/EZUI/Controls/EZUI_Control_Link.o
                0x00000b90                _ZN17EZUI_Control_LinkD2Ev
                0x00000b90                _ZN17EZUI_Control_LinkD1Ev
 .text._ZN17EZUI_Control_LinkD0Ev
                0x00000bae       0x12 classes/EZUI/Controls/EZUI_Control_Link.o
                0x00000bae                _ZN17EZUI_Control_LinkD0Ev
 .text._ZN17EZUI_Control_LinkC2E6StringP9EZUI_Menu
                0x00000bc0       0x5a classes/EZUI/Controls/EZUI_Control_Link.o
                0x00000bc0                _ZN17EZUI_Control_LinkC1E6StringP9EZUI_Menu
                0x00000bc0                _ZN17EZUI_Control_LinkC2E6StringP9EZUI_Menu
 .text._ZN17EZUI_Control_LinkC2E6StringP9EZUI_Page
                0x00000c1a       0x5c classes/EZUI/Controls/EZUI_Control_Link.o
                0x00000c1a                _ZN17EZUI_Control_LinkC1E6StringP9EZUI_Page
                0x00000c1a                _ZN17EZUI_Control_LinkC2E6StringP9EZUI_Page
 .text._ZNK25EZUI_Control_ToggleOption12isSelectableEv
                0x00000c76        0x4 classes/EZUI/Controls/EZUI_Control_ToggleOption.o
                0x00000c76                _ZNK25EZUI_Control_ToggleOption12isSelectableEv
 .text._ZN25EZUI_Control_ToggleOptionD2Ev
                0x00000c7a       0x2e classes/EZUI/Controls/EZUI_Control_ToggleOption.o
                0x00000c7a                _ZN25EZUI_Control_ToggleOptionD1Ev
                0x00000c7a                _ZN25EZUI_Control_ToggleOptionD2Ev
 .text._ZN25EZUI_Control_ToggleOptionD0Ev
                0x00000ca8       0x12 classes/EZUI/Controls/EZUI_Control_ToggleOption.o
                0x00000ca8                _ZN25EZUI_Control_ToggleOptionD0Ev
 .text._ZNK25EZUI_Control_ToggleOption4TextEv
                0x00000cba       0x16 classes/EZUI/Controls/EZUI_Control_ToggleOption.o
                0x00000cba                _ZNK25EZUI_Control_ToggleOption4TextEv
 .text._ZN25EZUI_Control_ToggleOption9TrueLabelEv
                0x00000cd0       0x30 classes/EZUI/Controls/EZUI_Control_ToggleOption.o
                0x00000cd0                _ZN25EZUI_Control_ToggleOption9TrueLabelEv
 .text._ZN25EZUI_Control_ToggleOption10FalseLabelEv
                0x00000d00       0x30 classes/EZUI/Controls/EZUI_Control_ToggleOption.o
                0x00000d00                _ZN25EZUI_Control_ToggleOption10FalseLabelEv
 .text._ZN25EZUI_Control_ToggleOption5ValueEv
                0x00000d30       0x20 classes/EZUI/Controls/EZUI_Control_ToggleOption.o
                0x00000d30                _ZN25EZUI_Control_ToggleOption5ValueEv
 .text._ZNK25EZUI_Control_ToggleOption6ToggleEv
                0x00000d50       0x42 classes/EZUI/Controls/EZUI_Control_ToggleOption.o
                0x00000d50                _ZNK25EZUI_Control_ToggleOption6ToggleEv
 .text._ZNK25EZUI_Control_ToggleOption6SelectEP4EZUI
                0x00000d92        0x2 classes/EZUI/Controls/EZUI_Control_ToggleOption.o
                0x00000d92                _ZNK25EZUI_Control_ToggleOption6SelectEP4EZUI
 .text._ZN25EZUI_Control_ToggleOptionC2E6StringP9DigitalIO
                0x00000d94       0x78 classes/EZUI/Controls/EZUI_Control_ToggleOption.o
                0x00000d94                _ZN25EZUI_Control_ToggleOptionC1E6StringP9DigitalIO
                0x00000d94                _ZN25EZUI_Control_ToggleOptionC2E6StringP9DigitalIO
 .text._Z15serviceEncodersv
                0x00000e0c       0x20 classes/Hardware.o
                0x00000e0c                _Z15serviceEncodersv
 .text._ZN5LUT1DILj36EE6lookupEf
                0x00000e2c      0x1a8 classes/Hardware.o
                0x00000e2c                _ZN5LUT1DILj36EE6lookupEf
 .text._ZN22ClickEncoderWithEventsC2Ehhhh
                0x00000fd4       0x52 classes/Hardware.o
                0x00000fd4                _ZN22ClickEncoderWithEventsC1Ehhhh
                0x00000fd4                _ZN22ClickEncoderWithEventsC2Ehhhh
 .text.startup._GLOBAL__sub_I__Z15serviceEncodersv
                0x00001026      0x764 classes/Hardware.o
 .text.exit._GLOBAL__sub_D__Z15serviceEncodersv
                0x0000178a       0xa0 classes/Hardware.o
 .text._Z13hardware_initv
                0x0000182a      0x1dc classes/Hardware.o
                0x0000182a                _Z13hardware_initv
 .text._ZN5UI_BK7UI_initEv
                0x00001a06       0x98 classes/UI/UI_BK.o
                0x00001a06                _ZN5UI_BK7UI_initEv
 .text.startup._GLOBAL__sub_I__ZN5UI_BK2UIE
                0x00001a9e      0x2ea classes/UI/UI_BK.o
 .text.exit._GLOBAL__sub_D__ZN5UI_BK2UIE
                0x00001d88       0xb8 classes/UI/UI_BK.o
 .text._ZN6UI_HLT7UI_initEv
                0x00001e40       0x94 classes/UI/UI_HLT.o
                0x00001e40                _ZN6UI_HLT7UI_initEv
 .text.startup._GLOBAL__sub_I__ZN6UI_HLT2UIE
                0x00001ed4      0x2f6 classes/UI/UI_HLT.o
 .text.exit._GLOBAL__sub_D__ZN6UI_HLT2UIE
                0x000021ca       0xb8 classes/UI/UI_HLT.o
 .text.startup._GLOBAL__sub_I__ZN7UI_MAIN2UIE
                0x00002282      0x3f8 classes/UI/UI_MAIN.o
 .text._ZN7UI_MAIN7UI_initEv
                0x0000267a       0x96 classes/UI/UI_MAIN.o
                0x0000267a                _ZN7UI_MAIN7UI_initEv
 .text.exit._GLOBAL__sub_D__ZN7UI_MAIN2UIE
                0x00002710       0xb8 classes/UI/UI_MAIN.o
 .text._ZN6UI_MLT7UI_initEv
                0x000027c8       0x8e classes/UI/UI_MLT.o
                0x000027c8                _ZN6UI_MLT7UI_initEv
 .text.startup._GLOBAL__sub_I__ZN6UI_MLT2UIE
                0x00002856      0x2f6 classes/UI/UI_MLT.o
 .text.exit._GLOBAL__sub_D__ZN6UI_MLT2UIE
                0x00002b4c       0xb8 classes/UI/UI_MLT.o
 .text._ZN22ClickEncoderWithEventsD2Ev
                0x00002c04        0x2 classes/EZUI/ClickEncoderWithEvents.o
                0x00002c04                _ZN22ClickEncoderWithEventsD1Ev
                0x00002c04                _ZN22ClickEncoderWithEventsD2Ev
 .text._ZN22ClickEncoderWithEvents4ReadEv
                0x00002c06      0x126 classes/EZUI/ClickEncoderWithEvents.o
                0x00002c06                _ZN22ClickEncoderWithEvents4ReadEv
 .text._ZN9EZUI_Menu8setItemsEPK8MenuItemj
                0x00002d2c       0x68 classes/EZUI/EZUI_Menu.o
                0x00002d2c                _ZN9EZUI_Menu8setItemsEPK8MenuItemj
 .text._ZN9EZUI_Menu4initEP4EZUI
                0x00002d94        0x8 classes/EZUI/EZUI_Menu.o
                0x00002d94                _ZN9EZUI_Menu4initEP4EZUI
 .text._ZN9EZUI_Menu7cleanupEP4EZUI
                0x00002d9c        0x2 classes/EZUI/EZUI_Menu.o
                0x00002d9c                _ZN9EZUI_Menu7cleanupEP4EZUI
 .text._ZN9EZUI_Menu8prevItemEv
                0x00002d9e       0x6a classes/EZUI/EZUI_Menu.o
                0x00002d9e                _ZN9EZUI_Menu8prevItemEv
 .text._ZN9EZUI_Menu8nextItemEv
                0x00002e08       0x6e classes/EZUI/EZUI_Menu.o
                0x00002e08                _ZN9EZUI_Menu8nextItemEv
 .text._ZN9EZUI_Menu10selectItemEP4EZUIPK17EZUI_Control_Link
                0x00002e76       0x6a classes/EZUI/EZUI_Menu.o
                0x00002e76                _ZN9EZUI_Menu10selectItemEP4EZUIPK17EZUI_Control_Link
 .text._ZN9EZUI_Menu10selectItemEP4EZUIPK25EZUI_Control_ToggleOption
                0x00002ee0       0x26 classes/EZUI/EZUI_Menu.o
                0x00002ee0                _ZN9EZUI_Menu10selectItemEP4EZUIPK25EZUI_Control_ToggleOption
 .text._ZN9EZUI_Menu10selectItemEP4EZUI
                0x00002f06       0x2c classes/EZUI/EZUI_Menu.o
                0x00002f06                _ZN9EZUI_Menu10selectItemEP4EZUI
 .text._ZN9EZUI_Menu9printItemEiiP17LiquidCrystal_I2CPK17EZUI_Control_Link
                0x00002f32       0x34 classes/EZUI/EZUI_Menu.o
                0x00002f32                _ZN9EZUI_Menu9printItemEiiP17LiquidCrystal_I2CPK17EZUI_Control_Link
 .text._ZN9EZUI_Menu9printItemEiiP17LiquidCrystal_I2CPK25EZUI_Control_ToggleOption
                0x00002f66      0x174 classes/EZUI/EZUI_Menu.o
                0x00002f66                _ZN9EZUI_Menu9printItemEiiP17LiquidCrystal_I2CPK25EZUI_Control_ToggleOption
 .text._ZN9EZUI_Menu9printPageEP4EZUI
                0x000030da       0xf8 classes/EZUI/EZUI_Menu.o
                0x000030da                _ZN9EZUI_Menu9printPageEP4EZUI
 .text._ZN9EZUI_Menu7displayEP4EZUI
                0x000031d2       0xaa classes/EZUI/EZUI_Menu.o
                0x000031d2                _ZN9EZUI_Menu7displayEP4EZUI
 .text._ZN9EZUI_Page8setItemsEPK8PageItemj
                0x0000327c       0x7c classes/EZUI/EZUI_Page.o
                0x0000327c                _ZN9EZUI_Page8setItemsEPK8PageItemj
 .text._ZN9EZUI_Page7displayEP4EZUI
                0x000032f8      0x35a classes/EZUI/EZUI_Page.o
                0x000032f8                _ZN9EZUI_Page7displayEP4EZUI
 .text._ZN9EZUI_Page8prevItemEv
                0x00003652       0x7c classes/EZUI/EZUI_Page.o
                0x00003652                _ZN9EZUI_Page8prevItemEv
 .text._ZN9EZUI_Page8nextItemEv
                0x000036ce       0x80 classes/EZUI/EZUI_Page.o
                0x000036ce                _ZN9EZUI_Page8nextItemEv
 .text._ZN9EZUI_Page4initEP4EZUI
                0x0000374e       0xc0 classes/EZUI/EZUI_Page.o
                0x0000374e                _ZN9EZUI_Page4initEP4EZUI
 .text._ZN9EZUI_Page7cleanupEP4EZUI
                0x0000380e       0x60 classes/EZUI/EZUI_Page.o
                0x0000380e                _ZN9EZUI_Page7cleanupEP4EZUI
 .text._ZN9EZUI_Page10selectItemEP4EZUI
                0x0000386e       0x3a classes/EZUI/EZUI_Page.o
                0x0000386e                _ZN9EZUI_Page10selectItemEP4EZUI
 .text._ZN4EZUI15EncoderDblClickEv
                0x000038a8        0xc classes/EZUI/EZUI.o
                0x000038a8                _ZN4EZUI15EncoderDblClickEv
 .text._ZN4EZUI16EncoderIncrementEv
                0x000038b4       0x30 classes/EZUI/EZUI.o
                0x000038b4                _ZN4EZUI16EncoderIncrementEv
 .text._ZN4EZUI16EncoderDecrementEv
                0x000038e4       0x30 classes/EZUI/EZUI.o
                0x000038e4                _ZN4EZUI16EncoderDecrementEv
 .text._ZN4EZUI12EncoderClickEv
                0x00003914       0x38 classes/EZUI/EZUI.o
                0x00003914                _ZN4EZUI12EncoderClickEv
 .text._ZN4EZUIC2Ev
                0x0000394c       0x14 classes/EZUI/EZUI.o
                0x0000394c                _ZN4EZUIC2Ev
                0x0000394c                _ZN4EZUIC1Ev
 .text._ZN4EZUI14attatchEncoderEP22ClickEncoderWithEvents
                0x00003960       0x68 classes/EZUI/EZUI.o
                0x00003960                _ZN4EZUI14attatchEncoderEP22ClickEncoderWithEvents
 .text._ZN4EZUI10attatchLCDEP17LiquidCrystal_I2C
                0x000039c8        0x8 classes/EZUI/EZUI.o
                0x000039c8                _ZN4EZUI10attatchLCDEP17LiquidCrystal_I2C
 .text._ZN4EZUI7displayEv
                0x000039d0       0xb0 classes/EZUI/EZUI.o
                0x000039d0                _ZN4EZUI7displayEv
 .text._ZN4EZUI7refreshEv
                0x00003a80       0x48 classes/EZUI/EZUI.o
                0x00003a80                _ZN4EZUI7refreshEv
 .text._ZN4EZUI10setDisplayEP9EZUI_Menu
                0x00003ac8       0x3c classes/EZUI/EZUI.o
                0x00003ac8                _ZN4EZUI10setDisplayEP9EZUI_Menu
 .text._ZN4EZUI10setDisplayEP9EZUI_Page
                0x00003b04       0x3a classes/EZUI/EZUI.o
                0x00003b04                _ZN4EZUI10setDisplayEP9EZUI_Page
 .text._ZN16WheatstoneBridge9CalculateEff
                0x00003b3e      0x210 classes/Executive.o
                0x00003b3e                _ZN16WheatstoneBridge9CalculateEff
 .text._ZN9Executive11exec_frame1Ev
                0x00003d4e      0x3da classes/Executive.o
                0x00003d4e                _ZN9Executive11exec_frame1Ev
 .text._ZN9Executive11exec_frame2Ev
                0x00004128       0xee classes/Executive.o
                0x00004128                _ZN9Executive11exec_frame2Ev
 .text._ZN9Executive11exec_frame3Ev
                0x00004216       0x28 classes/Executive.o
                0x00004216                _ZN9Executive11exec_frame3Ev
 .text._ZN9Executive11exec_frame4Ev
                0x0000423e       0x3c classes/Executive.o
                0x0000423e                _ZN9Executive11exec_frame4Ev
 .text._ZN9Executive3runEv
                0x0000427a      0x176 classes/Executive.o
                0x0000427a                _ZN9Executive3runEv
 .text.startup._GLOBAL__sub_I_Shared_Lbl_HLT
                0x000043f0       0x9c classes/UI/UI_Shared.o
 .text.exit._GLOBAL__sub_D_Shared_Lbl_HLT
                0x0000448c       0x68 classes/UI/UI_Shared.o
 .text._ZN5Print5writeEPKc
                0x000044f4       0x2a include/AdvancedSerial/AdvancedSerial.o
                0x000044f4                _ZN5Print5writeEPKc
 .text._ZN12ClickEncoderC2Eaaahb
                0x0000451e       0xaa include/ClickEncoder/ClickEncoder.o
                0x0000451e                _ZN12ClickEncoderC1Eaaahb
                0x0000451e                _ZN12ClickEncoderC2Eaaahb
 .text._ZN12ClickEncoder7serviceEv
                0x000045c8      0x184 include/ClickEncoder/ClickEncoder.o
                0x000045c8                _ZN12ClickEncoder7serviceEv
 .text._ZN12ClickEncoder8getValueEv
                0x0000474c       0x70 include/ClickEncoder/ClickEncoder.o
                0x0000474c                _ZN12ClickEncoder8getValueEv
 .text._ZN12ClickEncoder9getButtonEv
                0x000047bc       0x10 include/ClickEncoder/ClickEncoder.o
                0x000047bc                _ZN12ClickEncoder9getButtonEv
 .text._ZN5I2CIOC2Ev
                0x000047cc        0xe include/LiquidCrystal/I2CIO.o
                0x000047cc                _ZN5I2CIOC2Ev
                0x000047cc                _ZN5I2CIOC1Ev
 .text._ZN5I2CIO8portModeEh
                0x000047da       0x16 include/LiquidCrystal/I2CIO.o
                0x000047da                _ZN5I2CIO8portModeEh
 .text._ZN5I2CIO5beginEh
                0x000047f0       0x34 include/LiquidCrystal/I2CIO.o
                0x000047f0                _ZN5I2CIO5beginEh
 .text._ZN5I2CIO5writeEh
                0x00004824       0x48 include/LiquidCrystal/I2CIO.o
                0x00004824                _ZN5I2CIO5writeEh
 .text._ZN3LCD15setBacklightPinEh13t_backlighPol
                0x0000486c        0x2 include/LiquidCrystal/LCD.o
                0x0000486c                _ZN3LCD15setBacklightPinEh13t_backlighPol
 .text._ZN3LCD12setBacklightEh
                0x0000486e        0x2 include/LiquidCrystal/LCD.o
                0x0000486e                _ZN3LCD12setBacklightEh
 .text._ZN3LCD5writeEh
                0x00004870       0x16 include/LiquidCrystal/LCD.o
                0x00004870                _ZN3LCD5writeEh
 .text._ZN3LCDC2Ev
                0x00004886       0x10 include/LiquidCrystal/LCD.o
                0x00004886                _ZN3LCDC1Ev
                0x00004886                _ZN3LCDC2Ev
 .text._ZN3LCD9backlightEv
                0x00004896       0x10 include/LiquidCrystal/LCD.o
                0x00004896                _ZN3LCD9backlightEv
 .text._ZN3LCD7commandEh
                0x000048a6       0x10 include/LiquidCrystal/LCD.o
                0x000048a6                _ZN3LCD7commandEh
 .text._ZN3LCD5clearEv
                0x000048b6        0xc include/LiquidCrystal/LCD.o
                0x000048b6                _ZN3LCD5clearEv
 .text._ZN3LCD9setCursorEhh
                0x000048c2       0x6e include/LiquidCrystal/LCD.o
                0x000048c2                _ZN3LCD9setCursorEhh
 .text._ZN3LCD7displayEv
                0x00004930        0xe include/LiquidCrystal/LCD.o
                0x00004930                _ZN3LCD7displayEv
 .text._ZN3LCD5beginEhhh
                0x0000493e       0xe2 include/LiquidCrystal/LCD.o
                0x0000493e                _ZN3LCD5beginEhhh
 .text._ZN17LiquidCrystal_I2C15setBacklightPinEh13t_backlighPol
                0x00004a20       0x26 include/LiquidCrystal/LiquidCrystal_I2C.o
                0x00004a20                _ZN17LiquidCrystal_I2C15setBacklightPinEh13t_backlighPol
 .text._ZN17LiquidCrystal_I2C12setBacklightEh
                0x00004a46       0x2c include/LiquidCrystal/LiquidCrystal_I2C.o
                0x00004a46                _ZN17LiquidCrystal_I2C12setBacklightEh
 .text._ZN17LiquidCrystal_I2C4initEv
                0x00004a72       0x3e include/LiquidCrystal/LiquidCrystal_I2C.o
                0x00004a72                _ZN17LiquidCrystal_I2C4initEv
 .text._ZN17LiquidCrystal_I2C6configEhhhhhhhh
                0x00004ab0       0x80 include/LiquidCrystal/LiquidCrystal_I2C.o
                0x00004ab0                _ZN17LiquidCrystal_I2C6configEhhhhhhhh
 .text._ZN17LiquidCrystal_I2CC2Ehhhhhhhh
                0x00004b30       0x56 include/LiquidCrystal/LiquidCrystal_I2C.o
                0x00004b30                _ZN17LiquidCrystal_I2CC2Ehhhhhhhh
                0x00004b30                _ZN17LiquidCrystal_I2CC1Ehhhhhhhh
 .text._ZN17LiquidCrystal_I2C11pulseEnableEh
                0x00004b86       0x32 include/LiquidCrystal/LiquidCrystal_I2C.o
                0x00004b86                _ZN17LiquidCrystal_I2C11pulseEnableEh
 .text._ZN17LiquidCrystal_I2C10write4bitsEhh
                0x00004bb8       0x2e include/LiquidCrystal/LiquidCrystal_I2C.o
                0x00004bb8                _ZN17LiquidCrystal_I2C10write4bitsEhh
 .text._ZN17LiquidCrystal_I2C4sendEhh
                0x00004be6       0x3e include/LiquidCrystal/LiquidCrystal_I2C.o
                0x00004be6                _ZN17LiquidCrystal_I2C4sendEhh
 .text._ZN17LiquidCrystal_I2C5beginEhhh
                0x00004c24       0x30 include/LiquidCrystal/LiquidCrystal_I2C.o
                0x00004c24                _ZN17LiquidCrystal_I2C5beginEhhh
 .text._Z12freeListSizev
                0x00004c54       0x24 include/MemoryFree/MemoryFree.o
                0x00004c54                _Z12freeListSizev
 .text.freeMemory
                0x00004c78       0x50 include/MemoryFree/MemoryFree.o
                0x00004c78                freeMemory
 .text.__vector_20
                0x00004cc8       0x56 include/TimerOne/TimerOne.o
                0x00004cc8                __vector_20
 .text.twi_init
                0x00004d1e       0x3c include/Wire/twi.o
                0x00004d1e                twi_init
 .text.twi_readFrom
                0x00004d5a       0x88 include/Wire/twi.o
                0x00004d5a                twi_readFrom
 .text.twi_writeTo
                0x00004de2       0xa4 include/Wire/twi.o
                0x00004de2                twi_writeTo
 .text.twi_transmit
                0x00004e86       0x32 include/Wire/twi.o
                0x00004e86                twi_transmit
 .text.twi_stop
                0x00004eb8       0x14 include/Wire/twi.o
                0x00004eb8                twi_stop
 .text.twi_releaseBus
                0x00004ecc        0xc include/Wire/twi.o
                0x00004ecc                twi_releaseBus
 .text.__vector_39
                0x00004ed8      0x25c include/Wire/twi.o
                0x00004ed8                __vector_39
 .text._ZN7TwoWire9availableEv
                0x00005134       0x10 include/Wire/Wire.o
                0x00005134                _ZN7TwoWire9availableEv
 .text._ZN7TwoWire4readEv
                0x00005144       0x28 include/Wire/Wire.o
                0x00005144                _ZN7TwoWire4readEv
 .text._ZN7TwoWire4peekEv
                0x0000516c       0x1e include/Wire/Wire.o
                0x0000516c                _ZN7TwoWire4peekEv
 .text._ZN7TwoWire5flushEv
                0x0000518a        0x2 include/Wire/Wire.o
                0x0000518a                _ZN7TwoWire5flushEv
 .text._ZN7TwoWire5writeEPKhj
                0x0000518c       0x5e include/Wire/Wire.o
                0x0000518c                _ZN7TwoWire5writeEPKhj
 .text._ZN7TwoWire5writeEh
                0x000051ea       0x5c include/Wire/Wire.o
                0x000051ea                _ZN7TwoWire5writeEh
 .text._ZN7TwoWireC2Ev
                0x00005246       0x20 include/Wire/Wire.o
                0x00005246                _ZN7TwoWireC1Ev
                0x00005246                _ZN7TwoWireC2Ev
 .text._ZN7TwoWire5beginEv
                0x00005266       0x12 include/Wire/Wire.o
                0x00005266                _ZN7TwoWire5beginEv
 .text._ZN7TwoWire11requestFromEhhh
                0x00005278       0x18 include/Wire/Wire.o
                0x00005278                _ZN7TwoWire11requestFromEhhh
 .text._ZN7TwoWire11requestFromEhh
                0x00005290        0x4 include/Wire/Wire.o
                0x00005290                _ZN7TwoWire11requestFromEhh
 .text._ZN7TwoWire17beginTransmissionEh
                0x00005294       0x14 include/Wire/Wire.o
                0x00005294                _ZN7TwoWire17beginTransmissionEh
 .text._ZN7TwoWire15endTransmissionEh
                0x000052a8       0x24 include/Wire/Wire.o
                0x000052a8                _ZN7TwoWire15endTransmissionEh
 .text._ZN7TwoWire15endTransmissionEv
                0x000052cc        0x4 include/Wire/Wire.o
                0x000052cc                _ZN7TwoWire15endTransmissionEv
 .text.startup._GLOBAL__sub_I__ZN7TwoWire8rxBufferE
                0x000052d0        0x6 include/Wire/Wire.o
 .text.startup._GLOBAL__sub_I_BootScreenTime
                0x000052d6       0x1e Main.o
 .text.setup    0x000052f4      0x150 Main.o
                0x000052f4                setup
 .text.loop     0x00005444       0xaa Main.o
                0x00005444                loop
 .text.__cxa_pure_virtual
                0x000054ee        0x4 src/abi.o
                0x000054ee                __cxa_pure_virtual
 .text._ZN14HardwareSerial9availableEv
                0x000054f2       0x18 src/HardwareSerial.o
                0x000054f2                _ZN14HardwareSerial9availableEv
 .text._ZN14HardwareSerial4peekEv
                0x0000550a       0x1c src/HardwareSerial.o
                0x0000550a                _ZN14HardwareSerial4peekEv
 .text._ZN14HardwareSerial4readEv
                0x00005526       0x28 src/HardwareSerial.o
                0x00005526                _ZN14HardwareSerial4readEv
 .text._Z14serialEventRunv
                0x0000554e       0x72 src/HardwareSerial.o
                0x0000554e                _Z14serialEventRunv
 .text._ZN14HardwareSerial17_tx_udr_empty_irqEv
                0x000055c0       0x42 src/HardwareSerial.o
                0x000055c0                _ZN14HardwareSerial17_tx_udr_empty_irqEv
 .text._ZN14HardwareSerial5flushEv
                0x00005602       0x42 src/HardwareSerial.o
                0x00005602                _ZN14HardwareSerial5flushEv
 .text._ZN14HardwareSerial5writeEh
                0x00005644       0x8c src/HardwareSerial.o
                0x00005644                _ZN14HardwareSerial5writeEh
 .text._ZN14HardwareSerial5beginEmh
                0x000056d0       0xca src/HardwareSerial.o
                0x000056d0                _ZN14HardwareSerial5beginEmh
 .text.__vector_25
                0x0000579a       0x6c src/HardwareSerial0.o
                0x0000579a                __vector_25
 .text.__vector_26
                0x00005806       0x52 src/HardwareSerial0.o
                0x00005806                __vector_26
 .text._Z17Serial0_availablev
                0x00005858       0x12 src/HardwareSerial0.o
                0x00005858                _Z17Serial0_availablev
 .text.startup._GLOBAL__sub_I___vector_25
                0x0000586a       0x5a src/HardwareSerial0.o
 .text.__vector_36
                0x000058c4       0x6c src/HardwareSerial1.o
                0x000058c4                __vector_36
 .text.__vector_37
                0x00005930       0x52 src/HardwareSerial1.o
                0x00005930                __vector_37
 .text._Z17Serial1_availablev
                0x00005982       0x12 src/HardwareSerial1.o
                0x00005982                _Z17Serial1_availablev
 .text.startup._GLOBAL__sub_I___vector_36
                0x00005994       0x5a src/HardwareSerial1.o
 .text.__vector_51
                0x000059ee       0x6c src/HardwareSerial2.o
                0x000059ee                __vector_51
 .text.__vector_52
                0x00005a5a       0x52 src/HardwareSerial2.o
                0x00005a5a                __vector_52
 .text._Z17Serial2_availablev
                0x00005aac       0x12 src/HardwareSerial2.o
                0x00005aac                _Z17Serial2_availablev
 .text.startup._GLOBAL__sub_I___vector_51
                0x00005abe       0x5a src/HardwareSerial2.o
 .text.__vector_54
                0x00005b18       0x6c src/HardwareSerial3.o
                0x00005b18                __vector_54
 .text.__vector_55
                0x00005b84       0x52 src/HardwareSerial3.o
                0x00005b84                __vector_55
 .text._Z17Serial3_availablev
                0x00005bd6       0x12 src/HardwareSerial3.o
                0x00005bd6                _Z17Serial3_availablev
 .text.startup._GLOBAL__sub_I___vector_54
                0x00005be8       0x5a src/HardwareSerial3.o
 .text.__empty  0x00005c42        0x2 src/hooks.o
                0x00005c42                yield
 .text._ZNK9IPAddress7printToER5Print
                0x00005c44       0x7e src/IPAddress.o
                0x00005c44                _ZNK9IPAddress7printToER5Print
 .text.startup._GLOBAL__sub_I__ZN9IPAddressC2Ev
                0x00005cc2       0x16 src/IPAddress.o
 .text.initVariant
                0x00005cd8        0x2 src/main.o
                0x00005cd8                initVariant
 .text.startup.main
                0x00005cda       0x14 src/main.o
                0x00005cda                main
 .text._Znwj    0x00005cee        0x4 src/new.o
                0x00005cee                _Znwj
 .text._Znaj    0x00005cf2        0x4 src/new.o
                0x00005cf2                _Znaj
 .text._ZdlPv   0x00005cf6        0x4 src/new.o
                0x00005cf6                _ZdlPv
 .text._ZdaPv   0x00005cfa        0x4 src/new.o
                0x00005cfa                _ZdaPv
 .text._ZN5Print5writeEPKhj
                0x00005cfe       0x50 src/Print.o
                0x00005cfe                _ZN5Print5writeEPKhj
 .text._ZN5Print5printEPK19__FlashStringHelper
                0x00005d4e       0x46 src/Print.o
                0x00005d4e                _ZN5Print5printEPK19__FlashStringHelper
 .text._ZN5Print5printERK6String
                0x00005d94       0x1c src/Print.o
                0x00005d94                _ZN5Print5printERK6String
 .text._ZN5Print5printEPKc
                0x00005db0        0x4 src/Print.o
                0x00005db0                _ZN5Print5printEPKc
 .text._ZN5Print5printEc
                0x00005db4        0xe src/Print.o
                0x00005db4                _ZN5Print5printEc
 .text._ZN5Print7printlnEv
                0x00005dc2        0x8 src/Print.o
                0x00005dc2                _ZN5Print7printlnEv
 .text._ZN5Print7printlnEPK19__FlashStringHelper
                0x00005dca       0x20 src/Print.o
                0x00005dca                _ZN5Print7printlnEPK19__FlashStringHelper
 .text._ZN5Print7printlnEPKc
                0x00005dea       0x22 src/Print.o
                0x00005dea                _ZN5Print7printlnEPKc
 .text._ZN5Print11printNumberEmh
                0x00005e0c       0xac src/Print.o
                0x00005e0c                _ZN5Print11printNumberEmh
 .text._ZN5Print5printEli
                0x00005eb8       0x8e src/Print.o
                0x00005eb8                _ZN5Print5printEli
 .text._ZN5Print5printEii
                0x00005f46        0xc src/Print.o
                0x00005f46                _ZN5Print5printEii
 .text._ZN5Print7printlnEii
                0x00005f52       0x2a src/Print.o
                0x00005f52                _ZN5Print7printlnEii
 .text._ZN5Print5printEmi
                0x00005f7c       0x18 src/Print.o
                0x00005f7c                _ZN5Print5printEmi
 .text._ZN5Print5printEhi
                0x00005f94        0xc src/Print.o
                0x00005f94                _ZN5Print5printEhi
 .text._ZN5Print10printFloatEdh
                0x00005fa0      0x1ae src/Print.o
                0x00005fa0                _ZN5Print10printFloatEdh
 .text._ZN5Print5printEdi
                0x0000614e        0x2 src/Print.o
                0x0000614e                _ZN5Print5printEdi
 .text._ZN5Print7printlnEdi
                0x00006150       0x20 src/Print.o
                0x00006150                _ZN5Print7printlnEdi
 .text._Z12disableTimerh
                0x00006170       0x74 src/Tone.o
                0x00006170                _Z12disableTimerh
 .text._Z6noToneh
                0x000061e4       0x28 src/Tone.o
                0x000061e4                _Z6noToneh
 .text.__vector_13
                0x0000620c       0xbe src/Tone.o
                0x0000620c                __vector_13
 .text.__vector_1
                0x000062ca       0x62 src/WInterrupts.o
                0x000062ca                __vector_1
 .text.__vector_2
                0x0000632c       0x62 src/WInterrupts.o
                0x0000632c                __vector_2
 .text.__vector_3
                0x0000638e       0x62 src/WInterrupts.o
                0x0000638e                __vector_3
 .text.__vector_4
                0x000063f0       0x62 src/WInterrupts.o
                0x000063f0                __vector_4
 .text.__vector_5
                0x00006452       0x62 src/WInterrupts.o
                0x00006452                __vector_5
 .text.__vector_6
                0x000064b4       0x62 src/WInterrupts.o
                0x000064b4                __vector_6
 .text.__vector_7
                0x00006516       0x62 src/WInterrupts.o
                0x00006516                __vector_7
 .text.__vector_8
                0x00006578       0x62 src/WInterrupts.o
                0x00006578                __vector_8
 .text.__vector_23
                0x000065da       0x94 src/wiring.o
                0x000065da                __vector_23
 .text.millis   0x0000666e       0x18 src/wiring.o
                0x0000666e                millis
 .text.micros   0x00006686       0x4a src/wiring.o
                0x00006686                micros
 .text.delay    0x000066d0       0x4a src/wiring.o
                0x000066d0                delay
 .text.delayMicroseconds
                0x0000671a       0x16 src/wiring.o
                0x0000671a                delayMicroseconds
 .text.init     0x00006730       0xc4 src/wiring.o
                0x00006730                init
 .text.analogReference
                0x000067f4        0x6 src/wiring_analog.o
                0x000067f4                analogReference
 .text.analogRead
                0x000067fa       0x4a src/wiring_analog.o
                0x000067fa                analogRead
 .text.turnOffPWM
                0x00006844       0xaa src/wiring_digital.o
 .text.pinMode  0x000068ee       0x78 src/wiring_digital.o
                0x000068ee                pinMode
 .text.digitalWrite
                0x00006966       0x5e src/wiring_digital.o
                0x00006966                digitalWrite
 .text.digitalRead
                0x000069c4       0x50 src/wiring_digital.o
                0x000069c4                digitalRead
 .text._ZN6StringD2Ev
                0x00006a14        0x8 src/WString.o
                0x00006a14                _ZN6StringD2Ev
                0x00006a14                _ZN6StringD1Ev
 .text._ZN6String10invalidateEv
                0x00006a1c       0x22 src/WString.o
                0x00006a1c                _ZN6String10invalidateEv
 .text._ZN6String12changeBufferEj
                0x00006a3e       0x32 src/WString.o
                0x00006a3e                _ZN6String12changeBufferEj
 .text._ZN6String7reserveEj
                0x00006a70       0x36 src/WString.o
                0x00006a70                _ZN6String7reserveEj
 .text._ZN6String4copyEPKcj
                0x00006aa6       0x3c src/WString.o
                0x00006aa6                _ZN6String4copyEPKcj
 .text._ZN6StringC2EPKc
                0x00006ae2       0x28 src/WString.o
                0x00006ae2                _ZN6StringC2EPKc
                0x00006ae2                _ZN6StringC1EPKc
 .text._ZN6StringaSERKS_
                0x00006b0a       0x2a src/WString.o
                0x00006b0a                _ZN6StringaSERKS_
 .text._ZN6StringC2ERKS_
                0x00006b34       0x10 src/WString.o
                0x00006b34                _ZN6StringC2ERKS_
                0x00006b34                _ZN6StringC1ERKS_
 .text._ZN6StringaSEPKc
                0x00006b44       0x2a src/WString.o
                0x00006b44                _ZN6StringaSEPKc
 .text._ZN6StringC2Eih
                0x00006b6e       0x54 src/WString.o
                0x00006b6e                _ZN6StringC2Eih
                0x00006b6e                _ZN6StringC1Eih
 .text._ZN6StringC2Ejh
                0x00006bc2       0x54 src/WString.o
                0x00006bc2                _ZN6StringC1Ejh
                0x00006bc2                _ZN6StringC2Ejh
 .text._ZN6StringC2Elh
                0x00006c16       0x56 src/WString.o
                0x00006c16                _ZN6StringC2Elh
                0x00006c16                _ZN6StringC1Elh
 .text._ZN6StringC2Emh
                0x00006c6c       0x56 src/WString.o
                0x00006c6c                _ZN6StringC1Emh
                0x00006c6c                _ZN6StringC2Emh
 .text._ZN6StringC2Efh
                0x00006cc2       0x5c src/WString.o
                0x00006cc2                _ZN6StringC2Efh
                0x00006cc2                _ZN6StringC1Efh
 .text._ZN6StringC2Edh
                0x00006d1e       0x5c src/WString.o
                0x00006d1e                _ZN6StringC1Edh
                0x00006d1e                _ZN6StringC2Edh
 .text._ZNK6String9compareToERKS_
                0x00006d7a       0x5e src/WString.o
                0x00006d7a                _ZNK6String9compareToERKS_
 .text._ZNK6String6equalsERKS_
                0x00006dd8       0x20 src/WString.o
                0x00006dd8                _ZNK6String6equalsERKS_
 .text._ZNK6String9substringEjj
                0x00006df8       0x88 src/WString.o
                0x00006df8                _ZNK6String9substringEjj
 .text.avr-libc.fplib
                0x00006e80        0xa c:/program files (x86)/atmel/studio/7.0/toolchain/avr8/avr8-gnu-toolchain/bin/../lib/gcc/avr/4.9.2/../../../../avr/lib/avr6\libm.a(addsf3.o)
                0x00006e80                __subsf3
                0x00006e82                __addsf3
 .text.avr-libc.fplib
                0x00006e8a       0xc0 c:/program files (x86)/atmel/studio/7.0/toolchain/avr8/avr8-gnu-toolchain/bin/../lib/gcc/avr/4.9.2/../../../../avr/lib/avr6\libm.a(addsf3x.o)
                0x00006ea4                __addsf3x
 .text.avr-libc.fplib
                0x00006f4a        0x8 c:/program files (x86)/atmel/studio/7.0/toolchain/avr8/avr8-gnu-toolchain/bin/../lib/gcc/avr/4.9.2/../../../../avr/lib/avr6\libm.a(cmpsf2.o)
                0x00006f4a                __nesf2
                0x00006f4a                __eqsf2
                0x00006f4a                __cmpsf2
                0x00006f4a                __ltsf2
                0x00006f4a                __lesf2
 .text.avr-libc.fplib
                0x00006f52        0x4 c:/program files (x86)/atmel/studio/7.0/toolchain/avr8/avr8-gnu-toolchain/bin/../lib/gcc/avr/4.9.2/../../../../avr/lib/avr6\libm.a(divsf3.o)
                0x00006f52                __divsf3
 .text.avr-libc.fplib
                0x00006f56       0xcc c:/program files (x86)/atmel/studio/7.0/toolchain/avr8/avr8-gnu-toolchain/bin/../lib/gcc/avr/4.9.2/../../../../avr/lib/avr6\libm.a(divsf3x.o)
                0x00006f6c                __divsf3x
                0x00006f70                __divsf3_pse
 .text.avr-libc.fplib
                0x00007022        0xa c:/program files (x86)/atmel/studio/7.0/toolchain/avr8/avr8-gnu-toolchain/bin/../lib/gcc/avr/4.9.2/../../../../avr/lib/avr6\libm.a(fixsfsi.o)
                0x00007022                __fixsfsi
 .text.avr-libc.fplib
                0x0000702c       0x58 c:/program files (x86)/atmel/studio/7.0/toolchain/avr8/avr8-gnu-toolchain/bin/../lib/gcc/avr/4.9.2/../../../../avr/lib/avr6\libm.a(fixunssfsi.o)
                0x0000702c                __fixunssfsi
 .text.avr-libc.fplib
                0x00007084       0x7a c:/program files (x86)/atmel/studio/7.0/toolchain/avr8/avr8-gnu-toolchain/bin/../lib/gcc/avr/4.9.2/../../../../avr/lib/avr6\libm.a(floatsisf.o)
                0x00007084                __floatunsisf
                0x00007088                __floatsisf
 .text.avr-libc.fplib
                0x000070fe       0x48 c:/program files (x86)/atmel/studio/7.0/toolchain/avr8/avr8-gnu-toolchain/bin/../lib/gcc/avr/4.9.2/../../../../avr/lib/avr6\libm.a(fp_cmp.o)
                0x000070fe                __fp_cmp
 .text.avr-libc.fplib
                0x00007146        0xc c:/program files (x86)/atmel/studio/7.0/toolchain/avr8/avr8-gnu-toolchain/bin/../lib/gcc/avr/4.9.2/../../../../avr/lib/avr6\libm.a(fp_inf.o)
                0x00007146                __fp_inf
 .text.avr-libc.fplib
                0x00007152        0x6 c:/program files (x86)/atmel/studio/7.0/toolchain/avr8/avr8-gnu-toolchain/bin/../lib/gcc/avr/4.9.2/../../../../avr/lib/avr6\libm.a(fp_nan.o)
                0x00007152                __fp_nan
 .text.avr-libc.fplib
                0x00007158        0xe c:/program files (x86)/atmel/studio/7.0/toolchain/avr8/avr8-gnu-toolchain/bin/../lib/gcc/avr/4.9.2/../../../../avr/lib/avr6\libm.a(fp_pscA.o)
                0x00007158                __fp_pscA
 .text.avr-libc.fplib
                0x00007166        0xe c:/program files (x86)/atmel/studio/7.0/toolchain/avr8/avr8-gnu-toolchain/bin/../lib/gcc/avr/4.9.2/../../../../avr/lib/avr6\libm.a(fp_pscB.o)
                0x00007166                __fp_pscB
 .text.avr-libc.fplib
                0x00007174       0x22 c:/program files (x86)/atmel/studio/7.0/toolchain/avr8/avr8-gnu-toolchain/bin/../lib/gcc/avr/4.9.2/../../../../avr/lib/avr6\libm.a(fp_round.o)
                0x00007174                __fp_round
 .text.avr-libc.fplib
                0x00007196       0x44 c:/program files (x86)/atmel/studio/7.0/toolchain/avr8/avr8-gnu-toolchain/bin/../lib/gcc/avr/4.9.2/../../../../avr/lib/avr6\libm.a(fp_split3.o)
                0x00007196                __fp_split3
                0x000071a6                __fp_splitA
 .text.avr-libc.fplib
                0x000071da        0xe c:/program files (x86)/atmel/studio/7.0/toolchain/avr8/avr8-gnu-toolchain/bin/../lib/gcc/avr/4.9.2/../../../../avr/lib/avr6\libm.a(fp_zero.o)
                0x000071da                __fp_zero
                0x000071dc                __fp_szero
 .text.avr-libc.fplib
                0x000071e8        0x8 c:/program files (x86)/atmel/studio/7.0/toolchain/avr8/avr8-gnu-toolchain/bin/../lib/gcc/avr/4.9.2/../../../../avr/lib/avr6\libm.a(gesf2.o)
                0x000071e8                __gesf2
                0x000071e8                __gtsf2
 .text.avr-libc.fplib
                0x000071f0        0x4 c:/program files (x86)/atmel/studio/7.0/toolchain/avr8/avr8-gnu-toolchain/bin/../lib/gcc/avr/4.9.2/../../../../avr/lib/avr6\libm.a(mulsf3.o)
                0x000071f0                __mulsf3
 .text.avr-libc.fplib
                0x000071f4       0xc2 c:/program files (x86)/atmel/studio/7.0/toolchain/avr8/avr8-gnu-toolchain/bin/../lib/gcc/avr/4.9.2/../../../../avr/lib/avr6\libm.a(mulsf3x.o)
                0x00007208                __mulsf3x
                0x0000720c                __mulsf3_pse
 .text.avr-libc.fplib
                0x000072b6        0x8 c:/program files (x86)/atmel/studio/7.0/toolchain/avr8/avr8-gnu-toolchain/bin/../lib/gcc/avr/4.9.2/../../../../avr/lib/avr6\libm.a(unordsf2.o)
                0x000072b6                __unordsf2
 .text.libgcc.div
                0x000072be       0x26 c:/program files (x86)/atmel/studio/7.0/toolchain/avr8/avr8-gnu-toolchain/bin/../lib/gcc/avr/4.9.2/avr6\libgcc.a(_divmodhi4.o)
                0x000072be                _div
                0x000072be                __divmodhi4
 .text.libgcc.div
                0x000072e4       0x44 c:/program files (x86)/atmel/studio/7.0/toolchain/avr8/avr8-gnu-toolchain/bin/../lib/gcc/avr/4.9.2/avr6\libgcc.a(_udivmodsi4.o)
                0x000072e4                __udivmodsi4
 .text.libgcc   0x00007328       0x10 c:/program files (x86)/atmel/studio/7.0/toolchain/avr8/avr8-gnu-toolchain/bin/../lib/gcc/avr/4.9.2/avr6\libgcc.a(_tablejump2.o)
                0x00007328                __tablejump2__
 .text.libgcc.div
                0x00007338       0x28 c:/program files (x86)/atmel/studio/7.0/toolchain/avr8/avr8-gnu-toolchain/bin/../lib/gcc/avr/4.9.2/avr6\libgcc.a(_udivmodhi4.o)
                0x00007338                __udivmodhi4
 .text.avr-libc
                0x00007360       0x3e c:/program files (x86)/atmel/studio/7.0/toolchain/avr8/avr8-gnu-toolchain/bin/../lib/gcc/avr/4.9.2/../../../../avr/lib/avr6\libc.a(dtostrf.o)
                0x00007360                dtostrf
 .text.avr-libc
                0x0000739e      0x25a c:/program files (x86)/atmel/studio/7.0/toolchain/avr8/avr8-gnu-toolchain/bin/../lib/gcc/avr/4.9.2/../../../../avr/lib/avr6\libc.a(malloc.o)
                0x0000739e                malloc
                0x000074c8                free
 .text.avr-libc
                0x000075f8      0x1c8 c:/program files (x86)/atmel/studio/7.0/toolchain/avr8/avr8-gnu-toolchain/bin/../lib/gcc/avr/4.9.2/../../../../avr/lib/avr6\libc.a(realloc.o)
                0x000075f8                realloc
 .text.avr-libc
                0x000077c0        0x8 c:/program files (x86)/atmel/studio/7.0/toolchain/avr8/avr8-gnu-toolchain/bin/../lib/gcc/avr/4.9.2/../../../../avr/lib/avr6\libc.a(abort.o)
                0x000077c0                abort
 .text.avr-libc
                0x000077c8       0x12 c:/program files (x86)/atmel/studio/7.0/toolchain/avr8/avr8-gnu-toolchain/bin/../lib/gcc/avr/4.9.2/../../../../avr/lib/avr6\libc.a(memcpy.o)
                0x000077c8                memcpy
 .text.avr-libc
                0x000077da       0x12 c:/program files (x86)/atmel/studio/7.0/toolchain/avr8/avr8-gnu-toolchain/bin/../lib/gcc/avr/4.9.2/../../../../avr/lib/avr6\libc.a(strcmp.o)
                0x000077da                strcmp
 .text.avr-libc
                0x000077ec        0xe c:/program files (x86)/atmel/studio/7.0/toolchain/avr8/avr8-gnu-toolchain/bin/../lib/gcc/avr/4.9.2/../../../../avr/lib/avr6\libc.a(strcpy.o)
                0x000077ec                strcpy
 .text.avr-libc
                0x000077fa       0x14 c:/program files (x86)/atmel/studio/7.0/toolchain/avr8/avr8-gnu-toolchain/bin/../lib/gcc/avr/4.9.2/../../../../avr/lib/avr6\libc.a(itoa.o)
                0x000077fa                __itoa
                0x000077fa                itoa
 .text.avr-libc
                0x0000780e       0x14 c:/program files (x86)/atmel/studio/7.0/toolchain/avr8/avr8-gnu-toolchain/bin/../lib/gcc/avr/4.9.2/../../../../avr/lib/avr6\libc.a(itoa_ncheck.o)
                0x0000780e                __itoa_ncheck
 .text.avr-libc
                0x00007822       0x14 c:/program files (x86)/atmel/studio/7.0/toolchain/avr8/avr8-gnu-toolchain/bin/../lib/gcc/avr/4.9.2/../../../../avr/lib/avr6\libc.a(ltoa.o)
                0x00007822                ltoa
                0x00007822                __ltoa
 .text.avr-libc
                0x00007836       0x1c c:/program files (x86)/atmel/studio/7.0/toolchain/avr8/avr8-gnu-toolchain/bin/../lib/gcc/avr/4.9.2/../../../../avr/lib/avr6\libc.a(ltoa_ncheck.o)
                0x00007836                __ltoa_ncheck
 .text.avr-libc
                0x00007852       0x14 c:/program files (x86)/atmel/studio/7.0/toolchain/avr8/avr8-gnu-toolchain/bin/../lib/gcc/avr/4.9.2/../../../../avr/lib/avr6\libc.a(ultoa.o)
                0x00007852                ultoa
                0x00007852                __ultoa
 .text.avr-libc
                0x00007866       0x42 c:/program files (x86)/atmel/studio/7.0/toolchain/avr8/avr8-gnu-toolchain/bin/../lib/gcc/avr/4.9.2/../../../../avr/lib/avr6\libc.a(ultoa_ncheck.o)
                0x00007866                __ultoa_ncheck
                0x00007868                __ultoa_common
 .text.avr-libc
                0x000078a8       0x14 c:/program files (x86)/atmel/studio/7.0/toolchain/avr8/avr8-gnu-toolchain/bin/../lib/gcc/avr/4.9.2/../../../../avr/lib/avr6\libc.a(utoa.o)
                0x000078a8                __utoa
                0x000078a8                utoa
 .text.avr-libc
                0x000078bc       0x32 c:/program files (x86)/atmel/studio/7.0/toolchain/avr8/avr8-gnu-toolchain/bin/../lib/gcc/avr/4.9.2/../../../../avr/lib/avr6\libc.a(utoa_ncheck.o)
                0x000078bc                __utoa_ncheck
                0x000078be                __utoa_common
 .text.avr-libc
                0x000078ee      0x31a c:/program files (x86)/atmel/studio/7.0/toolchain/avr8/avr8-gnu-toolchain/bin/../lib/gcc/avr/4.9.2/../../../../avr/lib/avr6\libc.a(dtoa_prf.o)
                0x000078ee                dtoa_prf
 .text.avr-libc
                0x00007c08      0x1b0 c:/program files (x86)/atmel/studio/7.0/toolchain/avr8/avr8-gnu-toolchain/bin/../lib/gcc/avr/4.9.2/../../../../avr/lib/avr6\libc.a(ftoa_engine.o)
                0x00007c08                __ftoa_engine
 .text.avr-libc
                0x00007db8       0x20 c:/program files (x86)/atmel/studio/7.0/toolchain/avr8/avr8-gnu-toolchain/bin/../lib/gcc/avr/4.9.2/../../../../avr/lib/avr6\libc.a(strrev.o)
                0x00007db8                strrev
                0x00007dd8                . = ALIGN (0x2)
 *(.fini9)
 .fini9         0x00007dd8        0x0 c:/program files (x86)/atmel/studio/7.0/toolchain/avr8/avr8-gnu-toolchain/bin/../lib/gcc/avr/4.9.2/avr6\libgcc.a(_exit.o)
                0x00007dd8                _exit
                0x00007dd8                exit
 *(.fini9)
 *(.fini8)
 *(.fini8)
 *(.fini7)
 *(.fini7)
 *(.fini6)
 .fini6         0x00007dd8       0x1e c:/program files (x86)/atmel/studio/7.0/toolchain/avr8/avr8-gnu-toolchain/bin/../lib/gcc/avr/4.9.2/avr6\libgcc.a(_dtors.o)
                0x00007dd8                __do_global_dtors
 *(.fini6)
 *(.fini5)
 *(.fini5)
 *(.fini4)
 *(.fini4)
 *(.fini3)
 *(.fini3)
 *(.fini2)
 *(.fini2)
 *(.fini1)
 *(.fini1)
 *(.fini0)
 .fini0         0x00007df6        0x4 c:/program files (x86)/atmel/studio/7.0/toolchain/avr8/avr8-gnu-toolchain/bin/../lib/gcc/avr/4.9.2/avr6\libgcc.a(_exit.o)
 *(.fini0)
                0x00007dfa                _etext = .

.data           0x00800200      0x594 load address 0x00007dfa
                0x00800200                PROVIDE (__data_start, .)
 *(.data)
 .data          0x00800200        0x6 c:/program files (x86)/atmel/studio/7.0/toolchain/avr8/avr8-gnu-toolchain/bin/../lib/gcc/avr/4.9.2/../../../../avr/lib/avr6\libc.a(malloc.o)
                0x00800200                __malloc_heap_end
                0x00800202                __malloc_heap_start
                0x00800204                __malloc_margin
 *(.data*)
 .data.BK_SOL2  0x00800206        0x2 classes/Hardware.o
                0x00800206                BK_SOL2
 .data.BK_SOL1  0x00800208        0x2 classes/Hardware.o
                0x00800208                BK_SOL1
 .data.MLT_SOL2
                0x0080020a        0x2 classes/Hardware.o
                0x0080020a                MLT_SOL2
 .data.MLT_SOL1
                0x0080020c        0x2 classes/Hardware.o
                0x0080020c                MLT_SOL1
 .data.HLT_SOL2
                0x0080020e        0x2 classes/Hardware.o
                0x0080020e                HLT_SOL2
 .data.HLT_SOL1
                0x00800210        0x2 classes/Hardware.o
                0x00800210                HLT_SOL1
 .data.LUTREF   0x00800212        0x2 classes/Hardware.o
                0x00800212                LUTREF
 .data._ZN5UI_BK15Menu_Diag_ItemsE
                0x00800214        0x2 classes/UI/UI_BK.o
                0x00800214                _ZN5UI_BK15Menu_Diag_ItemsE
 .data._ZN5UI_BK15Menu_Main_ItemsE
                0x00800216        0x4 classes/UI/UI_BK.o
                0x00800216                _ZN5UI_BK15Menu_Main_ItemsE
 .data._ZN5UI_BK18Page_Monitor_ItemsE
                0x0080021a       0x32 classes/UI/UI_BK.o
                0x0080021a                _ZN5UI_BK18Page_Monitor_ItemsE
 .data._ZN5UI_BK18Page_RTDs_OP_ItemsE
                0x0080024c       0x37 classes/UI/UI_BK.o
                0x0080024c                _ZN5UI_BK18Page_RTDs_OP_ItemsE
 .data._ZN5UI_BK18Page_RTDs_BP_ItemsE
                0x00800283       0x37 classes/UI/UI_BK.o
                0x00800283                _ZN5UI_BK18Page_RTDs_BP_ItemsE
 .data._ZN6UI_HLT15Menu_Diag_ItemsE
                0x008002ba        0x2 classes/UI/UI_HLT.o
                0x008002ba                _ZN6UI_HLT15Menu_Diag_ItemsE
 .data._ZN6UI_HLT15Menu_Main_ItemsE
                0x008002bc        0x4 classes/UI/UI_HLT.o
                0x008002bc                _ZN6UI_HLT15Menu_Main_ItemsE
 .data._ZN6UI_HLT18Page_Monitor_ItemsE
                0x008002c0       0x32 classes/UI/UI_HLT.o
                0x008002c0                _ZN6UI_HLT18Page_Monitor_ItemsE
 .data._ZN6UI_HLT18Page_RTDs_OP_ItemsE
                0x008002f2       0x37 classes/UI/UI_HLT.o
                0x008002f2                _ZN6UI_HLT18Page_RTDs_OP_ItemsE
 .data._ZN6UI_HLT18Page_RTDs_BP_ItemsE
                0x00800329       0x37 classes/UI/UI_HLT.o
                0x00800329                _ZN6UI_HLT18Page_RTDs_BP_ItemsE
 .data._ZN7UI_MAIN19Menu_MainMenu_ItemsE
                0x00800360        0x8 classes/UI/UI_MAIN.o
                0x00800360                _ZN7UI_MAIN19Menu_MainMenu_ItemsE
 .data._ZN7UI_MAIN22Page_PumpMonitor_ItemsE
                0x00800368       0x2d classes/UI/UI_MAIN.o
                0x00800368                _ZN7UI_MAIN22Page_PumpMonitor_ItemsE
 .data._ZN7UI_MAIN20Page_TCMonitor_ItemsE
                0x00800395       0x41 classes/UI/UI_MAIN.o
                0x00800395                _ZN7UI_MAIN20Page_TCMonitor_ItemsE
 .data._ZN7UI_MAIN23Menu_PilotMonitor_ItemsE
                0x008003d6        0x8 classes/UI/UI_MAIN.o
                0x008003d6                _ZN7UI_MAIN23Menu_PilotMonitor_ItemsE
 .data._ZN7UI_MAIN20Menu_AlarmText_ItemsE
                0x008003de        0x6 classes/UI/UI_MAIN.o
                0x008003de                _ZN7UI_MAIN20Menu_AlarmText_ItemsE
 .data._ZN6UI_MLT15Menu_Diag_ItemsE
                0x008003e4        0x2 classes/UI/UI_MLT.o
                0x008003e4                _ZN6UI_MLT15Menu_Diag_ItemsE
 .data._ZN6UI_MLT15Menu_Main_ItemsE
                0x008003e6        0x4 classes/UI/UI_MLT.o
                0x008003e6                _ZN6UI_MLT15Menu_Main_ItemsE
 .data._ZN6UI_MLT18Page_Monitor_ItemsE
                0x008003ea       0x32 classes/UI/UI_MLT.o
                0x008003ea                _ZN6UI_MLT18Page_Monitor_ItemsE
 .data._ZN6UI_MLT18Page_RTDs_OP_ItemsE
                0x0080041c       0x37 classes/UI/UI_MLT.o
                0x0080041c                _ZN6UI_MLT18Page_RTDs_OP_ItemsE
 .data._ZN6UI_MLT18Page_RTDs_BP_ItemsE
                0x00800453       0x37 classes/UI/UI_MLT.o
                0x00800453                _ZN6UI_MLT18Page_RTDs_BP_ItemsE
 .data.firstpass
                0x0080048a        0x1 Main.o
                0x0080048a                firstpass
 .data._ZL9tone_pins
                0x0080048b        0x1 src/Tone.o
 .data.analog_reference
                0x0080048c        0x1 src/wiring_analog.o
                0x0080048c                analog_reference
 *(.rodata)
 *(.rodata*)
 .rodata.str1.1
                0x0080048d        0xb classes/EnhancedIO/DigitalIO.o
 .rodata.str1.1
                0x00800498        0xd classes/EZUI/Controls/EZUI_Control_AdjustParam.o
 .rodata._ZTV12EZUI_Control
                0x008004a5        0xe classes/EZUI/Controls/EZUI_Control.o
                0x008004a5                _ZTV12EZUI_Control
 .rodata.str1.1
                0x008004b3        0xd classes/EZUI/Controls/EZUI_Control_Label.o
                                  0x1 (size before relaxing)
 .rodata._ZTV18EZUI_Control_Label
                0x008004b3        0xe classes/EZUI/Controls/EZUI_Control_Label.o
                0x008004b3                _ZTV18EZUI_Control_Label
 .rodata.str1.1
                0x008004c1        0x1 classes/EZUI/Controls/EZUI_Control_Link.o
 .rodata._ZTV17EZUI_Control_Link
                0x008004c1        0xe classes/EZUI/Controls/EZUI_Control_Link.o
                0x008004c1                _ZTV17EZUI_Control_Link
 .rodata.str1.1
                0x008004cf        0xc classes/EZUI/Controls/EZUI_Control_ToggleOption.o
 .rodata._ZTV25EZUI_Control_ToggleOption
                0x008004cf        0xe classes/EZUI/Controls/EZUI_Control_ToggleOption.o
                0x008004cf                _ZTV25EZUI_Control_ToggleOption
 .rodata.str1.1
                0x008004dd        0x7 classes/Hardware.o
 .rodata._ZL8WB_R2C_Z
                0x008004e4       0x90 classes/Hardware.o
 .rodata._ZL8WB_R2C_X
                0x00800574       0x90 classes/Hardware.o
 .rodata._ZTV5LUT1DILj36EE
                0x00800604        0x6 classes/Hardware.o
                0x00800604                _ZTV5LUT1DILj36EE
 .rodata.str1.1
                0x0080060a       0x27 classes/UI/UI_BK.o
                                 0x2f (size before relaxing)
 .rodata.str1.1
                0x00800631       0x2f classes/UI/UI_HLT.o
 .rodata.str1.1
                0x00800631       0x68 classes/UI/UI_MAIN.o
                                 0x74 (size before relaxing)
 .rodata.str1.1
                0x00800699       0x2f classes/UI/UI_MLT.o
 .rodata.str1.1
                0x00800699       0x23 classes/EZUI/EZUI_Menu.o
 .rodata.str1.1
                0x008006bc       0x23 classes/EZUI/EZUI_Page.o
                                  0x7 (size before relaxing)
 .rodata.str1.1
                0x008006bc       0x19 classes/EZUI/EZUI.o
 .rodata.str1.1
                0x008006d5       0x21 classes/UI/UI_Shared.o
                                 0x3a (size before relaxing)
 .rodata._ZTV3LCD
                0x008006f6       0x10 include/LiquidCrystal/LCD.o
                0x008006f6                _ZTV3LCD
 .rodata._ZTV17LiquidCrystal_I2C
                0x00800706       0x10 include/LiquidCrystal/LiquidCrystal_I2C.o
                0x00800706                _ZTV17LiquidCrystal_I2C
 .rodata._ZTV7TwoWire
                0x00800716       0x10 include/Wire/Wire.o
                0x00800716                _ZTV7TwoWire
 .rodata.str1.1
                0x00800726       0x47 Main.o
 .rodata._ZTV14HardwareSerial
                0x0080076d       0x10 src/HardwareSerial.o
                0x0080076d                _ZTV14HardwareSerial
 .rodata._ZTV9IPAddress
                0x0080077d        0x6 src/IPAddress.o
                0x0080077d                _ZTV9IPAddress
 .rodata.str1.1
                0x00800783       0x11 src/Print.o
 .rodata.str1.1
                0x00800794        0x1 src/WString.o
 *(.gnu.linkonce.d*)
                0x00800796                . = ALIGN (0x2)
                0x00800796                _edata = .
                0x00800796                PROVIDE (__data_end, .)

.bss            0x00800794     0x1160
                0x00800794                PROVIDE (__bss_start, .)
 *(.bss)
 *(.bss*)
 .bss.BK_RTD_OP_V
                0x00800794        0x4 classes/Hardware.o
                0x00800794                BK_RTD_OP_V
 .bss.BK_RTD_BP_V
                0x00800798        0x4 classes/Hardware.o
                0x00800798                BK_RTD_BP_V
 .bss.BK_RTD_Vs
                0x0080079c        0x4 classes/Hardware.o
                0x0080079c                BK_RTD_Vs
 .bss.BK_RTD_OP
                0x008007a0       0x2a classes/Hardware.o
                0x008007a0                BK_RTD_OP
 .bss.BK_RTD_BP
                0x008007ca       0x2a classes/Hardware.o
                0x008007ca                BK_RTD_BP
 .bss.BK_ENC    0x008007f4       0x35 classes/Hardware.o
                0x008007f4                BK_ENC
 .bss.BK_LCD    0x00800829       0x18 classes/Hardware.o
                0x00800829                BK_LCD
 .bss.MLT_RTD_OP_V
                0x00800841        0x4 classes/Hardware.o
                0x00800841                MLT_RTD_OP_V
 .bss.MLT_RTD_BP_V
                0x00800845        0x4 classes/Hardware.o
                0x00800845                MLT_RTD_BP_V
 .bss.MLT_RTD_Vs
                0x00800849        0x4 classes/Hardware.o
                0x00800849                MLT_RTD_Vs
 .bss.MLT_RTD_OP
                0x0080084d       0x2a classes/Hardware.o
                0x0080084d                MLT_RTD_OP
 .bss.MLT_RTD_BP
                0x00800877       0x2a classes/Hardware.o
                0x00800877                MLT_RTD_BP
 .bss.MLT_ENC   0x008008a1       0x35 classes/Hardware.o
                0x008008a1                MLT_ENC
 .bss.MLT_LCD   0x008008d6       0x18 classes/Hardware.o
                0x008008d6                MLT_LCD
 .bss.HLT_RTD_OP_V
                0x008008ee        0x4 classes/Hardware.o
                0x008008ee                HLT_RTD_OP_V
 .bss.HLT_RTD_BP_V
                0x008008f2        0x4 classes/Hardware.o
                0x008008f2                HLT_RTD_BP_V
 .bss.HLT_RTD_Vs
                0x008008f6        0x4 classes/Hardware.o
                0x008008f6                HLT_RTD_Vs
 .bss.HLT_RTD_OP
                0x008008fa       0x2a classes/Hardware.o
                0x008008fa                HLT_RTD_OP
 .bss.HLT_RTD_BP
                0x00800924       0x2a classes/Hardware.o
                0x00800924                HLT_RTD_BP
 .bss.HLT_ENC   0x0080094e       0x35 classes/Hardware.o
                0x0080094e                HLT_ENC
 .bss.HLT_LCD   0x00800983       0x18 classes/Hardware.o
                0x00800983                HLT_LCD
 .bss.MAIN_ENC  0x0080099b       0x35 classes/Hardware.o
                0x0080099b                MAIN_ENC
 .bss.MAIN_LCD  0x008009d0       0x18 classes/Hardware.o
                0x008009d0                MAIN_LCD
 .bss.RTDLUT    0x008009e8      0x124 classes/Hardware.o
                0x008009e8                RTDLUT
 .bss.Pump2_On  0x00800b0c        0x1 classes/Hardware.o
                0x00800b0c                Pump2_On
 .bss.Pump2_V   0x00800b0d        0x4 classes/Hardware.o
                0x00800b0d                Pump2_V
 .bss.Pump1_On  0x00800b11        0x1 classes/Hardware.o
                0x00800b11                Pump1_On
 .bss.Pump1_V   0x00800b12        0x4 classes/Hardware.o
                0x00800b12                Pump1_V
 .bss.BK_TC_ON  0x00800b16        0x1 classes/Hardware.o
                0x00800b16                BK_TC_ON
 .bss.BK_TC_V   0x00800b17        0x4 classes/Hardware.o
                0x00800b17                BK_TC_V
 .bss.MLT_TC_ON
                0x00800b1b        0x1 classes/Hardware.o
                0x00800b1b                MLT_TC_ON
 .bss.MLT_TC_V  0x00800b1c        0x4 classes/Hardware.o
                0x00800b1c                MLT_TC_V
 .bss.HLT_TC_ON
                0x00800b20        0x1 classes/Hardware.o
                0x00800b20                HLT_TC_ON
 .bss.HLT_TC_V  0x00800b21        0x4 classes/Hardware.o
                0x00800b21                HLT_TC_V
 .bss.RC2_OUT8  0x00800b25       0x11 classes/Hardware.o
                0x00800b25                RC2_OUT8
 .bss.RC2_OUT7  0x00800b36       0x11 classes/Hardware.o
                0x00800b36                RC2_OUT7
 .bss.RC2_OUT6  0x00800b47       0x11 classes/Hardware.o
                0x00800b47                RC2_OUT6
 .bss.RC2_OUT5  0x00800b58       0x11 classes/Hardware.o
                0x00800b58                RC2_OUT5
 .bss.RC2_OUT4  0x00800b69       0x11 classes/Hardware.o
                0x00800b69                RC2_OUT4
 .bss.RC2_OUT3  0x00800b7a       0x11 classes/Hardware.o
                0x00800b7a                RC2_OUT3
 .bss.RC2_OUT2  0x00800b8b       0x11 classes/Hardware.o
                0x00800b8b                RC2_OUT2
 .bss.RC2_OUT1  0x00800b9c       0x11 classes/Hardware.o
                0x00800b9c                RC2_OUT1
 .bss.RC1_OUT8  0x00800bad       0x11 classes/Hardware.o
                0x00800bad                RC1_OUT8
 .bss.RC1_OUT7  0x00800bbe       0x11 classes/Hardware.o
                0x00800bbe                RC1_OUT7
 .bss.RC1_OUT6  0x00800bcf       0x11 classes/Hardware.o
                0x00800bcf                RC1_OUT6
 .bss.RC1_OUT5  0x00800be0       0x11 classes/Hardware.o
                0x00800be0                RC1_OUT5
 .bss.RC1_OUT4  0x00800bf1       0x11 classes/Hardware.o
                0x00800bf1                RC1_OUT4
 .bss.RC1_OUT3  0x00800c02       0x11 classes/Hardware.o
                0x00800c02                RC1_OUT3
 .bss.RC1_OUT2  0x00800c13       0x11 classes/Hardware.o
                0x00800c13                RC1_OUT2
 .bss.RC1_OUT1  0x00800c24       0x11 classes/Hardware.o
                0x00800c24                RC1_OUT1
 .bss.freeSramPct
                0x00800c35        0x4 classes/Hardware.o
                0x00800c35                freeSramPct
 .bss.freeSramBytes
                0x00800c39        0x2 classes/Hardware.o
                0x00800c39                freeSramBytes
 .bss._ZN5UI_BK17Lnk_Menu_DiagBackE
                0x00800c3b        0xc classes/UI/UI_BK.o
                0x00800c3b                _ZN5UI_BK17Lnk_Menu_DiagBackE
 .bss._ZN5UI_BK13Lnk_Menu_DiagE
                0x00800c47        0xc classes/UI/UI_BK.o
                0x00800c47                _ZN5UI_BK13Lnk_Menu_DiagE
 .bss._ZN5UI_BK9Menu_DiagE
                0x00800c53        0x8 classes/UI/UI_BK.o
                0x00800c53                _ZN5UI_BK9Menu_DiagE
 .bss._ZN5UI_BK9Lbl_OPValE
                0x00800c5b       0x16 classes/UI/UI_BK.o
                0x00800c5b                _ZN5UI_BK9Lbl_OPValE
 .bss._ZN5UI_BK9Lbl_BPValE
                0x00800c71       0x16 classes/UI/UI_BK.o
                0x00800c71                _ZN5UI_BK9Lbl_BPValE
 .bss._ZN5UI_BK11Lbl_Sol2ValE
                0x00800c87       0x16 classes/UI/UI_BK.o
                0x00800c87                _ZN5UI_BK11Lbl_Sol2ValE
 .bss._ZN5UI_BK11Tgl_Sol2ValE
                0x00800c9d       0x1a classes/UI/UI_BK.o
                0x00800c9d                _ZN5UI_BK11Tgl_Sol2ValE
 .bss._ZN5UI_BK11Lbl_Sol1ValE
                0x00800cb7       0x16 classes/UI/UI_BK.o
                0x00800cb7                _ZN5UI_BK11Lbl_Sol1ValE
 .bss._ZN5UI_BK11Tgl_Sol1ValE
                0x00800ccd       0x1a classes/UI/UI_BK.o
                0x00800ccd                _ZN5UI_BK11Tgl_Sol1ValE
 .bss._ZN5UI_BK19Lbl_RTDs_BK_OP_degFE
                0x00800ce7       0x16 classes/UI/UI_BK.o
                0x00800ce7                _ZN5UI_BK19Lbl_RTDs_BK_OP_degFE
 .bss._ZN5UI_BK19Lbl_RTDs_BK_OP_degCE
                0x00800cfd       0x16 classes/UI/UI_BK.o
                0x00800cfd                _ZN5UI_BK19Lbl_RTDs_BK_OP_degCE
 .bss._ZN5UI_BK20Lbl_RTDs_BK_OP_RcalcE
                0x00800d13       0x16 classes/UI/UI_BK.o
                0x00800d13                _ZN5UI_BK20Lbl_RTDs_BK_OP_RcalcE
 .bss._ZN5UI_BK17Lbl_RTDs_BK_OP_VsE
                0x00800d29       0x16 classes/UI/UI_BK.o
                0x00800d29                _ZN5UI_BK17Lbl_RTDs_BK_OP_VsE
 .bss._ZN5UI_BK17Lbl_RTDs_BK_OP_VoE
                0x00800d3f       0x16 classes/UI/UI_BK.o
                0x00800d3f                _ZN5UI_BK17Lbl_RTDs_BK_OP_VoE
 .bss._ZN5UI_BK16Lnk_Page_RTDs_OPE
                0x00800d55        0xc classes/UI/UI_BK.o
                0x00800d55                _ZN5UI_BK16Lnk_Page_RTDs_OPE
 .bss._ZN5UI_BK12Page_RTDs_OPE
                0x00800d61       0x12 classes/UI/UI_BK.o
                0x00800d61                _ZN5UI_BK12Page_RTDs_OPE
 .bss._ZN5UI_BK19Lbl_RTDs_BK_BP_degFE
                0x00800d73       0x16 classes/UI/UI_BK.o
                0x00800d73                _ZN5UI_BK19Lbl_RTDs_BK_BP_degFE
 .bss._ZN5UI_BK19Lbl_RTDs_BK_BP_degCE
                0x00800d89       0x16 classes/UI/UI_BK.o
                0x00800d89                _ZN5UI_BK19Lbl_RTDs_BK_BP_degCE
 .bss._ZN5UI_BK20Lbl_RTDs_BK_BP_RcalcE
                0x00800d9f       0x16 classes/UI/UI_BK.o
                0x00800d9f                _ZN5UI_BK20Lbl_RTDs_BK_BP_RcalcE
 .bss._ZN5UI_BK17Lbl_RTDs_BK_BP_VsE
                0x00800db5       0x16 classes/UI/UI_BK.o
                0x00800db5                _ZN5UI_BK17Lbl_RTDs_BK_BP_VsE
 .bss._ZN5UI_BK17Lbl_RTDs_BK_BP_VoE
                0x00800dcb       0x16 classes/UI/UI_BK.o
                0x00800dcb                _ZN5UI_BK17Lbl_RTDs_BK_BP_VoE
 .bss._ZN5UI_BK16Lnk_Page_RTDs_BPE
                0x00800de1        0xc classes/UI/UI_BK.o
                0x00800de1                _ZN5UI_BK16Lnk_Page_RTDs_BPE
 .bss._ZN5UI_BK12Page_RTDs_BPE
                0x00800ded       0x12 classes/UI/UI_BK.o
                0x00800ded                _ZN5UI_BK12Page_RTDs_BPE
 .bss._ZN5UI_BK20Lnk_Page_MonitorBackE
                0x00800dff        0xc classes/UI/UI_BK.o
                0x00800dff                _ZN5UI_BK20Lnk_Page_MonitorBackE
 .bss._ZN5UI_BK16Lnk_Page_MonitorE
                0x00800e0b        0xc classes/UI/UI_BK.o
                0x00800e0b                _ZN5UI_BK16Lnk_Page_MonitorE
 .bss._ZN5UI_BK12Page_MonitorE
                0x00800e17       0x12 classes/UI/UI_BK.o
                0x00800e17                _ZN5UI_BK12Page_MonitorE
 .bss._ZN5UI_BK17Lnk_Menu_MainBackE
                0x00800e29        0xc classes/UI/UI_BK.o
                0x00800e29                _ZN5UI_BK17Lnk_Menu_MainBackE
 .bss._ZN5UI_BK9Menu_MainE
                0x00800e35        0x8 classes/UI/UI_BK.o
                0x00800e35                _ZN5UI_BK9Menu_MainE
 .bss._ZN5UI_BK2UIE
                0x00800e3d        0x2 classes/UI/UI_BK.o
                0x00800e3d                _ZN5UI_BK2UIE
 .bss._ZN6UI_HLT17Lnk_Menu_DiagBackE
                0x00800e3f        0xc classes/UI/UI_HLT.o
                0x00800e3f                _ZN6UI_HLT17Lnk_Menu_DiagBackE
 .bss._ZN6UI_HLT13Lnk_Menu_DiagE
                0x00800e4b        0xc classes/UI/UI_HLT.o
                0x00800e4b                _ZN6UI_HLT13Lnk_Menu_DiagE
 .bss._ZN6UI_HLT9Menu_DiagE
                0x00800e57        0x8 classes/UI/UI_HLT.o
                0x00800e57                _ZN6UI_HLT9Menu_DiagE
 .bss._ZN6UI_HLT9Lbl_OPValE
                0x00800e5f       0x16 classes/UI/UI_HLT.o
                0x00800e5f                _ZN6UI_HLT9Lbl_OPValE
 .bss._ZN6UI_HLT9Lbl_BPValE
                0x00800e75       0x16 classes/UI/UI_HLT.o
                0x00800e75                _ZN6UI_HLT9Lbl_BPValE
 .bss._ZN6UI_HLT11Lbl_Sol2ValE
                0x00800e8b       0x16 classes/UI/UI_HLT.o
                0x00800e8b                _ZN6UI_HLT11Lbl_Sol2ValE
 .bss._ZN6UI_HLT11Tgl_Sol2ValE
                0x00800ea1       0x1a classes/UI/UI_HLT.o
                0x00800ea1                _ZN6UI_HLT11Tgl_Sol2ValE
 .bss._ZN6UI_HLT11Lbl_Sol1ValE
                0x00800ebb       0x16 classes/UI/UI_HLT.o
                0x00800ebb                _ZN6UI_HLT11Lbl_Sol1ValE
 .bss._ZN6UI_HLT11Tgl_Sol1ValE
                0x00800ed1       0x1a classes/UI/UI_HLT.o
                0x00800ed1                _ZN6UI_HLT11Tgl_Sol1ValE
 .bss._ZN6UI_HLT20Lbl_RTDs_HLT_OP_degFE
                0x00800eeb       0x16 classes/UI/UI_HLT.o
                0x00800eeb                _ZN6UI_HLT20Lbl_RTDs_HLT_OP_degFE
 .bss._ZN6UI_HLT20Lbl_RTDs_HLT_OP_degCE
                0x00800f01       0x16 classes/UI/UI_HLT.o
                0x00800f01                _ZN6UI_HLT20Lbl_RTDs_HLT_OP_degCE
 .bss._ZN6UI_HLT21Lbl_RTDs_HLT_OP_RcalcE
                0x00800f17       0x16 classes/UI/UI_HLT.o
                0x00800f17                _ZN6UI_HLT21Lbl_RTDs_HLT_OP_RcalcE
 .bss._ZN6UI_HLT18Lbl_RTDs_HLT_OP_VsE
                0x00800f2d       0x16 classes/UI/UI_HLT.o
                0x00800f2d                _ZN6UI_HLT18Lbl_RTDs_HLT_OP_VsE
 .bss._ZN6UI_HLT18Lbl_RTDs_HLT_OP_VoE
                0x00800f43       0x16 classes/UI/UI_HLT.o
                0x00800f43                _ZN6UI_HLT18Lbl_RTDs_HLT_OP_VoE
 .bss._ZN6UI_HLT16Lnk_Page_RTDs_OPE
                0x00800f59        0xc classes/UI/UI_HLT.o
                0x00800f59                _ZN6UI_HLT16Lnk_Page_RTDs_OPE
 .bss._ZN6UI_HLT12Page_RTDs_OPE
                0x00800f65       0x12 classes/UI/UI_HLT.o
                0x00800f65                _ZN6UI_HLT12Page_RTDs_OPE
 .bss._ZN6UI_HLT20Lbl_RTDs_HLT_BP_degFE
                0x00800f77       0x16 classes/UI/UI_HLT.o
                0x00800f77                _ZN6UI_HLT20Lbl_RTDs_HLT_BP_degFE
 .bss._ZN6UI_HLT20Lbl_RTDs_HLT_BP_degCE
                0x00800f8d       0x16 classes/UI/UI_HLT.o
                0x00800f8d                _ZN6UI_HLT20Lbl_RTDs_HLT_BP_degCE
 .bss._ZN6UI_HLT21Lbl_RTDs_HLT_BP_RcalcE
                0x00800fa3       0x16 classes/UI/UI_HLT.o
                0x00800fa3                _ZN6UI_HLT21Lbl_RTDs_HLT_BP_RcalcE
 .bss._ZN6UI_HLT18Lbl_RTDs_HLT_BP_VsE
                0x00800fb9       0x16 classes/UI/UI_HLT.o
                0x00800fb9                _ZN6UI_HLT18Lbl_RTDs_HLT_BP_VsE
 .bss._ZN6UI_HLT18Lbl_RTDs_HLT_BP_VoE
                0x00800fcf       0x16 classes/UI/UI_HLT.o
                0x00800fcf                _ZN6UI_HLT18Lbl_RTDs_HLT_BP_VoE
 .bss._ZN6UI_HLT16Lnk_Page_RTDs_BPE
                0x00800fe5        0xc classes/UI/UI_HLT.o
                0x00800fe5                _ZN6UI_HLT16Lnk_Page_RTDs_BPE
 .bss._ZN6UI_HLT12Page_RTDs_BPE
                0x00800ff1       0x12 classes/UI/UI_HLT.o
                0x00800ff1                _ZN6UI_HLT12Page_RTDs_BPE
 .bss._ZN6UI_HLT20Lnk_Page_MonitorBackE
                0x00801003        0xc classes/UI/UI_HLT.o
                0x00801003                _ZN6UI_HLT20Lnk_Page_MonitorBackE
 .bss._ZN6UI_HLT16Lnk_Page_MonitorE
                0x0080100f        0xc classes/UI/UI_HLT.o
                0x0080100f                _ZN6UI_HLT16Lnk_Page_MonitorE
 .bss._ZN6UI_HLT12Page_MonitorE
                0x0080101b       0x12 classes/UI/UI_HLT.o
                0x0080101b                _ZN6UI_HLT12Page_MonitorE
 .bss._ZN6UI_HLT17Lnk_Menu_MainBackE
                0x0080102d        0xc classes/UI/UI_HLT.o
                0x0080102d                _ZN6UI_HLT17Lnk_Menu_MainBackE
 .bss._ZN6UI_HLT9Menu_MainE
                0x00801039        0x8 classes/UI/UI_HLT.o
                0x00801039                _ZN6UI_HLT9Menu_MainE
 .bss._ZN6UI_HLT2UIE
                0x00801041        0x2 classes/UI/UI_HLT.o
                0x00801041                _ZN6UI_HLT2UIE
 .bss._ZN7UI_MAINL13Lbl_Pump2VoltE
                0x00801043       0x16 classes/UI/UI_MAIN.o
 .bss._ZN7UI_MAINL13Lbl_Pump1VoltE
                0x00801059       0x16 classes/UI/UI_MAIN.o
 .bss._ZN7UI_MAINL12Lbl_Pump2ValE
                0x0080106f       0x16 classes/UI/UI_MAIN.o
 .bss._ZN7UI_MAINL12Lbl_Pump2lblE
                0x00801085       0x16 classes/UI/UI_MAIN.o
 .bss._ZN7UI_MAINL12Lbl_Pump1ValE
                0x0080109b       0x16 classes/UI/UI_MAIN.o
 .bss._ZN7UI_MAINL12Lbl_Pump1lblE
                0x008010b1       0x16 classes/UI/UI_MAIN.o
 .bss._ZN7UI_MAIN19Lnk_PagePumpMonitorE
                0x008010c7        0xc classes/UI/UI_MAIN.o
                0x008010c7                _ZN7UI_MAIN19Lnk_PagePumpMonitorE
 .bss._ZN7UI_MAIN16Page_PumpMonitorE
                0x008010d3       0x12 classes/UI/UI_MAIN.o
                0x008010d3                _ZN7UI_MAIN16Page_PumpMonitorE
 .bss._ZN7UI_MAIN13Lbl_TC_BKVoltE
                0x008010e5       0x16 classes/UI/UI_MAIN.o
                0x008010e5                _ZN7UI_MAIN13Lbl_TC_BKVoltE
 .bss._ZN7UI_MAIN14Lbl_TC_MLTVoltE
                0x008010fb       0x16 classes/UI/UI_MAIN.o
                0x008010fb                _ZN7UI_MAIN14Lbl_TC_MLTVoltE
 .bss._ZN7UI_MAIN14Lbl_TC_HLTVoltE
                0x00801111       0x16 classes/UI/UI_MAIN.o
                0x00801111                _ZN7UI_MAIN14Lbl_TC_HLTVoltE
 .bss._ZN7UI_MAIN8Lbl_VlblE
                0x00801127       0x16 classes/UI/UI_MAIN.o
                0x00801127                _ZN7UI_MAIN8Lbl_VlblE
 .bss._ZN7UI_MAIN12Lbl_TC_BKValE
                0x0080113d       0x16 classes/UI/UI_MAIN.o
                0x0080113d                _ZN7UI_MAIN12Lbl_TC_BKValE
 .bss._ZN7UI_MAIN13Lbl_TC_MLTValE
                0x00801153       0x16 classes/UI/UI_MAIN.o
                0x00801153                _ZN7UI_MAIN13Lbl_TC_MLTValE
 .bss._ZN7UI_MAIN13Lbl_TC_HLTValE
                0x00801169       0x16 classes/UI/UI_MAIN.o
                0x00801169                _ZN7UI_MAIN13Lbl_TC_HLTValE
 .bss._ZN7UI_MAIN17Lnk_PageTCMonitorE
                0x0080117f        0xc classes/UI/UI_MAIN.o
                0x0080117f                _ZN7UI_MAIN17Lnk_PageTCMonitorE
 .bss._ZN7UI_MAIN14Page_TCMonitorE
                0x0080118b       0x12 classes/UI/UI_MAIN.o
                0x0080118b                _ZN7UI_MAIN14Page_TCMonitorE
 .bss._ZN7UI_MAIN13Tgl_Pilot3OptE
                0x0080119d       0x1a classes/UI/UI_MAIN.o
                0x0080119d                _ZN7UI_MAIN13Tgl_Pilot3OptE
 .bss._ZN7UI_MAIN13Tgl_Pilot2OptE
                0x008011b7       0x1a classes/UI/UI_MAIN.o
                0x008011b7                _ZN7UI_MAIN13Tgl_Pilot2OptE
 .bss._ZN7UI_MAIN13Tgl_Pilot1OptE
                0x008011d1       0x1a classes/UI/UI_MAIN.o
                0x008011d1                _ZN7UI_MAIN13Tgl_Pilot1OptE
 .bss._ZN7UI_MAIN20Lnk_MenuPilotMonitorE
                0x008011eb        0xc classes/UI/UI_MAIN.o
                0x008011eb                _ZN7UI_MAIN20Lnk_MenuPilotMonitorE