Archive member included to satisfy reference by file (symbol)

c:/program files (x86)/atmel/studio/7.0/toolchain/avr8/avr8-gnu-toolchain/bin/../lib/gcc/avr/4.9.2/../../../../avr/lib/avr6\libm.a(addsf3.o)
                              classes/LUT.o (__subsf3)
c:/program files (x86)/atmel/studio/7.0/toolchain/avr8/avr8-gnu-toolchain/bin/../lib/gcc/avr/4.9.2/../../../../avr/lib/avr6\libm.a(addsf3x.o)
                              c:/program files (x86)/atmel/studio/7.0/toolchain/avr8/avr8-gnu-toolchain/bin/../lib/gcc/avr/4.9.2/../../../../avr/lib/avr6\libm.a(addsf3.o) (__addsf3x)
c:/program files (x86)/atmel/studio/7.0/toolchain/avr8/avr8-gnu-toolchain/bin/../lib/gcc/avr/4.9.2/../../../../avr/lib/avr6\libm.a(cmpsf2.o)
                              classes/EZUI/EZUI_PageItem.o (__nesf2)
c:/program files (x86)/atmel/studio/7.0/toolchain/avr8/avr8-gnu-toolchain/bin/../lib/gcc/avr/4.9.2/../../../../avr/lib/avr6\libm.a(divsf3.o)
                              classes/Executive.o (__divsf3)
c:/program files (x86)/atmel/studio/7.0/toolchain/avr8/avr8-gnu-toolchain/bin/../lib/gcc/avr/4.9.2/../../../../avr/lib/avr6\libm.a(divsf3x.o)
                              c:/program files (x86)/atmel/studio/7.0/toolchain/avr8/avr8-gnu-toolchain/bin/../lib/gcc/avr/4.9.2/../../../../avr/lib/avr6\libm.a(divsf3.o) (__divsf3x)
c:/program files (x86)/atmel/studio/7.0/toolchain/avr8/avr8-gnu-toolchain/bin/../lib/gcc/avr/4.9.2/../../../../avr/lib/avr6\libm.a(fixsfsi.o)
                              src/Print.o (__fixsfsi)
c:/program files (x86)/atmel/studio/7.0/toolchain/avr8/avr8-gnu-toolchain/bin/../lib/gcc/avr/4.9.2/../../../../avr/lib/avr6\libm.a(fixunssfsi.o)
                              src/Print.o (__fixunssfsi)
c:/program files (x86)/atmel/studio/7.0/toolchain/avr8/avr8-gnu-toolchain/bin/../lib/gcc/avr/4.9.2/../../../../avr/lib/avr6\libm.a(floatsisf.o)
                              classes/Executive.o (__floatunsisf)
c:/program files (x86)/atmel/studio/7.0/toolchain/avr8/avr8-gnu-toolchain/bin/../lib/gcc/avr/4.9.2/../../../../avr/lib/avr6\libm.a(fp_cmp.o)
                              c:/program files (x86)/atmel/studio/7.0/toolchain/avr8/avr8-gnu-toolchain/bin/../lib/gcc/avr/4.9.2/../../../../avr/lib/avr6\libm.a(cmpsf2.o) (__fp_cmp)
c:/program files (x86)/atmel/studio/7.0/toolchain/avr8/avr8-gnu-toolchain/bin/../lib/gcc/avr/4.9.2/../../../../avr/lib/avr6\libm.a(fp_inf.o)
                              c:/program files (x86)/atmel/studio/7.0/toolchain/avr8/avr8-gnu-toolchain/bin/../lib/gcc/avr/4.9.2/../../../../avr/lib/avr6\libm.a(addsf3x.o) (__fp_inf)
c:/program files (x86)/atmel/studio/7.0/toolchain/avr8/avr8-gnu-toolchain/bin/../lib/gcc/avr/4.9.2/../../../../avr/lib/avr6\libm.a(fp_nan.o)
                              c:/program files (x86)/atmel/studio/7.0/toolchain/avr8/avr8-gnu-toolchain/bin/../lib/gcc/avr/4.9.2/../../../../avr/lib/avr6\libm.a(addsf3x.o) (__fp_nan)
c:/program files (x86)/atmel/studio/7.0/toolchain/avr8/avr8-gnu-toolchain/bin/../lib/gcc/avr/4.9.2/../../../../avr/lib/avr6\libm.a(fp_pscA.o)
                              c:/program files (x86)/atmel/studio/7.0/toolchain/avr8/avr8-gnu-toolchain/bin/../lib/gcc/avr/4.9.2/../../../../avr/lib/avr6\libm.a(addsf3x.o) (__fp_pscA)
c:/program files (x86)/atmel/studio/7.0/toolchain/avr8/avr8-gnu-toolchain/bin/../lib/gcc/avr/4.9.2/../../../../avr/lib/avr6\libm.a(fp_pscB.o)
                              c:/program files (x86)/atmel/studio/7.0/toolchain/avr8/avr8-gnu-toolchain/bin/../lib/gcc/avr/4.9.2/../../../../avr/lib/avr6\libm.a(addsf3x.o) (__fp_pscB)
c:/program files (x86)/atmel/studio/7.0/toolchain/avr8/avr8-gnu-toolchain/bin/../lib/gcc/avr/4.9.2/../../../../avr/lib/avr6\libm.a(fp_round.o)
                              c:/program files (x86)/atmel/studio/7.0/toolchain/avr8/avr8-gnu-toolchain/bin/../lib/gcc/avr/4.9.2/../../../../avr/lib/avr6\libm.a(addsf3.o) (__fp_round)
c:/program files (x86)/atmel/studio/7.0/toolchain/avr8/avr8-gnu-toolchain/bin/../lib/gcc/avr/4.9.2/../../../../avr/lib/avr6\libm.a(fp_split3.o)
                              c:/program files (x86)/atmel/studio/7.0/toolchain/avr8/avr8-gnu-toolchain/bin/../lib/gcc/avr/4.9.2/../../../../avr/lib/avr6\libm.a(addsf3x.o) (__fp_split3)
c:/program files (x86)/atmel/studio/7.0/toolchain/avr8/avr8-gnu-toolchain/bin/../lib/gcc/avr/4.9.2/../../../../avr/lib/avr6\libm.a(fp_zero.o)
                              c:/program files (x86)/atmel/studio/7.0/toolchain/avr8/avr8-gnu-toolchain/bin/../lib/gcc/avr/4.9.2/../../../../avr/lib/avr6\libm.a(addsf3x.o) (__fp_zero)
c:/program files (x86)/atmel/studio/7.0/toolchain/avr8/avr8-gnu-toolchain/bin/../lib/gcc/avr/4.9.2/../../../../avr/lib/avr6\libm.a(gesf2.o)
                              classes/LUT.o (__gesf2)
c:/program files (x86)/atmel/studio/7.0/toolchain/avr8/avr8-gnu-toolchain/bin/../lib/gcc/avr/4.9.2/../../../../avr/lib/avr6\libm.a(mulsf3.o)
                              classes/Executive.o (__mulsf3)
[...]
Memory Configuration

Name             Origin             Length             Attributes
text             0x00000000         0x00100000         xr
data             0x00800200         0x0000fe00         rw !x
eeprom           0x00810000         0x00010000         rw !x
fuse             0x00820000         0x00000400         rw !x
lock             0x00830000         0x00000400         rw !x
signature        0x00840000         0x00000400         rw !x
user_signatures  0x00850000         0x00000400         rw !x
*default*        0x00000000         0xffffffff

Linker script and memory map

Address of section .data set to 0x800200
LOAD C:/Program Files (x86)/Atmel/Studio/7.0/Packs/atmel/ATmega_DFP/1.0.90/gcc/dev/atmega2560/avr6/crtatmega2560.o
LOAD classes/BK/BK_UI.o
LOAD classes/BurnerController.o
LOAD classes/DigitalIO.o
LOAD classes/EZUI/Controls/EZUI_Control_Button.o
LOAD classes/EZUI/Controls/EZUI_Control_Label.o
LOAD classes/EZUI/Controls/EZUI_Control_Link.o
LOAD classes/EZUI/Controls/EZUI_Control_ListOption.o
LOAD classes/EZUI/Controls/EZUI_Control_ToggleOption.o
LOAD classes/Hardware.o
LOAD classes/HLT/HLT_UI.o
LOAD classes/MAIN/MAIN_UI.o
LOAD classes/MLT/MLT_UI.o
LOAD classes/EZUI/ClickEncoderWithEvents.o
LOAD classes/EZUI/EZUI_Menu.o
LOAD classes/EZUI/EZUI_MenuItem.o
LOAD classes/EZUI/EZUI_Page.o
LOAD classes/EZUI/EZUI_PageItem.o
LOAD classes/EZUI/EZUI.o
LOAD classes/Executive.o
LOAD classes/LUT.o
LOAD classes/WheatstoneBridge.o
LOAD include/ClickEncoder/ClickEncoder.o
LOAD include/LiquidCrystal/FastIO.o
LOAD include/LiquidCrystal/I2CIO.o
LOAD include/LiquidCrystal/LCD.o
LOAD include/LiquidCrystal/LiquidCrystal.o
LOAD include/LiquidCrystal/LiquidCrystal_I2C.o
LOAD include/LiquidCrystal/LiquidCrystal_SR.o
LOAD include/LiquidCrystal/LiquidCrystal_SR2W.o
LOAD include/LiquidCrystal/LiquidCrystal_SR3W.o
LOAD include/TimerOne/TimerOne.o
LOAD include/Wire/twi.o
LOAD include/Wire/Wire.o
LOAD Main.o
LOAD src/abi.o
LOAD src/CDC.o
LOAD src/HardwareSerial.o
LOAD src/HardwareSerial0.o
LOAD src/HardwareSerial1.o
LOAD src/HardwareSerial2.o
LOAD src/HardwareSerial3.o
LOAD src/HID.o
LOAD src/hooks.o
LOAD src/IPAddress.o
LOAD src/main.o
LOAD src/new.o
LOAD src/Print.o
LOAD src/Stream.o
LOAD src/Tone.o
LOAD src/USBCore.o
LOAD src/WInterrupts.o
LOAD src/wiring.o
LOAD src/wiring_analog.o
LOAD src/wiring_digital.o
LOAD src/wiring_pulse.o
LOAD src/wiring_shift.o
LOAD src/WMath.o
LOAD src/WString.o
START GROUP
LOAD c:/program files (x86)/atmel/studio/7.0/toolchain/avr8/avr8-gnu-toolchain/bin/../lib/gcc/avr/4.9.2/../../../../avr/lib/avr6\libm.a
LOAD C:\Users\Customer\Documents\GitHub\Narwhal-Arduino-Code\ArduinoCode\ProjectNarhwal\lib\libcore.a
END GROUP
LOAD c:/program files (x86)/atmel/studio/7.0/toolchain/avr8/avr8-gnu-toolchain/bin/../lib/gcc/avr/4.9.2/avr6\libgcc.a
LOAD c:/program files (x86)/atmel/studio/7.0/toolchain/avr8/avr8-gnu-toolchain/bin/../lib/gcc/avr/4.9.2/../../../../avr/lib/avr6\libm.a
START GROUP
LOAD c:/program files (x86)/atmel/studio/7.0/toolchain/avr8/avr8-gnu-toolchain/bin/../lib/gcc/avr/4.9.2/avr6\libgcc.a
LOAD c:/program files (x86)/atmel/studio/7.0/toolchain/avr8/avr8-gnu-toolchain/bin/../lib/gcc/avr/4.9.2/../../../../avr/lib/avr6\libm.a
LOAD c:/program files (x86)/atmel/studio/7.0/toolchain/avr8/avr8-gnu-toolchain/bin/../lib/gcc/avr/4.9.2/../../../../avr/lib/avr6\libc.a
LOAD C:/Program Files (x86)/Atmel/Studio/7.0/Packs/atmel/ATmega_DFP/1.0.90/gcc/dev/atmega2560/avr6\libatmega2560.a
END GROUP

.hash
 *(.hash)

.dynsym
 *(.dynsym)

.dynstr
 *(.dynstr)

.gnu.version
 *(.gnu.version)

.gnu.version_d
 *(.gnu.version_d)

.gnu.version_r
 *(.gnu.version_r)

.rel.init
 *(.rel.init)

.rela.init
 *(.rela.init)

.rel.text
 *(.rel.text)
 *(.rel.text.*)
 *(.rel.gnu.linkonce.t*)

.rela.text
 *(.rela.text)
 *(.rela.text.*)
 *(.rela.gnu.linkonce.t*)

.rel.fini
 *(.rel.fini)

.rela.fini
 *(.rela.fini)

.rel.rodata
 *(.rel.rodata)
 *(.rel.rodata.*)
 *(.rel.gnu.linkonce.r*)

.rela.rodata
 *(.rela.rodata)
 *(.rela.rodata.*)
 *(.rela.gnu.linkonce.r*)

.rel.data
 *(.rel.data)
 *(.rel.data.*)
 *(.rel.gnu.linkonce.d*)

.rela.data
 *(.rela.data)
 *(.rela.data.*)
 *(.rela.gnu.linkonce.d*)

.rel.ctors
 *(.rel.ctors)

.rela.ctors
 *(.rela.ctors)

.rel.dtors
 *(.rel.dtors)

.rela.dtors
 *(.rela.dtors)

.rel.got
 *(.rel.got)

.rela.got
 *(.rela.got)

.rel.bss
 *(.rel.bss)

.rela.bss
 *(.rela.bss)

.rel.plt
 *(.rel.plt)

.rela.plt
 *(.rela.plt)

.text           0x00000000     0x8e36
 *(.vectors)
 .vectors       0x00000000       0xe4 C:/Program Files (x86)/Atmel/Studio/7.0/Packs/atmel/ATmega_DFP/1.0.90/gcc/dev/atmega2560/avr6/crtatmega2560.o
                0x00000000                __vector_default
                0x00000000                __vectors
 *(.vectors)
 *(.progmem.gcc*)
 .progmem.gcc_sw_table._ZN13EZUI_PageItem5printEP17LiquidCrystal_I2Cb
                0x000000e4       0x28 classes/EZUI/EZUI_PageItem.o
 .progmem.gcc_sw_table.__vector_39
                0x0000010c      0x192 include/Wire/twi.o
 .progmem.gcc_sw_table.turnOffPWM
                0x0000029e       0x24 src/wiring_digital.o
                0x000002c2                . = ALIGN (0x2)
                0x000002c2                __trampolines_start = .
 *(.trampolines)
 .trampolines   0x000002c2        0x0 linker stubs
 *(.trampolines*)
                0x000002c2                __trampolines_end = .
 *(.progmem*)
 .progmem.data._ZZ12MAIN_UI_initvE3__c_0
                0x000002c2        0x5 classes/MAIN/MAIN_UI.o
 .progmem.data._ZZ12MAIN_UI_initvE3__c
                0x000002c7        0xb classes/MAIN/MAIN_UI.o
 .progmem.data._ZL21tone_pin_to_timer_PGM
                0x000002d2        0x1 src/Tone.o
 .progmem.data.digital_pin_to_timer_PGM
                0x000002d3       0x46 src/wiring_digital.o
                0x000002d3                digital_pin_to_timer_PGM
 .progmem.data.digital_pin_to_bit_mask_PGM
                0x00000319       0x46 src/wiring_digital.o
                0x00000319                digital_pin_to_bit_mask_PGM
 .progmem.data.digital_pin_to_port_PGM
                0x0000035f       0x46 src/wiring_digital.o
                0x0000035f                digital_pin_to_port_PGM
 .progmem.data.port_to_input_PGM
                0x000003a5       0x1a src/wiring_digital.o
                0x000003a5                port_to_input_PGM
 .progmem.data.port_to_output_PGM
                0x000003bf       0x1a src/wiring_digital.o
                0x000003bf                port_to_output_PGM
 .progmem.data.port_to_mode_PGM
                0x000003d9       0x1a src/wiring_digital.o
                0x000003d9                port_to_mode_PGM
                0x000003f4                . = ALIGN (0x2)
 *fill*         0x000003f3        0x1 
 *(.jumptables)
 *(.jumptables*)
 *(.lowtext)
 *(.lowtext*)
                0x000003f4                __ctors_start = .
 *(.ctors)
 .ctors         0x000003f4        0x2 classes/BK/BK_UI.o
 .ctors         0x000003f6        0x2 classes/Hardware.o
 .ctors         0x000003f8        0x2 classes/HLT/HLT_UI.o
 .ctors         0x000003fa        0x2 classes/MAIN/MAIN_UI.o
 .ctors         0x000003fc        0x2 classes/MLT/MLT_UI.o
 .ctors         0x000003fe        0x2 include/Wire/Wire.o
 .ctors         0x00000400        0x2 Main.o
 .ctors         0x00000402        0x2 src/HardwareSerial0.o
 .ctors         0x00000404        0x2 src/HardwareSerial1.o
 .ctors         0x00000406        0x2 src/HardwareSerial2.o
 .ctors         0x00000408        0x2 src/HardwareSerial3.o
 .ctors         0x0000040a        0x2 src/IPAddress.o
                0x0000040c                __ctors_end = .
                0x0000040c                __dtors_start = .
 *(.dtors)
 .dtors         0x0000040c        0x2 classes/Hardware.o
                0x0000040e                __dtors_end = .
 SORT(*)(.ctors)
 SORT(*)(.dtors)
 *(.init0)
 .init0         0x0000040e        0x0 C:/Program Files (x86)/Atmel/Studio/7.0/Packs/atmel/ATmega_DFP/1.0.90/gcc/dev/atmega2560/avr6/crtatmega2560.o
                0x0000040e                __init
 *(.init0)
 *(.init1)
 *(.init1)
 *(.init2)
 .init2         0x0000040e       0x10 C:/Program Files (x86)/Atmel/Studio/7.0/Packs/atmel/ATmega_DFP/1.0.90/gcc/dev/atmega2560/avr6/crtatmega2560.o
 *(.init2)
 *(.init3)
 *(.init3)
 *(.init4)
 .init4         0x0000041e       0x1a c:/program files (x86)/atmel/studio/7.0/toolchain/avr8/avr8-gnu-toolchain/bin/../lib/gcc/avr/4.9.2/avr6\libgcc.a(_copy_data.o)
                0x0000041e                __do_copy_data
 .init4         0x00000438       0x10 c:/program files (x86)/atmel/studio/7.0/toolchain/avr8/avr8-gnu-toolchain/bin/../lib/gcc/avr/4.9.2/avr6\libgcc.a(_clear_bss.o)
                0x00000438                __do_clear_bss
 *(.init4)
 *(.init5)
 *(.init5)
 *(.init6)
 .init6         0x00000448       0x20 c:/program files (x86)/atmel/studio/7.0/toolchain/avr8/avr8-gnu-toolchain/bin/../lib/gcc/avr/4.9.2/avr6\libgcc.a(_ctors.o)
                0x00000448                __do_global_ctors
 *(.init6)
 *(.init7)
 *(.init7)
 *(.init8)
 *(.init8)
 *(.init9)
 .init9         0x00000468        0x8 C:/Program Files (x86)/Atmel/Studio/7.0/Packs/atmel/ATmega_DFP/1.0.90/gcc/dev/atmega2560/avr6/crtatmega2560.o
 *(.init9)
 *(.text)
 .text          0x00000470        0x2 C:/Program Files (x86)/Atmel/Studio/7.0/Packs/atmel/ATmega_DFP/1.0.90/gcc/dev/atmega2560/avr6/crtatmega2560.o
                0x00000470                __vector_38
                0x00000470                __vector_22
                0x00000470                __vector_28
                0x00000470                __vector_32
                0x00000470                __vector_34
                0x00000470                __vector_24
                0x00000470                __vector_12
                0x00000470                __vector_46
                0x00000470                __bad_interrupt
                0x00000470                __vector_31
                0x00000470                __vector_35
                0x00000470                __vector_30
                0x00000470                __vector_45
                0x00000470                __vector_11
                0x00000470                __vector_17
                0x00000470                __vector_19
                0x00000470                __vector_56
                0x00000470                __vector_49
                0x00000470                __vector_41
                0x00000470                __vector_43
                0x00000470                __vector_27
                0x00000470                __vector_33
                0x00000470                __vector_47
                0x00000470                __vector_44
                0x00000470                __vector_9
                0x00000470                __vector_21
                0x00000470                __vector_15
                0x00000470                __vector_29
                0x00000470                __vector_40
                0x00000470                __vector_48
                0x00000470                __vector_14
                0x00000470                __vector_53
                0x00000470                __vector_10
                0x00000470                __vector_50
                0x00000470                __vector_16
                0x00000470                __vector_18
                0x00000470                __vector_42
                0x00000472                . = ALIGN (0x2)
 *(.text.*)
 .text._Z10BK_UI_initv
                0x00000472      0x1b4 classes/BK/BK_UI.o
                0x00000472                _Z10BK_UI_initv
 .text._GLOBAL__sub_I_BK_UI
                0x00000626       0x56 classes/BK/BK_UI.o
 .text._ZN9DigitalIOD2Ev
                0x0000067c       0x1a classes/DigitalIO.o
                0x0000067c                _ZN9DigitalIOD1Ev
                0x0000067c                _ZN9DigitalIOD2Ev
 .text._ZN9DigitalIO5ValueEv
                0x00000696       0x32 classes/DigitalIO.o
                0x00000696                _ZN9DigitalIO5ValueEv
 .text._ZN9DigitalIO5WriteEi
                0x000006c8       0x38 classes/DigitalIO.o
                0x000006c8                _ZN9DigitalIO5WriteEi
 .text._ZN9DigitalIOC2EiNS_8PinModesE6StringS1_
                0x00000700       0x82 classes/DigitalIO.o
                0x00000700                _ZN9DigitalIOC1EiNS_8PinModesE6StringS1_
                0x00000700                _ZN9DigitalIOC2EiNS_8PinModesE6StringS1_
 .text._ZN17EZUI_Control_LinkC2E6StringP9EZUI_Menu
                0x00000782       0x40 classes/EZUI/Controls/EZUI_Control_Link.o
                0x00000782                _ZN17EZUI_Control_LinkC1E6StringP9EZUI_Menu
                0x00000782                _ZN17EZUI_Control_LinkC2E6StringP9EZUI_Menu
 .text._ZN17EZUI_Control_LinkC2E6StringP9EZUI_Page
                0x000007c2       0x40 classes/EZUI/Controls/EZUI_Control_Link.o
                0x000007c2                _ZN17EZUI_Control_LinkC1E6StringP9EZUI_Page
                0x000007c2                _ZN17EZUI_Control_LinkC2E6StringP9EZUI_Page
 .text._ZN17EZUI_Control_Link10FollowLinkEP4EZUI
                0x00000802       0x24 classes/EZUI/Controls/EZUI_Control_Link.o
                0x00000802                _ZN17EZUI_Control_Link10FollowLinkEP4EZUI
 .text._ZN25EZUI_Control_ToggleOptionD2Ev
                0x00000826       0x20 classes/EZUI/Controls/EZUI_Control_ToggleOption.o
                0x00000826                _ZN25EZUI_Control_ToggleOptionD1Ev
                0x00000826                _ZN25EZUI_Control_ToggleOptionD2Ev
 .text._ZN25EZUI_Control_ToggleOption9TrueLabelEv
                0x00000846       0x48 classes/EZUI/Controls/EZUI_Control_ToggleOption.o
                0x00000846                _ZN25EZUI_Control_ToggleOption9TrueLabelEv
 .text._ZN25EZUI_Control_ToggleOption10FalseLabelEv
                0x0000088e       0x48 classes/EZUI/Controls/EZUI_Control_ToggleOption.o
                0x0000088e                _ZN25EZUI_Control_ToggleOption10FalseLabelEv
 .text._ZN25EZUI_Control_ToggleOption5ValueEv
                0x000008d6       0x42 classes/EZUI/Controls/EZUI_Control_ToggleOption.o
                0x000008d6                _ZN25EZUI_Control_ToggleOption5ValueEv
 .text._ZN25EZUI_Control_ToggleOption6ToggleEv
                0x00000918       0x58 classes/EZUI/Controls/EZUI_Control_ToggleOption.o
                0x00000918                _ZN25EZUI_Control_ToggleOption6ToggleEv
 .text._ZN25EZUI_Control_ToggleOptionC2E6StringP9DigitalIO
                0x00000970       0x5c classes/EZUI/Controls/EZUI_Control_ToggleOption.o
                0x00000970                _ZN25EZUI_Control_ToggleOptionC1E6StringP9DigitalIO
                0x00000970                _ZN25EZUI_Control_ToggleOptionC2E6StringP9DigitalIO
 .text._Z15serviceEncodersv
                0x000009cc       0x32 classes/Hardware.o
                0x000009cc                _Z15serviceEncodersv
 .text._ZN22ClickEncoderWithEventsC2Ehhhh
                0x000009fe       0x52 classes/Hardware.o
                0x000009fe                _ZN22ClickEncoderWithEventsC1Ehhhh
                0x000009fe                _ZN22ClickEncoderWithEventsC2Ehhhh
 .text._GLOBAL__sub_I__Z15serviceEncodersv
                0x00000a50      0x62a classes/Hardware.o
 .text._GLOBAL__sub_D__Z15serviceEncodersv
                0x0000107a       0x62 classes/Hardware.o
 .text._Z13hardware_initv
                0x000010dc      0x20c classes/Hardware.o
                0x000010dc                _Z13hardware_initv
 .text._Z11HLT_UI_initv
                0x000012e8      0x1ae classes/HLT/HLT_UI.o
                0x000012e8                _Z11HLT_UI_initv
 .text._GLOBAL__sub_I_HLT_UI
                0x00001496       0x56 classes/HLT/HLT_UI.o
 .text._Z12MAIN_UI_initv
                0x000014ec      0x5b0 classes/MAIN/MAIN_UI.o
                0x000014ec                _Z12MAIN_UI_initv
 .text._GLOBAL__sub_I_MAIN_UI
                0x00001a9c       0x56 classes/MAIN/MAIN_UI.o
 .text._Z11MLT_UI_initv
                0x00001af2      0x1b4 classes/MLT/MLT_UI.o
                0x00001af2                _Z11MLT_UI_initv
 .text._GLOBAL__sub_I_MLT_UI
                0x00001ca6       0x56 classes/MLT/MLT_UI.o
 .text._ZN22ClickEncoderWithEvents4ReadEv
                0x00001cfc      0x16a classes/EZUI/ClickEncoderWithEvents.o
                0x00001cfc                _ZN22ClickEncoderWithEvents4ReadEv
 .text._ZN10LinkedListI13EZUI_MenuItemE4sizeEv
                0x00001e66        0x8 classes/EZUI/EZUI_Menu.o
                0x00001e66                _ZN10LinkedListI13EZUI_MenuItemE4sizeEv
 .text._ZN10LinkedListI13EZUI_MenuItemE5clearEv
                0x00001e6e       0x5a classes/EZUI/EZUI_Menu.o
                0x00001e6e                _ZN10LinkedListI13EZUI_MenuItemE5clearEv
 .text._ZN10LinkedListI13EZUI_MenuItemE5shiftEv
                0x00001ec8       0xca classes/EZUI/EZUI_Menu.o
                0x00001ec8                _ZN10LinkedListI13EZUI_MenuItemE5shiftEv
 .text._ZN10LinkedListI13EZUI_MenuItemE7unshiftES0_
                0x00001f92       0xc0 classes/EZUI/EZUI_Menu.o
                0x00001f92                _ZN10LinkedListI13EZUI_MenuItemE7unshiftES0_
 .text._ZN10LinkedListI13EZUI_MenuItemE3addES0_
                0x00002052       0x76 classes/EZUI/EZUI_Menu.o
                0x00002052                _ZN10LinkedListI13EZUI_MenuItemE3addES0_
 .text._ZN9EZUI_MenuC2E6String
                0x000020c8       0x5c classes/EZUI/EZUI_Menu.o
                0x000020c8                _ZN9EZUI_MenuC1E6String
                0x000020c8                _ZN9EZUI_MenuC2E6String
 .text._ZN9EZUI_Menu7addItemEP17EZUI_Control_Link
                0x00002124       0x60 classes/EZUI/EZUI_Menu.o
                0x00002124                _ZN9EZUI_Menu7addItemEP17EZUI_Control_Link
 .text._ZN9EZUI_Menu7addItemEP25EZUI_Control_ToggleOption
                0x00002184       0x60 classes/EZUI/EZUI_Menu.o
                0x00002184                _ZN9EZUI_Menu7addItemEP25EZUI_Control_ToggleOption
 .text._ZN9EZUI_Menu8prevItemEv
                0x000021e4       0x4c classes/EZUI/EZUI_Menu.o
                0x000021e4                _ZN9EZUI_Menu8prevItemEv
 .text._ZN9EZUI_Menu8nextItemEv
                0x00002230       0x56 classes/EZUI/EZUI_Menu.o
                0x00002230                _ZN9EZUI_Menu8nextItemEv
 .text._ZN10LinkedListI13EZUI_MenuItemE7getNodeEi
                0x00002286       0x7e classes/EZUI/EZUI_Menu.o
                0x00002286                _ZN10LinkedListI13EZUI_MenuItemE7getNodeEi
 .text._ZN10LinkedListI13EZUI_MenuItemE3getEi
                0x00002304       0x2c classes/EZUI/EZUI_Menu.o
                0x00002304                _ZN10LinkedListI13EZUI_MenuItemE3getEi
 .text._ZN9EZUI_Menu7displayEP4EZUI
                0x00002330      0x198 classes/EZUI/EZUI_Menu.o
                0x00002330                _ZN9EZUI_Menu7displayEP4EZUI
 .text._ZN9EZUI_Menu10selectItemEP4EZUI
                0x000024c8       0x5c classes/EZUI/EZUI_Menu.o
                0x000024c8                _ZN9EZUI_Menu10selectItemEP4EZUI
 .text._ZN10LinkedListI13EZUI_MenuItemE3popEv
                0x00002524      0x106 classes/EZUI/EZUI_Menu.o
                0x00002524                _ZN10LinkedListI13EZUI_MenuItemE3popEv
 .text._ZN10LinkedListI13EZUI_MenuItemE6removeEi
                0x0000262a       0xf4 classes/EZUI/EZUI_Menu.o
                0x0000262a                _ZN10LinkedListI13EZUI_MenuItemE6removeEi
 .text._ZN10LinkedListI13EZUI_MenuItemE3setEiS0_
                0x0000271e       0x36 classes/EZUI/EZUI_Menu.o
                0x0000271e                _ZN10LinkedListI13EZUI_MenuItemE3setEiS0_
 .text._ZN10LinkedListI13EZUI_MenuItemE3addEiS0_
                0x00002754      0x114 classes/EZUI/EZUI_Menu.o
                0x00002754                _ZN10LinkedListI13EZUI_MenuItemE3addEiS0_
 .text._ZN13EZUI_MenuItemC2EP17EZUI_Control_Link
                0x00002868       0x10 classes/EZUI/EZUI_MenuItem.o
                0x00002868                _ZN13EZUI_MenuItemC1EP17EZUI_Control_Link
                0x00002868                _ZN13EZUI_MenuItemC2EP17EZUI_Control_Link
 .text._ZN13EZUI_MenuItemC2EP25EZUI_Control_ToggleOption
                0x00002878       0x10 classes/EZUI/EZUI_MenuItem.o
                0x00002878                _ZN13EZUI_MenuItemC1EP25EZUI_Control_ToggleOption
                0x00002878                _ZN13EZUI_MenuItemC2EP25EZUI_Control_ToggleOption
 .text._ZN13EZUI_MenuItemC2Ev
                0x00002888        0xe classes/EZUI/EZUI_MenuItem.o
                0x00002888                _ZN13EZUI_MenuItemC2Ev
                0x00002888                _ZN13EZUI_MenuItemC1Ev
 .text._ZN13EZUI_MenuItemD2Ev
                0x00002896        0x2 classes/EZUI/EZUI_MenuItem.o
                0x00002896                _ZN13EZUI_MenuItemD1Ev
                0x00002896                _ZN13EZUI_MenuItemD2Ev
 .text._ZN13EZUI_MenuItem5PrintEiiP4EZUI
                0x00002898      0x1e2 classes/EZUI/EZUI_MenuItem.o
                0x00002898                _ZN13EZUI_MenuItem5PrintEiiP4EZUI
 .text._ZN13EZUI_MenuItem10ItemSelectEP4EZUI
                0x00002a7a       0xa2 classes/EZUI/EZUI_MenuItem.o
                0x00002a7a                _ZN13EZUI_MenuItem10ItemSelectEP4EZUI
 .text._ZN10LinkedListI13EZUI_PageItemE4sizeEv
                0x00002b1c        0x8 classes/EZUI/EZUI_Page.o
                0x00002b1c                _ZN10LinkedListI13EZUI_PageItemE4sizeEv
 .text._ZN10LinkedListIiE4sizeEv
                0x00002b24        0x8 classes/EZUI/EZUI_Page.o
                0x00002b24                _ZN10LinkedListIiE4sizeEv
 .text._ZN10LinkedListIiE5clearEv
                0x00002b2c       0x30 classes/EZUI/EZUI_Page.o
                0x00002b2c                _ZN10LinkedListIiE5clearEv
 .text._ZN10LinkedListI13EZUI_PageItemE5clearEv
                0x00002b5c       0x64 classes/EZUI/EZUI_Page.o
                0x00002b5c                _ZN10LinkedListI13EZUI_PageItemE5clearEv
 .text._ZN10LinkedListIiE5shiftEv
                0x00002bc0       0x6c classes/EZUI/EZUI_Page.o
                0x00002bc0                _ZN10LinkedListIiE5shiftEv
 .text._ZN10LinkedListIiE7unshiftEi
                0x00002c2c       0x5e classes/EZUI/EZUI_Page.o
                0x00002c2c                _ZN10LinkedListIiE7unshiftEi
 .text._ZN10LinkedListIiE3addEi
                0x00002c8a       0x54 classes/EZUI/EZUI_Page.o
                0x00002c8a                _ZN10LinkedListIiE3addEi
 .text._ZN10LinkedListI13EZUI_PageItemE3addES0_
                0x00002cde      0x18c classes/EZUI/EZUI_Page.o
                0x00002cde                _ZN10LinkedListI13EZUI_PageItemE3addES0_
 .text._ZN10LinkedListI13EZUI_PageItemE5shiftEv
                0x00002e6a      0x2e8 classes/EZUI/EZUI_Page.o
                0x00002e6a                _ZN10LinkedListI13EZUI_PageItemE5shiftEv
 .text._ZN10LinkedListI13EZUI_PageItemE7unshiftES0_
                0x00003152      0x2f0 classes/EZUI/EZUI_Page.o
                0x00003152                _ZN10LinkedListI13EZUI_PageItemE7unshiftES0_
 .text._ZN9EZUI_PageC2E6String
                0x00003442       0x98 classes/EZUI/EZUI_Page.o
                0x00003442                _ZN9EZUI_PageC1E6String
                0x00003442                _ZN9EZUI_PageC2E6String
 .text._ZN9EZUI_Page7addItemEP13EZUI_PageItem
                0x000034da      0x162 classes/EZUI/EZUI_Page.o
                0x000034da                _ZN9EZUI_Page7addItemEP13EZUI_PageItem
 .text._ZN10LinkedListI13EZUI_PageItemE7getNodeEi
                0x0000363c       0x7e classes/EZUI/EZUI_Page.o
                0x0000363c                _ZN10LinkedListI13EZUI_PageItemE7getNodeEi
 .text._ZN10LinkedListI13EZUI_PageItemE3getEi
                0x000036ba      0x10c classes/EZUI/EZUI_Page.o
                0x000036ba                _ZN10LinkedListI13EZUI_PageItemE3getEi
 .text._ZN9EZUI_Page7displayEP4EZUI
                0x000037c6      0x160 classes/EZUI/EZUI_Page.o
                0x000037c6                _ZN9EZUI_Page7displayEP4EZUI
 .text._ZN9EZUI_Page10selectItemEP4EZUI
                0x00003926       0x68 classes/EZUI/EZUI_Page.o
                0x00003926                _ZN9EZUI_Page10selectItemEP4EZUI
 .text._ZN10LinkedListI13EZUI_PageItemE3popEv
                0x0000398e      0x45c classes/EZUI/EZUI_Page.o
                0x0000398e                _ZN10LinkedListI13EZUI_PageItemE3popEv
 .text._ZN10LinkedListI13EZUI_PageItemE6removeEi
                0x00003dea      0x308 classes/EZUI/EZUI_Page.o
                0x00003dea                _ZN10LinkedListI13EZUI_PageItemE6removeEi
 .text._ZN10LinkedListI13EZUI_PageItemE3setEiS0_
                0x000040f2      0x116 classes/EZUI/EZUI_Page.o
                0x000040f2                _ZN10LinkedListI13EZUI_PageItemE3setEiS0_
 .text._ZN10LinkedListI13EZUI_PageItemE3addEiS0_
                0x00004208      0x442 classes/EZUI/EZUI_Page.o
                0x00004208                _ZN10LinkedListI13EZUI_PageItemE3addEiS0_
 .text._ZN10LinkedListIiE7getNodeEi
                0x0000464a       0x7e classes/EZUI/EZUI_Page.o
                0x0000464a                _ZN10LinkedListIiE7getNodeEi
 .text._ZN10LinkedListIiE3getEi
                0x000046c8       0x14 classes/EZUI/EZUI_Page.o
                0x000046c8                _ZN10LinkedListIiE3getEi
 .text._ZN9EZUI_Page8nextItemEv
                0x000046dc       0xc6 classes/EZUI/EZUI_Page.o
                0x000046dc                _ZN9EZUI_Page8nextItemEv
 .text._ZN10LinkedListIiE3popEv
                0x000047a2       0x86 classes/EZUI/EZUI_Page.o
                0x000047a2                _ZN10LinkedListIiE3popEv
 .text._ZN10LinkedListIiE6removeEi
                0x00004828       0x96 classes/EZUI/EZUI_Page.o
                0x00004828                _ZN10LinkedListIiE6removeEi
 .text._ZN10LinkedListIiE3setEii
                0x000048be       0x2e classes/EZUI/EZUI_Page.o
                0x000048be                _ZN10LinkedListIiE3setEii
 .text._ZN10LinkedListIiE3addEii
                0x000048ec       0x9e classes/EZUI/EZUI_Page.o
                0x000048ec                _ZN10LinkedListIiE3addEii
 .text._ZN13EZUI_PageItemC2Ev
                0x0000498a       0x8e classes/EZUI/EZUI_PageItem.o
                0x0000498a                _ZN13EZUI_PageItemC1Ev
                0x0000498a                _ZN13EZUI_PageItemC2Ev
 .text._ZN13EZUI_PageItemD2Ev
                0x00004a18       0x22 classes/EZUI/EZUI_PageItem.o
                0x00004a18                _ZN13EZUI_PageItemD2Ev
                0x00004a18                _ZN13EZUI_PageItemD1Ev
 .text._ZN13EZUI_PageItemC2Ehh6String
                0x00004a3a       0xbe classes/EZUI/EZUI_PageItem.o
                0x00004a3a                _ZN13EZUI_PageItemC1Ehh6String
                0x00004a3a                _ZN13EZUI_PageItemC2Ehh6String
 .text._ZN13EZUI_PageItemC2EhhPf
                0x00004af8       0xbe classes/EZUI/EZUI_PageItem.o
                0x00004af8                _ZN13EZUI_PageItemC1EhhPf
                0x00004af8                _ZN13EZUI_PageItemC2EhhPf
 .text._ZN13EZUI_PageItemC2EhhP17EZUI_Control_Link
                0x00004bb6       0xac classes/EZUI/EZUI_PageItem.o
                0x00004bb6                _ZN13EZUI_PageItemC1EhhP17EZUI_Control_Link
                0x00004bb6                _ZN13EZUI_PageItemC2EhhP17EZUI_Control_Link
 .text._ZN13EZUI_PageItem5printEP17LiquidCrystal_I2Cb
                0x00004c62      0x3d8 classes/EZUI/EZUI_PageItem.o
                0x00004c62                _ZN13EZUI_PageItem5printEP17LiquidCrystal_I2Cb
 .text._ZN13EZUI_PageItem10ItemSelectEP4EZUI
                0x0000503a       0x66 classes/EZUI/EZUI_PageItem.o
                0x0000503a                _ZN13EZUI_PageItem10ItemSelectEP4EZUI
 .text._ZN4EZUI15EncoderDblClickEv
                0x000050a0        0x2 classes/EZUI/EZUI.o
                0x000050a0                _ZN4EZUI15EncoderDblClickEv
 .text._ZN4EZUI12EncoderClickEv
                0x000050a2       0x22 classes/EZUI/EZUI.o
                0x000050a2                _ZN4EZUI12EncoderClickEv
 .text._ZN4EZUI16EncoderIncrementEv
                0x000050c4       0x22 classes/EZUI/EZUI.o
                0x000050c4                _ZN4EZUI16EncoderIncrementEv
 .text._ZN4EZUI16EncoderDecrementEv
                0x000050e6       0x10 classes/EZUI/EZUI.o
                0x000050e6                _ZN4EZUI16EncoderDecrementEv
 .text._ZN4EZUIC2E6String
                0x000050f6       0x46 classes/EZUI/EZUI.o
                0x000050f6                _ZN4EZUIC2E6String
                0x000050f6                _ZN4EZUIC1E6String
 .text._ZN4EZUI14attatchEncoderEP22ClickEncoderWithEvents
                0x0000513c       0x6c classes/EZUI/EZUI.o
                0x0000513c                _ZN4EZUI14attatchEncoderEP22ClickEncoderWithEvents
 .text._ZN4EZUI10attatchLCDEP17LiquidCrystal_I2C
                0x000051a8        0x8 classes/EZUI/EZUI.o
                0x000051a8                _ZN4EZUI10attatchLCDEP17LiquidCrystal_I2C
 .text._ZN4EZUI7displayEv
                0x000051b0       0xa0 classes/EZUI/EZUI.o
                0x000051b0                _ZN4EZUI7displayEv
 .text._ZN4EZUI10setDisplayEP9EZUI_Menu
                0x00005250        0xc classes/EZUI/EZUI.o
                0x00005250                _ZN4EZUI10setDisplayEP9EZUI_Menu
 .text._ZN4EZUI10setDisplayEP9EZUI_Page
                0x0000525c        0xc classes/EZUI/EZUI.o
                0x0000525c                _ZN4EZUI10setDisplayEP9EZUI_Page
 .text._ZN9Executive11exec_frame1Ev
                0x00005268      0x3dc classes/Executive.o
                0x00005268                _ZN9Executive11exec_frame1Ev
 .text._ZN9Executive11exec_frame3Ev
                0x00005644       0x2a classes/Executive.o
                0x00005644                _ZN9Executive11exec_frame3Ev
 .text._ZN9Executive3runEv
                0x0000566e      0x152 classes/Executive.o
                0x0000566e                _ZN9Executive3runEv
 .text._ZN5LUT1DC2EiPfS0_
                0x000057c0       0x10 classes/LUT.o
                0x000057c0                _ZN5LUT1DC1EiPfS0_
                0x000057c0                _ZN5LUT1DC2EiPfS0_
 .text._ZN5LUT1D6lookupEf
                0x000057d0      0x1da classes/LUT.o
                0x000057d0                _ZN5LUT1D6lookupEf
 .text._ZN16WheatstoneBridgeC2E6Stringii5LUT1Dfffff
                0x000059aa       0xfa classes/WheatstoneBridge.o
                0x000059aa                _ZN16WheatstoneBridgeC1E6Stringii5LUT1Dfffff
                0x000059aa                _ZN16WheatstoneBridgeC2E6Stringii5LUT1Dfffff
 .text._ZN16WheatstoneBridge6UpdateEv
                0x00005aa4      0x244 classes/WheatstoneBridge.o
                0x00005aa4                _ZN16WheatstoneBridge6UpdateEv
 .text._ZN12ClickEncoderC2Ehhhhb
                0x00005ce8       0x8c include/ClickEncoder/ClickEncoder.o
                0x00005ce8                _ZN12ClickEncoderC2Ehhhhb
                0x00005ce8                _ZN12ClickEncoderC1Ehhhhb
 .text._ZN12ClickEncoder7serviceEv
                0x00005d74      0x194 include/ClickEncoder/ClickEncoder.o
                0x00005d74                _ZN12ClickEncoder7serviceEv
 .text._ZN12ClickEncoder8getValueEv
                0x00005f08       0x76 include/ClickEncoder/ClickEncoder.o
                0x00005f08                _ZN12ClickEncoder8getValueEv
 .text._ZN12ClickEncoder9getButtonEv
                0x00005f7e        0xe include/ClickEncoder/ClickEncoder.o
                0x00005f7e                _ZN12ClickEncoder9getButtonEv
 .text._ZN5I2CIOC2Ev
                0x00005f8c        0xe include/LiquidCrystal/I2CIO.o
                0x00005f8c                _ZN5I2CIOC2Ev
                0x00005f8c                _ZN5I2CIOC1Ev
 .text._ZN5I2CIO8portModeEh
                0x00005f9a       0x18 include/LiquidCrystal/I2CIO.o
                0x00005f9a                _ZN5I2CIO8portModeEh
 .text._ZN5I2CIO5beginEh
                0x00005fb2       0x34 include/LiquidCrystal/I2CIO.o
                0x00005fb2                _ZN5I2CIO5beginEh
 .text._ZN5I2CIO5writeEh
                0x00005fe6       0x48 include/LiquidCrystal/I2CIO.o
                0x00005fe6                _ZN5I2CIO5writeEh
 .text._ZN3LCD15setBacklightPinEh13t_backlighPol
                0x0000602e        0x2 include/LiquidCrystal/LCD.o
                0x0000602e                _ZN3LCD15setBacklightPinEh13t_backlighPol
 .text._ZN3LCD12setBacklightEh
                0x00006030        0x2 include/LiquidCrystal/LCD.o
                0x00006030                _ZN3LCD12setBacklightEh
 .text._ZN3LCD5writeEh
                0x00006032       0x16 include/LiquidCrystal/LCD.o
                0x00006032                _ZN3LCD5writeEh
 .text._ZN3LCDC2Ev
                0x00006048       0x10 include/LiquidCrystal/LCD.o
                0x00006048                _ZN3LCDC1Ev
                0x00006048                _ZN3LCDC2Ev
 .text._ZN3LCD9backlightEv
                0x00006058       0x12 include/LiquidCrystal/LCD.o
                0x00006058                _ZN3LCD9backlightEv
 .text._ZN3LCD7commandEh
                0x0000606a       0x12 include/LiquidCrystal/LCD.o
                0x0000606a                _ZN3LCD7commandEh
 .text._ZN3LCD5clearEv
                0x0000607c        0xe include/LiquidCrystal/LCD.o
                0x0000607c                _ZN3LCD5clearEv
 .text._ZN3LCD9setCursorEhh
                0x0000608a       0x7c include/LiquidCrystal/LCD.o
                0x0000608a                _ZN3LCD9setCursorEhh
 .text._ZN3LCD7displayEv
                0x00006106       0x10 include/LiquidCrystal/LCD.o
                0x00006106                _ZN3LCD7displayEv
 .text._ZN3LCD5beginEhhh
                0x00006116       0xe4 include/LiquidCrystal/LCD.o
                0x00006116                _ZN3LCD5beginEhhh
 .text._ZN17LiquidCrystal_I2C15setBacklightPinEh13t_backlighPol
                0x000061fa       0x28 include/LiquidCrystal/LiquidCrystal_I2C.o
                0x000061fa                _ZN17LiquidCrystal_I2C15setBacklightPinEh13t_backlighPol
 .text._ZN17LiquidCrystal_I2C12setBacklightEh
                0x00006222       0x2c include/LiquidCrystal/LiquidCrystal_I2C.o
                0x00006222                _ZN17LiquidCrystal_I2C12setBacklightEh
 .text._ZN17LiquidCrystal_I2CC2Ehhhhhhhh
                0x0000624e       0xae include/LiquidCrystal/LiquidCrystal_I2C.o
                0x0000624e                _ZN17LiquidCrystal_I2CC2Ehhhhhhhh
                0x0000624e                _ZN17LiquidCrystal_I2CC1Ehhhhhhhh
 .text._ZN17LiquidCrystal_I2C4initEv
                0x000062fc       0x3c include/LiquidCrystal/LiquidCrystal_I2C.o
                0x000062fc                _ZN17LiquidCrystal_I2C4initEv
 .text._ZN17LiquidCrystal_I2C11pulseEnableEh
                0x00006338       0x34 include/LiquidCrystal/LiquidCrystal_I2C.o
                0x00006338                _ZN17LiquidCrystal_I2C11pulseEnableEh
 .text._ZN17LiquidCrystal_I2C10write4bitsEhh
                0x0000636c       0x3a include/LiquidCrystal/LiquidCrystal_I2C.o
                0x0000636c                _ZN17LiquidCrystal_I2C10write4bitsEhh
 .text._ZN17LiquidCrystal_I2C4sendEhh
                0x000063a6       0x42 include/LiquidCrystal/LiquidCrystal_I2C.o
                0x000063a6                _ZN17LiquidCrystal_I2C4sendEhh
 .text._ZN17LiquidCrystal_I2C5beginEhhh
                0x000063e8       0x2a include/LiquidCrystal/LiquidCrystal_I2C.o
                0x000063e8                _ZN17LiquidCrystal_I2C5beginEhhh
 .text.__vector_20
                0x00006412       0x56 include/TimerOne/TimerOne.o
                0x00006412                __vector_20
 .text.twi_init
                0x00006468       0x3c include/Wire/twi.o
                0x00006468                twi_init
 .text.twi_readFrom
                0x000064a4       0x98 include/Wire/twi.o
                0x000064a4                twi_readFrom
 .text.twi_writeTo
                0x0000653c       0xba include/Wire/twi.o
                0x0000653c                twi_writeTo
 .text.twi_transmit
                0x000065f6       0x42 include/Wire/twi.o
                0x000065f6                twi_transmit
 .text.twi_stop
                0x00006638       0x16 include/Wire/twi.o
                0x00006638                twi_stop
 .text.twi_releaseBus
                0x0000664e        0xc include/Wire/twi.o
                0x0000664e                twi_releaseBus
 .text.__vector_39
                0x0000665a      0x23c include/Wire/twi.o
                0x0000665a                __vector_39
 .text._ZN7TwoWire9availableEv
                0x00006896       0x10 include/Wire/Wire.o
                0x00006896                _ZN7TwoWire9availableEv
 .text._ZN7TwoWire4readEv
                0x000068a6       0x28 include/Wire/Wire.o
                0x000068a6                _ZN7TwoWire4readEv
 .text._ZN7TwoWire4peekEv
                0x000068ce       0x1e include/Wire/Wire.o
                0x000068ce                _ZN7TwoWire4peekEv
 .text._ZN7TwoWire5flushEv
                0x000068ec        0x2 include/Wire/Wire.o
                0x000068ec                _ZN7TwoWire5flushEv
 .text._ZN7TwoWire5writeEPKhj
                0x000068ee       0x5e include/Wire/Wire.o
                0x000068ee                _ZN7TwoWire5writeEPKhj
 .text._ZN7TwoWire5writeEh
                0x0000694c       0x60 include/Wire/Wire.o
                0x0000694c                _ZN7TwoWire5writeEh
 .text._ZN7TwoWireC2Ev
                0x000069ac       0x20 include/Wire/Wire.o
                0x000069ac                _ZN7TwoWireC1Ev
                0x000069ac                _ZN7TwoWireC2Ev
 .text._ZN7TwoWire5beginEv
                0x000069cc       0x14 include/Wire/Wire.o
                0x000069cc                _ZN7TwoWire5beginEv
 .text._ZN7TwoWire11requestFromEhhh
                0x000069e0       0x18 include/Wire/Wire.o
                0x000069e0                _ZN7TwoWire11requestFromEhhh
 .text._ZN7TwoWire11requestFromEhh
                0x000069f8        0x6 include/Wire/Wire.o
                0x000069f8                _ZN7TwoWire11requestFromEhh
 .text._ZN7TwoWire17beginTransmissionEh
                0x000069fe       0x14 include/Wire/Wire.o
                0x000069fe                _ZN7TwoWire17beginTransmissionEh
 .text._ZN7TwoWire15endTransmissionEh
                0x00006a12       0x24 include/Wire/Wire.o
                0x00006a12                _ZN7TwoWire15endTransmissionEh
 .text._ZN7TwoWire15endTransmissionEv
                0x00006a36        0x6 include/Wire/Wire.o
                0x00006a36                _ZN7TwoWire15endTransmissionEv
 .text._GLOBAL__sub_I__ZN7TwoWire8rxBufferE
                0x00006a3c        0x8 include/Wire/Wire.o
 .text.setup    0x00006a44      0x10a Main.o
                0x00006a44                setup
 .text.loop     0x00006b4e       0x64 Main.o
                0x00006b4e                loop
 .text._GLOBAL__sub_I_BootScreenTime
                0x00006bb2       0x1a Main.o
 .text.__cxa_pure_virtual
                0x00006bcc        0x4 src/abi.o
                0x00006bcc                __cxa_pure_virtual
 .text._ZN14HardwareSerial9availableEv
                0x00006bd0       0x18 src/HardwareSerial.o
                0x00006bd0                _ZN14HardwareSerial9availableEv
 .text._ZN14HardwareSerial4peekEv
                0x00006be8       0x1c src/HardwareSerial.o
                0x00006be8                _ZN14HardwareSerial4peekEv
 .text._ZN14HardwareSerial4readEv
                0x00006c04       0x28 src/HardwareSerial.o
                0x00006c04                _ZN14HardwareSerial4readEv
 .text._Z14serialEventRunv
                0x00006c2c       0x62 src/HardwareSerial.o
                0x00006c2c                _Z14serialEventRunv
 .text._ZN14HardwareSerial17_tx_udr_empty_irqEv
                0x00006c8e       0x54 src/HardwareSerial.o
                0x00006c8e                _ZN14HardwareSerial17_tx_udr_empty_irqEv
 .text._ZN14HardwareSerial5flushEv
                0x00006ce2       0x42 src/HardwareSerial.o
                0x00006ce2                _ZN14HardwareSerial5flushEv
 .text._ZN14HardwareSerial5writeEh
                0x00006d24       0x9c src/HardwareSerial.o
                0x00006d24                _ZN14HardwareSerial5writeEh
 .text._ZN14HardwareSerial5beginEmh
                0x00006dc0       0xd2 src/HardwareSerial.o
                0x00006dc0                _ZN14HardwareSerial5beginEmh
 .text.__vector_25
                0x00006e92       0x78 src/HardwareSerial0.o
                0x00006e92                __vector_25
 .text.__vector_26
                0x00006f0a       0x52 src/HardwareSerial0.o
                0x00006f0a                __vector_26
 .text._Z17Serial0_availablev
                0x00006f5c       0x12 src/HardwareSerial0.o
                0x00006f5c                _Z17Serial0_availablev
 .text._GLOBAL__sub_I___vector_25
                0x00006f6e       0x5a src/HardwareSerial0.o
 .text.__vector_36
                0x00006fc8       0x78 src/HardwareSerial1.o
                0x00006fc8                __vector_36
 .text.__vector_37
                0x00007040       0x52 src/HardwareSerial1.o
                0x00007040                __vector_37
 .text._Z17Serial1_availablev
                0x00007092       0x12 src/HardwareSerial1.o
                0x00007092                _Z17Serial1_availablev
 .text._GLOBAL__sub_I___vector_36
                0x000070a4       0x5a src/HardwareSerial1.o
 .text.__vector_51
                0x000070fe       0x78 src/HardwareSerial2.o
                0x000070fe                __vector_51
 .text.__vector_52
                0x00007176       0x52 src/HardwareSerial2.o
                0x00007176                __vector_52
 .text._Z17Serial2_availablev
                0x000071c8       0x12 src/HardwareSerial2.o
                0x000071c8                _Z17Serial2_availablev
 .text._GLOBAL__sub_I___vector_51
                0x000071da       0x5a src/HardwareSerial2.o
 .text.__vector_54
                0x00007234       0x78 src/HardwareSerial3.o
                0x00007234                __vector_54
 .text.__vector_55
                0x000072ac       0x52 src/HardwareSerial3.o
                0x000072ac                __vector_55
 .text._Z17Serial3_availablev
                0x000072fe       0x12 src/HardwareSerial3.o
                0x000072fe                _Z17Serial3_availablev
 .text._GLOBAL__sub_I___vector_54
                0x00007310       0x5a src/HardwareSerial3.o
 .text.__empty  0x0000736a        0x2 src/hooks.o
                0x0000736a                yield
 .text._ZNK9IPAddress7printToER5Print
                0x0000736c       0x7e src/IPAddress.o
                0x0000736c                _ZNK9IPAddress7printToER5Print
 .text._GLOBAL__sub_I__ZN9IPAddressC2Ev
                0x000073ea       0x16 src/IPAddress.o
 .text.initVariant
                0x00007400        0x2 src/main.o
                0x00007400                initVariant
 .text.main     0x00007402       0x14 src/main.o
                0x00007402                main
 .text._Znwj    0x00007416        0x6 src/new.o
                0x00007416                _Znwj
 .text._ZdlPv   0x0000741c        0x6 src/new.o
                0x0000741c                _ZdlPv
 .text._ZN5Print5writeEPKhj
                0x00007422       0x5a src/Print.o
                0x00007422                _ZN5Print5writeEPKhj
 .text._ZN5Print5printERK6String
                0x0000747c       0x1e src/Print.o
                0x0000747c                _ZN5Print5printERK6String
 .text._ZN5Print5printEPKc
                0x0000749a       0x2c src/Print.o
                0x0000749a                _ZN5Print5printEPKc
 .text._ZN5Print5printEc
                0x000074c6       0x10 src/Print.o
                0x000074c6                _ZN5Print5printEc
 .text._ZN5Print7printlnEv
                0x000074d6       0x18 src/Print.o
                0x000074d6                _ZN5Print7printlnEv
 .text._ZN5Print7printlnERK6String
                0x000074ee       0x20 src/Print.o
                0x000074ee                _ZN5Print7printlnERK6String
 .text._ZN5Print7printlnEPKc
                0x0000750e       0x20 src/Print.o
                0x0000750e                _ZN5Print7printlnEPKc
 .text._ZN5Print11printNumberEmh
                0x0000752e       0xe6 src/Print.o
                0x0000752e                _ZN5Print11printNumberEmh
 .text._ZN5Print5printEli
                0x00007614       0x70 src/Print.o
                0x00007614                _ZN5Print5printEli
 .text._ZN5Print5printEii
                0x00007684        0xe src/Print.o
                0x00007684                _ZN5Print5printEii
 .text._ZN5Print7printlnEii
                0x00007692       0x2a src/Print.o
                0x00007692                _ZN5Print7printlnEii
 .text._ZN5Print5printEmi
                0x000076bc       0x1c src/Print.o
                0x000076bc                _ZN5Print5printEmi
 .text._ZN5Print5printEhi
                0x000076d8        0xe src/Print.o
                0x000076d8                _ZN5Print5printEhi
 .text._ZN5Print10printFloatEdh
                0x000076e6      0x1ea src/Print.o
                0x000076e6                _ZN5Print10printFloatEdh
 .text._ZN5Print5printEdi
                0x000078d0        0x4 src/Print.o
                0x000078d0                _ZN5Print5printEdi
 .text._ZN5Print7printlnEdi
                0x000078d4       0x20 src/Print.o
                0x000078d4                _ZN5Print7printlnEdi
 .text._Z12disableTimerh
                0x000078f4       0x74 src/Tone.o
                0x000078f4                _Z12disableTimerh
 .text._Z6noToneh
                0x00007968       0x2a src/Tone.o
                0x00007968                _Z6noToneh
 .text.__vector_13
                0x00007992       0xbe src/Tone.o
                0x00007992                __vector_13
 .text.__vector_1
                0x00007a50       0x62 src/WInterrupts.o
                0x00007a50                __vector_1
 .text.__vector_2
                0x00007ab2       0x62 src/WInterrupts.o
                0x00007ab2                __vector_2
 .text.__vector_3
                0x00007b14       0x62 src/WInterrupts.o
                0x00007b14                __vector_3
 .text.__vector_4
                0x00007b76       0x62 src/WInterrupts.o
                0x00007b76                __vector_4
 .text.__vector_5
                0x00007bd8       0x62 src/WInterrupts.o
                0x00007bd8                __vector_5
 .text.__vector_6
                0x00007c3a       0x62 src/WInterrupts.o
                0x00007c3a                __vector_6
 .text.__vector_7
                0x00007c9c       0x62 src/WInterrupts.o
                0x00007c9c                __vector_7
 .text.__vector_8
                0x00007cfe       0x62 src/WInterrupts.o
                0x00007cfe                __vector_8
 .text.__vector_23
                0x00007d60       0x94 src/wiring.o
                0x00007d60                __vector_23
 .text.millis   0x00007df4       0x18 src/wiring.o
                0x00007df4                millis
 .text.micros   0x00007e0c       0x4c src/wiring.o
                0x00007e0c                micros
 .text.delay    0x00007e58       0x52 src/wiring.o
                0x00007e58                delay
 .text.delayMicroseconds
                0x00007eaa       0x16 src/wiring.o
                0x00007eaa                delayMicroseconds
 .text.init     0x00007ec0       0xc4 src/wiring.o
                0x00007ec0                init
 .text.analogRead
                0x00007f84       0x48 src/wiring_analog.o
                0x00007f84                analogRead
 .text.turnOffPWM
                0x00007fcc       0xd0 src/wiring_digital.o
 .text.pinMode  0x0000809c       0x7e src/wiring_digital.o
                0x0000809c                pinMode
 .text.digitalWrite
                0x0000811a       0x60 src/wiring_digital.o
                0x0000811a                digitalWrite
 .text.digitalRead
                0x0000817a       0x50 src/wiring_digital.o
                0x0000817a                digitalRead
 .text._ZN6StringD2Ev
                0x000081ca        0xa src/WString.o
                0x000081ca                _ZN6StringD2Ev
                0x000081ca                _ZN6StringD1Ev
 .text._ZN6String10invalidateEv
                0x000081d4       0x22 src/WString.o
                0x000081d4                _ZN6String10invalidateEv
 .text._ZN6String12changeBufferEj
                0x000081f6       0x32 src/WString.o
                0x000081f6                _ZN6String12changeBufferEj
 .text._ZN6String7reserveEj
                0x00008228       0x3e src/WString.o
                0x00008228                _ZN6String7reserveEj
 .text._ZN6String4copyEPKcj
                0x00008266       0x3c src/WString.o
                0x00008266                _ZN6String4copyEPKcj
 .text._ZN6StringC2EPKc
                0x000082a2       0x28 src/WString.o
                0x000082a2                _ZN6StringC2EPKc
                0x000082a2                _ZN6StringC1EPKc
 .text._ZN6String4copyEPK19__FlashStringHelperj
                0x000082ca       0x3c src/WString.o
                0x000082ca                _ZN6String4copyEPK19__FlashStringHelperj
 .text._ZN6StringaSERKS_
                0x00008306       0x2a src/WString.o
                0x00008306                _ZN6StringaSERKS_
 .text._ZN6StringC2ERKS_
                0x00008330       0x12 src/WString.o
                0x00008330                _ZN6StringC2ERKS_
                0x00008330                _ZN6StringC1ERKS_
 .text._ZN6StringaSEPK19__FlashStringHelper
                0x00008342       0x2c src/WString.o
                0x00008342                _ZN6StringaSEPK19__FlashStringHelper
 .text._ZN6StringC2EPK19__FlashStringHelper
                0x0000836e       0x12 src/WString.o
                0x0000836e                _ZN6StringC1EPK19__FlashStringHelper
                0x0000836e                _ZN6StringC2EPK19__FlashStringHelper
 .text._ZN6String6concatEPKcj
                0x00008380       0x5c src/WString.o
                0x00008380                _ZN6String6concatEPKcj
 .text._ZplRK15StringSumHelperRK6String
                0x000083dc       0x22 src/WString.o
                0x000083dc                _ZplRK15StringSumHelperRK6String
 .text._ZplRK15StringSumHelperPKc
                0x000083fe       0x2e src/WString.o
                0x000083fe                _ZplRK15StringSumHelperPKc
 .text._ZNK6String9compareToERKS_
                0x0000842c       0x68 src/WString.o
                0x0000842c                _ZNK6String9compareToERKS_
 .text._ZNK6String6equalsERKS_
                0x00008494       0x24 src/WString.o
                0x00008494                _ZNK6String6equalsERKS_
 .text.avr-libc.fplib
                0x000084b8        0xa c:/program files (x86)/atmel/studio/7.0/toolchain/avr8/avr8-gnu-toolchain/bin/../lib/gcc/avr/4.9.2/../../../../avr/lib/avr6\libm.a(addsf3.o)
                0x000084b8                __subsf3
                0x000084ba                __addsf3
 .text.avr-libc.fplib
                0x000084c2       0xc0 c:/program files (x86)/atmel/studio/7.0/toolchain/avr8/avr8-gnu-toolchain/bin/../lib/gcc/avr/4.9.2/../../../../avr/lib/avr6\libm.a(addsf3x.o)
                0x000084dc                __addsf3x
 .text.avr-libc.fplib
                0x00008582        0x8 c:/program files (x86)/atmel/studio/7.0/toolchain/avr8/avr8-gnu-toolchain/bin/../lib/gcc/avr/4.9.2/../../../../avr/lib/avr6\libm.a(cmpsf2.o)
                0x00008582                __nesf2
                0x00008582                __eqsf2
                0x00008582                __cmpsf2
                0x00008582                __ltsf2
                0x00008582                __lesf2
 .text.avr-libc.fplib
                0x0000858a        0x4 c:/program files (x86)/atmel/studio/7.0/toolchain/avr8/avr8-gnu-toolchain/bin/../lib/gcc/avr/4.9.2/../../../../avr/lib/avr6\libm.a(divsf3.o)
                0x0000858a                __divsf3
 .text.avr-libc.fplib
                0x0000858e       0xcc c:/program files (x86)/atmel/studio/7.0/toolchain/avr8/avr8-gnu-toolchain/bin/../lib/gcc/avr/4.9.2/../../../../avr/lib/avr6\libm.a(divsf3x.o)
                0x000085a4                __divsf3x
                0x000085a8                __divsf3_pse
 .text.avr-libc.fplib
                0x0000865a        0xa c:/program files (x86)/atmel/studio/7.0/toolchain/avr8/avr8-gnu-toolchain/bin/../lib/gcc/avr/4.9.2/../../../../avr/lib/avr6\libm.a(fixsfsi.o)
                0x0000865a                __fixsfsi
 .text.avr-libc.fplib
                0x00008664       0x58 c:/program files (x86)/atmel/studio/7.0/toolchain/avr8/avr8-gnu-toolchain/bin/../lib/gcc/avr/4.9.2/../../../../avr/lib/avr6\libm.a(fixunssfsi.o)
                0x00008664                __fixunssfsi
 .text.avr-libc.fplib
                0x000086bc       0x7a c:/program files (x86)/atmel/studio/7.0/toolchain/avr8/avr8-gnu-toolchain/bin/../lib/gcc/avr/4.9.2/../../../../avr/lib/avr6\libm.a(floatsisf.o)
                0x000086bc                __floatunsisf
                0x000086c0                __floatsisf
 .text.avr-libc.fplib
                0x00008736       0x48 c:/program files (x86)/atmel/studio/7.0/toolchain/avr8/avr8-gnu-toolchain/bin/../lib/gcc/avr/4.9.2/../../../../avr/lib/avr6\libm.a(fp_cmp.o)
                0x00008736                __fp_cmp
 .text.avr-libc.fplib
                0x0000877e        0xc c:/program files (x86)/atmel/studio/7.0/toolchain/avr8/avr8-gnu-toolchain/bin/../lib/gcc/avr/4.9.2/../../../../avr/lib/avr6\libm.a(fp_inf.o)
                0x0000877e                __fp_inf
 .text.avr-libc.fplib
                0x0000878a        0x6 c:/program files (x86)/atmel/studio/7.0/toolchain/avr8/avr8-gnu-toolchain/bin/../lib/gcc/avr/4.9.2/../../../../avr/lib/avr6\libm.a(fp_nan.o)
                0x0000878a                __fp_nan
 .text.avr-libc.fplib
                0x00008790        0xe c:/program files (x86)/atmel/studio/7.0/toolchain/avr8/avr8-gnu-toolchain/bin/../lib/gcc/avr/4.9.2/../../../../avr/lib/avr6\libm.a(fp_pscA.o)
                0x00008790                __fp_pscA
 .text.avr-libc.fplib
                0x0000879e        0xe c:/program files (x86)/atmel/studio/7.0/toolchain/avr8/avr8-gnu-toolchain/bin/../lib/gcc/avr/4.9.2/../../../../avr/lib/avr6\libm.a(fp_pscB.o)
                0x0000879e                __fp_pscB
 .text.avr-libc.fplib
                0x000087ac       0x22 c:/program files (x86)/atmel/studio/7.0/toolchain/avr8/avr8-gnu-toolchain/bin/../lib/gcc/avr/4.9.2/../../../../avr/lib/avr6\libm.a(fp_round.o)
                0x000087ac                __fp_round
 .text.avr-libc.fplib
                0x000087ce       0x44 c:/program files (x86)/atmel/studio/7.0/toolchain/avr8/avr8-gnu-toolchain/bin/../lib/gcc/avr/4.9.2/../../../../avr/lib/avr6\libm.a(fp_split3.o)
                0x000087ce                __fp_split3
                0x000087de                __fp_splitA
 .text.avr-libc.fplib
                0x00008812        0xe c:/program files (x86)/atmel/studio/7.0/toolchain/avr8/avr8-gnu-toolchain/bin/../lib/gcc/avr/4.9.2/../../../../avr/lib/avr6\libm.a(fp_zero.o)
                0x00008812                __fp_zero
                0x00008814                __fp_szero
 .text.avr-libc.fplib
                0x00008820        0x8 c:/program files (x86)/atmel/studio/7.0/toolchain/avr8/avr8-gnu-toolchain/bin/../lib/gcc/avr/4.9.2/../../../../avr/lib/avr6\libm.a(gesf2.o)
                0x00008820                __gesf2
                0x00008820                __gtsf2
 .text.avr-libc.fplib
                0x00008828        0x4 c:/program files (x86)/atmel/studio/7.0/toolchain/avr8/avr8-gnu-toolchain/bin/../lib/gcc/avr/4.9.2/../../../../avr/lib/avr6\libm.a(mulsf3.o)
                0x00008828                __mulsf3
 .text.avr-libc.fplib
                0x0000882c       0xc2 c:/program files (x86)/atmel/studio/7.0/toolchain/avr8/avr8-gnu-toolchain/bin/../lib/gcc/avr/4.9.2/../../../../avr/lib/avr6\libm.a(mulsf3x.o)
                0x00008840                __mulsf3x
                0x00008844                __mulsf3_pse
 .text.avr-libc.fplib
                0x000088ee        0x8 c:/program files (x86)/atmel/studio/7.0/toolchain/avr8/avr8-gnu-toolchain/bin/../lib/gcc/avr/4.9.2/../../../../avr/lib/avr6\libm.a(unordsf2.o)
                0x000088ee                __unordsf2
 .text.libgcc.div
                0x000088f6       0x26 c:/program files (x86)/atmel/studio/7.0/toolchain/avr8/avr8-gnu-toolchain/bin/../lib/gcc/avr/4.9.2/avr6\libgcc.a(_divmodhi4.o)
                0x000088f6                _div
                0x000088f6                __divmodhi4
 .text.libgcc.div
                0x0000891c       0x44 c:/program files (x86)/atmel/studio/7.0/toolchain/avr8/avr8-gnu-toolchain/bin/../lib/gcc/avr/4.9.2/avr6\libgcc.a(_udivmodsi4.o)
                0x0000891c                __udivmodsi4
 .text.libgcc   0x00008960       0x10 c:/program files (x86)/atmel/studio/7.0/toolchain/avr8/avr8-gnu-toolchain/bin/../lib/gcc/avr/4.9.2/avr6\libgcc.a(_tablejump2.o)
                0x00008960                __tablejump2__
 .text.libgcc.div
                0x00008970       0x28 c:/program files (x86)/atmel/studio/7.0/toolchain/avr8/avr8-gnu-toolchain/bin/../lib/gcc/avr/4.9.2/avr6\libgcc.a(_udivmodhi4.o)
                0x00008970                __udivmodhi4
 .text.avr-libc
                0x00008998      0x25a c:/program files (x86)/atmel/studio/7.0/toolchain/avr8/avr8-gnu-toolchain/bin/../lib/gcc/avr/4.9.2/../../../../avr/lib/avr6\libc.a(malloc.o)
                0x00008998                malloc
                0x00008ac2                free
 .text.avr-libc
                0x00008bf2      0x1c8 c:/program files (x86)/atmel/studio/7.0/toolchain/avr8/avr8-gnu-toolchain/bin/../lib/gcc/avr/4.9.2/../../../../avr/lib/avr6\libc.a(realloc.o)
                0x00008bf2                realloc
 .text.avr-libc
                0x00008dba        0x8 c:/program files (x86)/atmel/studio/7.0/toolchain/avr8/avr8-gnu-toolchain/bin/../lib/gcc/avr/4.9.2/../../../../avr/lib/avr6\libc.a(abort.o)
                0x00008dba                abort
 .text.avr-libc
                0x00008dc2        0xe c:/program files (x86)/atmel/studio/7.0/toolchain/avr8/avr8-gnu-toolchain/bin/../lib/gcc/avr/4.9.2/../../../../avr/lib/avr6\libc.a(strcpy_P.o)
                0x00008dc2                strcpy_P
 .text.avr-libc
                0x00008dd0       0x12 c:/program files (x86)/atmel/studio/7.0/toolchain/avr8/avr8-gnu-toolchain/bin/../lib/gcc/avr/4.9.2/../../../../avr/lib/avr6\libc.a(strlen_P.o)
                0x00008dd0                __strlen_P
 .text.avr-libc
                0x00008de2       0x12 c:/program files (x86)/atmel/studio/7.0/toolchain/avr8/avr8-gnu-toolchain/bin/../lib/gcc/avr/4.9.2/../../../../avr/lib/avr6\libc.a(memcpy.o)
                0x00008de2                memcpy
 .text.avr-libc
                0x00008df4       0x12 c:/program files (x86)/atmel/studio/7.0/toolchain/avr8/avr8-gnu-toolchain/bin/../lib/gcc/avr/4.9.2/../../../../avr/lib/avr6\libc.a(strcmp.o)
                0x00008df4                strcmp
 .text.avr-libc
                0x00008e06        0xe c:/program files (x86)/atmel/studio/7.0/toolchain/avr8/avr8-gnu-toolchain/bin/../lib/gcc/avr/4.9.2/../../../../avr/lib/avr6\libc.a(strcpy.o)
                0x00008e06                strcpy
                0x00008e14                . = ALIGN (0x2)
 *(.fini9)
 .fini9         0x00008e14        0x0 c:/program files (x86)/atmel/studio/7.0/toolchain/avr8/avr8-gnu-toolchain/bin/../lib/gcc/avr/4.9.2/avr6\libgcc.a(_exit.o)
                0x00008e14                _exit
                0x00008e14                exit
 *(.fini9)
 *(.fini8)
 *(.fini8)
 *(.fini7)
 *(.fini7)
 *(.fini6)
 .fini6         0x00008e14       0x1e c:/program files (x86)/atmel/studio/7.0/toolchain/avr8/avr8-gnu-toolchain/bin/../lib/gcc/avr/4.9.2/avr6\libgcc.a(_dtors.o)
                0x00008e14                __do_global_dtors
 *(.fini6)
 *(.fini5)
 *(.fini5)
 *(.fini4)
 *(.fini4)
 *(.fini3)
 *(.fini3)
 *(.fini2)
 *(.fini2)
 *(.fini1)
 *(.fini1)
 *(.fini0)
 .fini0         0x00008e32        0x4 c:/program files (x86)/atmel/studio/7.0/toolchain/avr8/avr8-gnu-toolchain/bin/../lib/gcc/avr/4.9.2/avr6\libgcc.a(_exit.o)
 *(.fini0)
                0x00008e36                _etext = .

.data           0x00800200      0x3ee load address 0x00008e36
                0x00800200                PROVIDE (__data_start, .)
 *(.data)
 .data          0x00800200        0x6 c:/program files (x86)/atmel/studio/7.0/toolchain/avr8/avr8-gnu-toolchain/bin/../lib/gcc/avr/4.9.2/../../../../avr/lib/avr6\libc.a(malloc.o)
                0x00800200                __malloc_heap_end
                0x00800202                __malloc_heap_start
                0x00800204                __malloc_margin
 *(.data*)
 .data.WB_R2C_X
                0x00800206       0x90 classes/Hardware.o
                0x00800206                WB_R2C_X
 .data.firstpass
                0x00800296        0x1 Main.o
                0x00800296                firstpass
 .data._ZL9tone_pins
                0x00800297        0x1 src/Tone.o
 .data.analog_reference
                0x00800298        0x1 src/wiring_analog.o
                0x00800298                analog_reference
 *(.rodata)
 *(.rodata*)
 .rodata.str1.1
                0x00800299       0x3d classes/BK/BK_UI.o
                                 0x41 (size before relaxing)
 .rodata.str1.1
                0x008002d6        0xb classes/DigitalIO.o
 .rodata.str1.1
                0x008002e1        0xb classes/EZUI/Controls/EZUI_Control_Link.o
                                  0x1 (size before relaxing)
 .rodata.str1.1
                0x008002e1        0xc classes/EZUI/Controls/EZUI_Control_ToggleOption.o
 .rodata.str1.1
                0x008002e1       0x40 classes/Hardware.o
                                 0x46 (size before relaxing)
 .rodata.str1.1
                0x00800321       0x12 classes/HLT/HLT_UI.o
                                 0x43 (size before relaxing)
 .rodata.str1.1
                0x00800333       0x9b classes/MAIN/MAIN_UI.o
                                 0xbd (size before relaxing)
 .rodata.str1.1
                0x008003ce       0x12 classes/MLT/MLT_UI.o
                                 0x43 (size before relaxing)
 .rodata.str1.1
                0x008003e0       0x10 classes/EZUI/ClickEncoderWithEvents.o
 .rodata.str1.1
                0x008003f0       0x16 classes/EZUI/EZUI_Menu.o
                                 0x19 (size before relaxing)
 .rodata._ZTV10LinkedListI13EZUI_MenuItemE
                0x00800406       0x18 classes/EZUI/EZUI_Menu.o
                0x00800406                _ZTV10LinkedListI13EZUI_MenuItemE
 .rodata.str1.1
                0x0080041e       0x43 classes/EZUI/EZUI_MenuItem.o
                                 0x45 (size before relaxing)
 .rodata.str1.1
                0x00800461        0xb classes/EZUI/EZUI_Page.o
                                 0x20 (size before relaxing)
 .rodata._ZTV10LinkedListI13EZUI_PageItemE
                0x0080046c       0x18 classes/EZUI/EZUI_Page.o
                0x0080046c                _ZTV10LinkedListI13EZUI_PageItemE
 .rodata._ZTV10LinkedListIiE
                0x00800484       0x18 classes/EZUI/EZUI_Page.o
                0x00800484                _ZTV10LinkedListIiE
 .rodata.str1.1
                0x0080049c        0xb classes/EZUI/EZUI_PageItem.o
                                 0x29 (size before relaxing)
 .rodata.str1.1
                0x0080049c       0x19 classes/EZUI/EZUI.o
                                 0x1a (size before relaxing)
 .rodata.str1.1
                0x008004b5       0x26 classes/Executive.o
 .rodata.str1.1
                0x008004db        0x1 classes/WheatstoneBridge.o
 .rodata._ZTV3LCD
                0x008004db       0x10 include/LiquidCrystal/LCD.o
                0x008004db                _ZTV3LCD
 .rodata._ZTV17LiquidCrystal_I2C
                0x008004eb       0x10 include/LiquidCrystal/LiquidCrystal_I2C.o
                0x008004eb                _ZTV17LiquidCrystal_I2C
 .rodata._ZTV7TwoWire
                0x008004fb       0x10 include/Wire/Wire.o
                0x008004fb                _ZTV7TwoWire
 .rodata.str1.1
                0x0080050b       0xbd Main.o
                                 0xbe (size before relaxing)
 .rodata._ZTV14HardwareSerial
                0x008005c8       0x10 src/HardwareSerial.o
                0x008005c8                _ZTV14HardwareSerial
 .rodata._ZTV9IPAddress
                0x008005d8        0x6 src/IPAddress.o
                0x008005d8                _ZTV9IPAddress
 .rodata.str1.1
                0x008005de        0xf src/Print.o
                                 0x11 (size before relaxing)
 *(.gnu.linkonce.d*)
                0x008005ee                . = ALIGN (0x2)
 *fill*         0x008005ed        0x1 
                0x008005ee                _edata = .
                0x008005ee                PROVIDE (__data_end, .)

.bss            0x008005ee      0x532
                0x008005ee                PROVIDE (__bss_start, .)
 *(.bss)
 *(.bss*)
 .bss.BK_UI     0x008005ee        0x2 classes/BK/BK_UI.o
                0x008005ee                BK_UI
 .bss.BK_ENC    0x008005f0        0x2 classes/Hardware.o
                0x008005f0                BK_ENC
 .bss.BK_LCD    0x008005f2       0x18 classes/Hardware.o
                0x008005f2                BK_LCD
 .bss.MLT_ENC   0x0080060a        0x2 classes/Hardware.o
                0x0080060a                MLT_ENC
 .bss.MLT_LCD   0x0080060c       0x18 classes/Hardware.o
                0x0080060c                MLT_LCD
 .bss.HLT_RTD_BP
                0x00800624        0x2 classes/Hardware.o
                0x00800624                HLT_RTD_BP
 .bss.HLT_ENC   0x00800626        0x2 classes/Hardware.o
                0x00800626                HLT_ENC
 .bss.HLT_LCD   0x00800628       0x18 classes/Hardware.o
                0x00800628                HLT_LCD
 .bss.MAIN_ENC  0x00800640        0x2 classes/Hardware.o
                0x00800640                MAIN_ENC
 .bss.MAIN_LCD  0x00800642       0x18 classes/Hardware.o
                0x00800642                MAIN_LCD
 .bss.RC2_OUT8  0x0080065a       0x11 classes/Hardware.o
                0x0080065a                RC2_OUT8
 .bss.RC2_OUT7  0x0080066b       0x11 classes/Hardware.o
                0x0080066b                RC2_OUT7
 .bss.RC2_OUT6  0x0080067c       0x11 classes/Hardware.o
                0x0080067c                RC2_OUT6
 .bss.RC2_OUT5  0x0080068d       0x11 classes/Hardware.o
                0x0080068d                RC2_OUT5
 .bss.RC2_OUT4  0x0080069e       0x11 classes/Hardware.o
                0x0080069e                RC2_OUT4
 .bss.RC2_OUT3  0x008006af       0x11 classes/Hardware.o
                0x008006af                RC2_OUT3
 .bss.RC2_OUT2  0x008006c0       0x11 classes/Hardware.o
                0x008006c0                RC2_OUT2
 .bss.RC2_OUT1  0x008006d1       0x11 classes/Hardware.o
                0x008006d1                RC2_OUT1
 .bss.RC1_OUT8  0x008006e2       0x11 classes/Hardware.o
                0x008006e2                RC1_OUT8
 .bss.RC1_OUT7  0x008006f3       0x11 classes/Hardware.o
                0x008006f3                RC1_OUT7
 .bss.RC1_OUT6  0x00800704       0x11 classes/Hardware.o
                0x00800704                RC1_OUT6
 .bss.RC1_OUT5  0x00800715       0x11 classes/Hardware.o
                0x00800715                RC1_OUT5
 .bss.RC1_OUT4  0x00800726       0x11 classes/Hardware.o
                0x00800726                RC1_OUT4
 .bss.RC1_OUT3  0x00800737       0x11 classes/Hardware.o
                0x00800737                RC1_OUT3
 .bss.RC1_OUT2  0x00800748       0x11 classes/Hardware.o
                0x00800748                RC1_OUT2
 .bss.RC1_OUT1  0x00800759       0x11 classes/Hardware.o
                0x00800759                RC1_OUT1
 .bss.analog15  0x0080076a        0x4 classes/Hardware.o
                0x0080076a                analog15
 .bss.analog14  0x0080076e        0x4 classes/Hardware.o
                0x0080076e                analog14
 .bss.analog13  0x00800772        0x4 classes/Hardware.o
                0x00800772                analog13
 .bss.analog12  0x00800776        0x4 classes/Hardware.o
                0x00800776                analog12
 .bss.analog11  0x0080077a        0x4 classes/Hardware.o
                0x0080077a                analog11
 .bss.analog10  0x0080077e        0x4 classes/Hardware.o
                0x0080077e                analog10
 .bss.analog9   0x00800782        0x4 classes/Hardware.o
                0x00800782                analog9
 .bss.analog8   0x00800786        0x4 classes/Hardware.o
                0x00800786                analog8
 .bss.analog7   0x0080078a        0x4 classes/Hardware.o
                0x0080078a                analog7
 .bss.analog6   0x0080078e        0x4 classes/Hardware.o
                0x0080078e                analog6
 .bss.analog5   0x00800792        0x4 classes/Hardware.o
                0x00800792                analog5
 .bss.analog4   0x00800796        0x4 classes/Hardware.o
                0x00800796                analog4
 .bss.analog3   0x0080079a        0x4 classes/Hardware.o
                0x0080079a                analog3
 .bss.analog2   0x0080079e        0x4 classes/Hardware.o
                0x0080079e                analog2
 .bss.analog1   0x008007a2        0x4 classes/Hardware.o
                0x008007a2                analog1
 .bss.analog0   0x008007a6        0x4 classes/Hardware.o
                0x008007a6                analog0
 .bss.HLT_UI    0x008007aa        0x2 classes/HLT/HLT_UI.o
                0x008007aa                HLT_UI
 .bss.MAIN_UI   0x008007ac        0x2 classes/MAIN/MAIN_UI.o
                0x008007ac                MAIN_UI
 .bss.MLT_UI    0x008007ae        0x2 classes/MLT/MLT_UI.o
                0x008007ae                MLT_UI
 .bss._ZZN12ClickEncoder7serviceEvE16doubleClickTicks
                0x008007b0        0x1 include/ClickEncoder/ClickEncoder.o
 .bss._ZZN12ClickEncoder7serviceEvE12keyDownTicks
                0x008007b1        0x2 include/ClickEncoder/ClickEncoder.o
 .bss._ZZN12ClickEncoder7serviceEvE15lastButtonCheck
                0x008007b3        0x4 include/ClickEncoder/ClickEncoder.o
 .bss._ZN8TimerOne11isrCallbackE
                0x008007b7        0x2 include/TimerOne/TimerOne.o
                0x008007b7                _ZN8TimerOne11isrCallbackE
 .bss._ZN8TimerOne15clockSelectBitsE
                0x008007b9        0x1 include/TimerOne/TimerOne.o
                0x008007b9                _ZN8TimerOne15clockSelectBitsE
 .bss._ZN8TimerOne9pwmPeriodE
                0x008007ba        0x2 include/TimerOne/TimerOne.o
                0x008007ba                _ZN8TimerOne9pwmPeriodE
 .bss.twi_error
                0x008007bc        0x1 include/Wire/twi.o
 .bss.twi_rxBufferIndex
                0x008007bd        0x1 include/Wire/twi.o
 .bss.twi_rxBuffer
                0x008007be       0x20 include/Wire/twi.o
 .bss.twi_txBufferLength
                0x008007de        0x1 include/Wire/twi.o
 .bss.twi_txBufferIndex
                0x008007df        0x1 include/Wire/twi.o
 .bss.twi_txBuffer
                0x008007e0       0x20 include/Wire/twi.o
 .bss.twi_masterBufferLength
                0x00800800        0x1 include/Wire/twi.o
 .bss.twi_masterBufferIndex
                0x00800801        0x1 include/Wire/twi.o
 .bss.twi_masterBuffer
                0x00800802       0x20 include/Wire/twi.o
 .bss.twi_onSlaveReceive
                0x00800822        0x2 include/Wire/twi.o
 .bss.twi_onSlaveTransmit
                0x00800824        0x2 include/Wire/twi.o
 .bss.twi_inRepStart
                0x00800826        0x1 include/Wire/twi.o
 .bss.twi_sendStop
                0x00800827        0x1 include/Wire/twi.o
 .bss.twi_slarw
                0x00800828        0x1 include/Wire/twi.o
 .bss.twi_state
                0x00800829        0x1 include/Wire/twi.o
 .bss.Wire      0x0080082a        0xc include/Wire/Wire.o
                0x0080082a                Wire
 .bss._ZN7TwoWire12transmittingE
                0x00800836        0x1 include/Wire/Wire.o
                0x00800836                _ZN7TwoWire12transmittingE
 .bss._ZN7TwoWire14txBufferLengthE
                0x00800837        0x1 include/Wire/Wire.o
                0x00800837                _ZN7TwoWire14txBufferLengthE
 .bss._ZN7TwoWire13txBufferIndexE
                0x00800838        0x1 include/Wire/Wire.o
                0x00800838                _ZN7TwoWire13txBufferIndexE
 .bss._ZN7TwoWire8txBufferE
                0x00800839       0x20 include/Wire/Wire.o
                0x00800839                _ZN7TwoWire8txBufferE
 .bss._ZN7TwoWire9txAddressE
                0x00800859        0x1 include/Wire/Wire.o
                0x00800859                _ZN7TwoWire9txAddressE
 .bss._ZN7TwoWire14rxBufferLengthE
                0x0080085a        0x1 include/Wire/Wire.o
                0x0080085a                _ZN7TwoWire14rxBufferLengthE
 .bss._ZN7TwoWire13rxBufferIndexE
                0x0080085b        0x1 include/Wire/Wire.o
                0x0080085b                _ZN7TwoWire13rxBufferIndexE
 .bss._ZN7TwoWire8rxBufferE
                0x0080085c       0x20 include/Wire/Wire.o
                0x0080085c                _ZN7TwoWire8rxBufferE
 .bss.Exec      0x0080087c        0x2 Main.o
                0x0080087c                Exec
 .bss.BootScreenTime
                0x0080087e        0x4 Main.o
                0x0080087e                BootScreenTime
 .bss.Serial    0x00800882       0x9d src/HardwareSerial0.o
                0x00800882                Serial
 .bss.Serial1   0x0080091f       0x9d src/HardwareSerial1.o
                0x0080091f                Serial1
 .bss.Serial2   0x008009bc       0x9d src/HardwareSerial2.o
                0x008009bc                Serial2
 .bss.Serial3   0x00800a59       0x9d src/HardwareSerial3.o
                0x00800a59                Serial3
 .bss._ZL11INADDR_NONE
                0x00800af6        0x6 src/IPAddress.o
 .bss.timer2_pin_mask
                0x00800afc        0x1 src/Tone.o
                0x00800afc                timer2_pin_mask
 .bss.timer2_pin_port
                0x00800afd        0x2 src/Tone.o
                0x00800afd                timer2_pin_port
 .bss.timer2_toggle_count
                0x00800aff        0x4 src/Tone.o
                0x00800aff                timer2_toggle_count
 .bss.intFunc   0x00800b03       0x10 src/WInterrupts.o
 .bss.timer0_fract
                0x00800b13        0x1 src/wiring.o
 .bss.timer0_millis
                0x00800b14        0x4 src/wiring.o
                0x00800b14                timer0_millis
 .bss.timer0_overflow_count
                0x00800b18        0x4 src/wiring.o
                0x00800b18                timer0_overflow_count
 *(COMMON)
 COMMON         0x00800b1c        0x4 c:/program files (x86)/atmel/studio/7.0/toolchain/avr8/avr8-gnu-toolchain/bin/../lib/gcc/avr/4.9.2/../../../../avr/lib/avr6\libc.a(malloc.o)
                0x00800b1c                __brkval
                0x00800b1e                __flp
                0x00800b20                PROVIDE (__bss_end, .)
                0x00008e36                __data_load_start = LOADADDR (.data)
                0x00009224                __data_load_end = (__data_load_start + SIZEOF (.data))

.noinit         0x00800b20        0x0
                0x00800b20                PROVIDE (__noinit_start, .)
 *(.noinit*)
                0x00800b20                PROVIDE (__noinit_end, .)
                0x00800b20                _end = .
                0x00800b20                PROVIDE (__heap_start, .)

.eeprom         0x00810000        0x0
 *(.eeprom*)
                0x00810000                __eeprom_end = .

.fuse
 *(.fuse)
 *(.lfuse)
 *(.hfuse)
 *(.efuse)

.lock
 *(.lock*)

.signature
 *(.signature*)

.user_signatures
 *(.user_signatures*)

.stab
 *(.stab)

.stabstr
 *(.stabstr)

.stab.excl
 *(.stab.excl)

.stab.exclstr
 *(.stab.exclstr)

.stab.index
 *(.stab.index)

.stab.indexstr
 *(.stab.indexstr)

.comment        0x00000000       0x30
 *(.comment)
 .comment       0x00000000       0x30 classes/BK/BK_UI.o
                                 0x31 (size before relaxing)
 .comment       0x00000030       0x31 classes/DigitalIO.o
 .comment       0x00000030       0x31 classes/EZUI/Controls/EZUI_Control_Link.o
 .comment       0x00000030       0x31 classes/EZUI/Controls/EZUI_Control_ToggleOption.o
 .comment       0x00000030       0x31 classes/Hardware.o
 .comment       0x00000030       0x31 classes/HLT/HLT_UI.o
 .comment       0x00000030       0x31 classes/MAIN/MAIN_UI.o
 .comment       0x00000030       0x31 classes/MLT/MLT_UI.o
 .comment       0x00000030       0x31 classes/EZUI/ClickEncoderWithEvents.o
 .comment       0x00000030       0x31 classes/EZUI/EZUI_Menu.o
 .comment       0x00000030       0x31 classes/EZUI/EZUI_MenuItem.o
 .comment       0x00000030       0x31 classes/EZUI/EZUI_Page.o
 .comment       0x00000030       0x31 classes/EZUI/EZUI_PageItem.o
 .comment       0x00000030       0x31 classes/EZUI/EZUI.o
 .comment       0x00000030       0x31 classes/Executive.o
 .comment       0x00000030       0x31 classes/LUT.o
 .comment       0x00000030       0x31 classes/WheatstoneBridge.o
 .comment       0x00000030       0x31 include/ClickEncoder/ClickEncoder.o
 .comment       0x00000030       0x31 include/LiquidCrystal/I2CIO.o
 .comment       0x00000030       0x31 include/LiquidCrystal/LCD.o
 .comment       0x00000030       0x31 include/LiquidCrystal/LiquidCrystal_I2C.o
 .comment       0x00000030       0x31 include/TimerOne/TimerOne.o
 .comment       0x00000030       0x31 include/Wire/twi.o
 .comment       0x00000030       0x31 include/Wire/Wire.o
 .comment       0x00000030       0x31 Main.o
 .comment       0x00000030       0x31 src/abi.o
 .comment       0x00000030       0x31 src/HardwareSerial.o
 .comment       0x00000030       0x31 src/HardwareSerial0.o
 .comment       0x00000030       0x31 src/HardwareSerial1.o
 .comment       0x00000030       0x31 src/HardwareSerial2.o
 .comment       0x00000030       0x31 src/HardwareSerial3.o
 .comment       0x00000030       0x31 src/hooks.o
 .comment       0x00000030       0x31 src/IPAddress.o
 .comment       0x00000030       0x31 src/main.o
 .comment       0x00000030       0x31 src/new.o
 .comment       0x00000030       0x31 src/Print.o
 .comment       0x00000030       0x31 src/Tone.o
 .comment       0x00000030       0x31 src/WInterrupts.o
 .comment       0x00000030       0x31 src/wiring.o
 .comment       0x00000030       0x31 src/wiring_analog.o
 .comment       0x00000030       0x31 src/wiring_digital.o
 .comment       0x00000030       0x31 src/WString.o
 .comment       0x00000030       0x31 c:/program files (x86)/atmel/studio/7.0/toolchain/avr8/avr8-gnu-toolchain/bin/../lib/gcc/avr/4.9.2/../../../../avr/lib/avr6\libc.a(malloc.o)
 .comment       0x00000030       0x31 c:/program files (x86)/atmel/studio/7.0/toolchain/avr8/avr8-gnu-toolchain/bin/../lib/gcc/avr/4.9.2/../../../../avr/lib/avr6\libc.a(realloc.o)

.note.gnu.avr.deviceinfo
                0x00000000       0x40
 .note.gnu.avr.deviceinfo
                0x00000000       0x40 C:/Program Files (x86)/Atmel/Studio/7.0/Packs/atmel/ATmega_DFP/1.0.90/gcc/dev/atmega2560/avr6/crtatmega2560.o

.note.gnu.build-id
 *(.note.gnu.build-id)

.debug
 *(.debug)

.line
 *(.line)

.debug_srcinfo
 *(.debug_srcinfo)

.debug_sfnames
 *(.debug_sfnames)

.debug_aranges  0x00000000     0x10c0
 *(.debug_aranges)
 .debug_aranges
                0x00000000       0x28 classes/BK/BK_UI.o
 .debug_aranges
                0x00000028       0x50 classes/DigitalIO.o
 .debug_aranges
                0x00000078       0x38 classes/EZUI/Controls/EZUI_Control_Link.o
 .debug_aranges
                0x000000b0       0x70 classes/EZUI/Controls/EZUI_Control_ToggleOption.o
 .debug_aranges
                0x00000120       0x40 classes/Hardware.o
 .debug_aranges
                0x00000160       0x28 classes/HLT/HLT_UI.o
 .debug_aranges
                0x00000188       0x28 classes/MAIN/MAIN_UI.o
 .debug_aranges
                0x000001b0       0x28 classes/MLT/MLT_UI.o
 .debug_aranges
                0x000001d8       0x28 classes/EZUI/ClickEncoderWithEvents.o
 .debug_aranges
                0x00000200       0xb0 classes/EZUI/EZUI_Menu.o
 .debug_aranges
                0x000002b0       0x48 classes/EZUI/EZUI_MenuItem.o
 .debug_aranges
                0x000002f8      0x108 classes/EZUI/EZUI_Page.o
 .debug_aranges
                0x00000400       0xf0 classes/EZUI/EZUI_PageItem.o
 .debug_aranges
                0x000004f0       0x70 classes/EZUI/EZUI.o
 .debug_aranges
                0x00000560       0x40 classes/Executive.o
 .debug_aranges
                0x000005a0       0x30 classes/LUT.o
 .debug_aranges
                0x000005d0       0x38 classes/WheatstoneBridge.o
 .debug_aranges
                0x00000608       0x38 include/ClickEncoder/ClickEncoder.o
 .debug_aranges
                0x00000640       0x58 include/LiquidCrystal/I2CIO.o
 .debug_aranges
                0x00000698       0xf8 include/LiquidCrystal/LCD.o
 .debug_aranges
                0x00000790       0x88 include/LiquidCrystal/LiquidCrystal_I2C.o
 .debug_aranges
                0x00000818       0x20 include/TimerOne/TimerOne.o
 .debug_aranges
                0x00000838       0x70 include/Wire/twi.o
 .debug_aranges
                0x000008a8       0xd8 include/Wire/Wire.o
 .debug_aranges
                0x00000980       0x30 Main.o
 .debug_aranges
                0x000009b0       0x28 src/abi.o
 .debug_aranges
                0x000009d8       0x68 src/HardwareSerial.o
 .debug_aranges
                0x00000a40       0x38 src/HardwareSerial0.o
 .debug_aranges
                0x00000a78       0x38 src/HardwareSerial1.o
 .debug_aranges
                0x00000ab0       0x38 src/HardwareSerial2.o
 .debug_aranges
                0x00000ae8       0x38 src/HardwareSerial3.o
 .debug_aranges
                0x00000b20       0x20 src/hooks.o
 .debug_aranges
                0x00000b40       0x60 src/IPAddress.o
 .debug_aranges
                0x00000ba0       0x30 src/main.o
 .debug_aranges
                0x00000bd0       0x38 src/new.o
 .debug_aranges
                0x00000c08       0xe8 src/Print.o
 .debug_aranges
                0x00000cf0       0x38 src/Tone.o
 .debug_aranges
                0x00000d28       0x68 src/WInterrupts.o
 .debug_aranges
                0x00000d90       0x48 src/wiring.o
 .debug_aranges
                0x00000dd8       0x30 src/wiring_analog.o
 .debug_aranges
                0x00000e08       0x38 src/wiring_digital.o
 .debug_aranges
                0x00000e40      0x280 src/WString.o

.debug_pubnames
 *(.debug_pubnames)

.debug_info     0x00000000    0x4da15
 *(.debug_info .gnu.linkonce.wi.*)
 .debug_info    0x00000000     0x37a9 classes/BK/BK_UI.o
 .debug_info    0x000037a9     0x13c6 classes/DigitalIO.o
 .debug_info    0x00004b6f     0x31d7 classes/EZUI/Controls/EZUI_Control_Link.o
 .debug_info    0x00007d46     0x1b11 classes/EZUI/Controls/EZUI_Control_ToggleOption.o
 .debug_info    0x00009857     0x4d60 classes/Hardware.o
 .debug_info    0x0000e5b7     0x37a9 classes/HLT/HLT_UI.o
 .debug_info    0x00011d60     0x43ef classes/MAIN/MAIN_UI.o
 .debug_info    0x0001614f     0x37a9 classes/MLT/MLT_UI.o
 .debug_info    0x000198f8     0x3122 classes/EZUI/ClickEncoderWithEvents.o
 .debug_info    0x0001ca1a     0x4075 classes/EZUI/EZUI_Menu.o
 .debug_info    0x00020a8f     0x373a classes/EZUI/EZUI_MenuItem.o
 .debug_info    0x000241c9     0x52b8 classes/EZUI/EZUI_Page.o
 .debug_info    0x00029481     0x5037 classes/EZUI/EZUI_PageItem.o
 .debug_info    0x0002e4b8     0x3414 classes/EZUI/EZUI.o
 .debug_info    0x000318cc     0x36a5 classes/Executive.o
 .debug_info    0x00034f71      0x59b classes/LUT.o
 .debug_info    0x0003550c     0x1525 classes/WheatstoneBridge.o
 .debug_info    0x00036a31      0x69a include/ClickEncoder/ClickEncoder.o
 .debug_info    0x000370cb      0x723 include/LiquidCrystal/I2CIO.o
 .debug_info    0x000377ee     0x117c include/LiquidCrystal/LCD.o
 .debug_info    0x0003896a     0x12c0 include/LiquidCrystal/LiquidCrystal_I2C.o
 .debug_info    0x00039c2a      0x3d8 include/TimerOne/TimerOne.o
 .debug_info    0x0003a002      0x70f include/Wire/twi.o
 .debug_info    0x0003a711     0x2229 include/Wire/Wire.o
 .debug_info    0x0003c93a      0x8f2 Main.o
 .debug_info    0x0003d22c       0x8e src/abi.o
 .debug_info    0x0003d2ba     0x1b3b src/HardwareSerial.o
 .debug_info    0x0003edf5     0x1782 src/HardwareSerial0.o
 .debug_info    0x00040577     0x1782 src/HardwareSerial1.o
 .debug_info    0x00041cf9     0x1782 src/HardwareSerial2.o
 .debug_info    0x0004347b     0x1788 src/HardwareSerial3.o
 .debug_info    0x00044c03       0x3e src/hooks.o
 .debug_info    0x00044c41      0x9ed src/IPAddress.o
 .debug_info    0x0004562e      0x24b src/main.o
 .debug_info    0x00045879      0x188 src/new.o
 .debug_info    0x00045a01     0x2603 src/Print.o
 .debug_info    0x00048004      0xa43 src/Tone.o
 .debug_info    0x00048a47      0x2ea src/WInterrupts.o
 .debug_info    0x00048d31      0x319 src/wiring.o
 .debug_info    0x0004904a      0x32f src/wiring_analog.o
 .debug_info    0x00049379      0x635 src/wiring_digital.o
 .debug_info    0x000499ae     0x4067 src/WString.o

.debug_abbrev   0x00000000     0x83ce
 *(.debug_abbrev)
 .debug_abbrev  0x00000000      0x49f classes/BK/BK_UI.o
 .debug_abbrev  0x0000049f      0x30c classes/DigitalIO.o
 .debug_abbrev  0x000007ab      0x3f6 classes/EZUI/Controls/EZUI_Control_Link.o
 .debug_abbrev  0x00000ba1      0x2bf classes/EZUI/Controls/EZUI_Control_ToggleOption.o
 .debug_abbrev  0x00000e60      0x561 classes/Hardware.o
 .debug_abbrev  0x000013c1      0x49f classes/HLT/HLT_UI.o
 .debug_abbrev  0x00001860      0x49f classes/MAIN/MAIN_UI.o
 .debug_abbrev  0x00001cff      0x49f classes/MLT/MLT_UI.o
 .debug_abbrev  0x0000219e      0x3d8 classes/EZUI/ClickEncoderWithEvents.o
 .debug_abbrev  0x00002576      0x594 classes/EZUI/EZUI_Menu.o
 .debug_abbrev  0x00002b0a      0x491 classes/EZUI/EZUI_MenuItem.o
 .debug_abbrev  0x00002f9b      0x61c classes/EZUI/EZUI_Page.o
 .debug_abbrev  0x000035b7      0x4a7 classes/EZUI/EZUI_PageItem.o
 .debug_abbrev  0x00003a5e      0x442 classes/EZUI/EZUI.o
 .debug_abbrev  0x00003ea0      0x41e classes/Executive.o
 .debug_abbrev  0x000042be      0x1c1 classes/LUT.o
 .debug_abbrev  0x0000447f      0x29a classes/WheatstoneBridge.o
 .debug_abbrev  0x00004719      0x262 include/ClickEncoder/ClickEncoder.o
 .debug_abbrev  0x0000497b      0x22d include/LiquidCrystal/I2CIO.o
 .debug_abbrev  0x00004ba8      0x365 include/LiquidCrystal/LCD.o
 .debug_abbrev  0x00004f0d      0x372 include/LiquidCrystal/LiquidCrystal_I2C.o
 .debug_abbrev  0x0000527f      0x126 include/TimerOne/TimerOne.o
 .debug_abbrev  0x000053a5      0x251 include/Wire/twi.o
 .debug_abbrev  0x000055f6      0x4e2 include/Wire/Wire.o
 .debug_abbrev  0x00005ad8      0x2fa Main.o
 .debug_abbrev  0x00005dd2       0x5e src/abi.o
 .debug_abbrev  0x00005e30      0x370 src/HardwareSerial.o
 .debug_abbrev  0x000061a0      0x35d src/HardwareSerial0.o
 .debug_abbrev  0x000064fd      0x35d src/HardwareSerial1.o
 .debug_abbrev  0x0000685a      0x35d src/HardwareSerial2.o
 .debug_abbrev  0x00006bb7      0x366 src/HardwareSerial3.o
 .debug_abbrev  0x00006f1d       0x2a src/hooks.o
 .debug_abbrev  0x00006f47      0x33d src/IPAddress.o
 .debug_abbrev  0x00007284       0xd1 src/main.o
 .debug_abbrev  0x00007355       0xd6 src/new.o
 .debug_abbrev  0x0000742b      0x3b0 src/Print.o
 .debug_abbrev  0x000077db      0x261 src/Tone.o
 .debug_abbrev  0x00007a3c       0xe6 src/WInterrupts.o
 .debug_abbrev  0x00007b22      0x145 src/wiring.o
 .debug_abbrev  0x00007c67      0x190 src/wiring_analog.o
 .debug_abbrev  0x00007df7      0x15a src/wiring_digital.o
 .debug_abbrev  0x00007f51      0x47d src/WString.o

.debug_line     0x00000000     0xb3ab
 *(.debug_line .debug_line.* .debug_line_end)
 .debug_line    0x00000000      0x3d8 classes/BK/BK_UI.o
 .debug_line    0x000003d8      0x1fa classes/DigitalIO.o
 .debug_line    0x000005d2      0x373 classes/EZUI/Controls/EZUI_Control_Link.o
 .debug_line    0x00000945      0x385 classes/EZUI/Controls/EZUI_Control_ToggleOption.o
 .debug_line    0x00000cca      0x5e9 classes/Hardware.o
 .debug_line    0x000012b3      0x3e2 classes/HLT/HLT_UI.o
 .debug_line    0x00001695      0x46c classes/MAIN/MAIN_UI.o
 .debug_line    0x00001b01      0x3e2 classes/MLT/MLT_UI.o
 .debug_line    0x00001ee3      0x430 classes/EZUI/ClickEncoderWithEvents.o
 .debug_line    0x00002313      0x94d classes/EZUI/EZUI_Menu.o
 .debug_line    0x00002c60      0x502 classes/EZUI/EZUI_MenuItem.o
 .debug_line    0x00003162      0xe56 classes/EZUI/EZUI_Page.o
 .debug_line    0x00003fb8      0xaee classes/EZUI/EZUI_PageItem.o
 .debug_line    0x00004aa6      0x4c6 classes/EZUI/EZUI.o
 .debug_line    0x00004f6c      0x462 classes/Executive.o
 .debug_line    0x000053ce      0x17f classes/LUT.o
 .debug_line    0x0000554d      0x287 classes/WheatstoneBridge.o
 .debug_line    0x000057d4      0x329 include/ClickEncoder/ClickEncoder.o
 .debug_line    0x00005afd      0x318 include/LiquidCrystal/I2CIO.o
 .debug_line    0x00005e15      0x585 include/LiquidCrystal/LCD.o
 .debug_line    0x0000639a      0x597 include/LiquidCrystal/LiquidCrystal_I2C.o
 .debug_line    0x00006931       0xef include/TimerOne/TimerOne.o
 .debug_line    0x00006a20      0x510 include/Wire/twi.o
 .debug_line    0x00006f30      0x50e include/Wire/Wire.o
 .debug_line    0x0000743e      0x352 Main.o
 .debug_line    0x00007790       0xba src/abi.o
 .debug_line    0x0000784a      0x49f src/HardwareSerial.o
 .debug_line    0x00007ce9      0x238 src/HardwareSerial0.o
 .debug_line    0x00007f21      0x238 src/HardwareSerial1.o
 .debug_line    0x00008159      0x236 src/HardwareSerial2.o
 .debug_line    0x0000838f      0x236 src/HardwareSerial3.o
 .debug_line    0x000085c5       0x3c src/hooks.o
 .debug_line    0x00008601      0x2a9 src/IPAddress.o
 .debug_line    0x000088aa      0x13a src/main.o
 .debug_line    0x000089e4      0x162 src/new.o
 .debug_line    0x00008b46      0x643 src/Print.o
 .debug_line    0x00009189      0x515 src/Tone.o
 .debug_line    0x0000969e      0x30e src/WInterrupts.o
 .debug_line    0x000099ac      0x2ac src/wiring.o
 .debug_line    0x00009c58      0x2a7 src/wiring_analog.o
 .debug_line    0x00009eff      0x27f src/wiring_digital.o
 .debug_line    0x0000a17e     0x122d src/WString.o

.debug_frame    0x00000000     0x3d28
 *(.debug_frame)
 .debug_frame   0x00000000       0x88 classes/BK/BK_UI.o
 .debug_frame   0x00000088      0x110 classes/DigitalIO.o
 .debug_frame   0x00000198       0x94 classes/EZUI/Controls/EZUI_Control_Link.o
 .debug_frame   0x0000022c      0x1e4 classes/EZUI/Controls/EZUI_Control_ToggleOption.o
 .debug_frame   0x00000410       0xc8 classes/Hardware.o
 .debug_frame   0x000004d8       0x88 classes/HLT/HLT_UI.o
 .debug_frame   0x00000560       0xa8 classes/MAIN/MAIN_UI.o
 .debug_frame   0x00000608       0x88 classes/MLT/MLT_UI.o
 .debug_frame   0x00000690       0x40 classes/EZUI/ClickEncoderWithEvents.o
 .debug_frame   0x000006d0      0x39c classes/EZUI/EZUI_Menu.o
 .debug_frame   0x00000a6c       0xc4 classes/EZUI/EZUI_MenuItem.o
 .debug_frame   0x00000b30      0x560 classes/EZUI/EZUI_Page.o
 .debug_frame   0x00001090      0x5d0 classes/EZUI/EZUI_PageItem.o
 .debug_frame   0x00001660      0x104 classes/EZUI/EZUI.o
 .debug_frame   0x00001764       0xa0 classes/Executive.o
 .debug_frame   0x00001804       0xb8 classes/LUT.o
 .debug_frame   0x000018bc      0x1cc classes/WheatstoneBridge.o
 .debug_frame   0x00001a88       0x98 include/ClickEncoder/ClickEncoder.o
 .debug_frame   0x00001b20       0xc8 include/LiquidCrystal/I2CIO.o
 .debug_frame   0x00001be8      0x228 include/LiquidCrystal/LCD.o
 .debug_frame   0x00001e10      0x270 include/LiquidCrystal/LiquidCrystal_I2C.o
 .debug_frame   0x00002080       0x6c include/TimerOne/TimerOne.o
 .debug_frame   0x000020ec      0x114 include/Wire/twi.o
 .debug_frame   0x00002200      0x1ec include/Wire/Wire.o
 .debug_frame   0x000023ec       0x50 Main.o
 .debug_frame   0x0000243c       0x34 src/abi.o
 .debug_frame   0x00002470      0x104 src/HardwareSerial.o
 .debug_frame   0x00002574       0xcc src/HardwareSerial0.o
 .debug_frame   0x00002640       0xcc src/HardwareSerial1.o
 .debug_frame   0x0000270c       0xcc src/HardwareSerial2.o
 .debug_frame   0x000027d8       0xcc src/HardwareSerial3.o
 .debug_frame   0x000028a4       0x24 src/hooks.o
 .debug_frame   0x000028c8       0xe8 src/IPAddress.o
 .debug_frame   0x000029b0       0x44 src/main.o
 .debug_frame   0x000029f4       0x54 src/new.o
 .debug_frame   0x00002a48      0x3a8 src/Print.o
 .debug_frame   0x00002df0      0x100 src/Tone.o
 .debug_frame   0x00002ef0      0x2f4 src/WInterrupts.o
 .debug_frame   0x000031e4       0xbc src/wiring.o
 .debug_frame   0x000032a0       0x54 src/wiring_analog.o
 .debug_frame   0x000032f4       0x7c src/wiring_digital.o
 .debug_frame   0x00003370      0x9b8 src/WString.o

.debug_str      0x00000000     0x54de
 *(.debug_str)
 .debug_str     0x00000000     0x1dac classes/BK/BK_UI.o
                               0x1fc9 (size before relaxing)
 .debug_str     0x00001dac       0xb6 classes/DigitalIO.o
                                0xc21 (size before relaxing)
 .debug_str     0x00001e62       0xb4 classes/EZUI/Controls/EZUI_Control_Link.o
                               0x1ee6 (size before relaxing)
 .debug_str     0x00001f16      0x15b classes/EZUI/Controls/EZUI_Control_ToggleOption.o
                                0xe4f (size before relaxing)
 .debug_str     0x00002071      0x4ef classes/Hardware.o
                               0x241f (size before relaxing)
 .debug_str     0x00002560       0x4d classes/HLT/HLT_UI.o
                               0x1fd1 (size before relaxing)
 .debug_str     0x000025ad       0xa8 classes/MAIN/MAIN_UI.o
                               0x2059 (size before relaxing)
 .debug_str     0x00002655       0x4d classes/MLT/MLT_UI.o
                               0x1fd1 (size before relaxing)
 .debug_str     0x000026a2       0x4b classes/EZUI/ClickEncoderWithEvents.o
                               0x1ece (size before relaxing)
 .debug_str     0x000026ed       0xf6 classes/EZUI/EZUI_Menu.o
                               0x1fb6 (size before relaxing)
 .debug_str     0x000027e3       0xe9 classes/EZUI/EZUI_MenuItem.o
                               0x1fbd (size before relaxing)
 .debug_str     0x000028cc       0x7c classes/EZUI/EZUI_Page.o