Archive member included to satisfy reference by file (symbol)

c:/program files (x86)/atmel/studio/7.0/toolchain/avr8/avr8-gnu-toolchain/bin/../lib/gcc/avr/4.9.2/../../../../avr/lib/avr6\libm.a(addsf3.o)
                              classes/Hardware.o (__subsf3)
c:/program files (x86)/atmel/studio/7.0/toolchain/avr8/avr8-gnu-toolchain/bin/../lib/gcc/avr/4.9.2/../../../../avr/lib/avr6\libm.a(addsf3x.o)
                              c:/program files (x86)/atmel/studio/7.0/toolchain/avr8/avr8-gnu-toolchain/bin/../lib/gcc/avr/4.9.2/../../../../avr/lib/avr6\libm.a(addsf3.o) (__addsf3x)
c:/program files (x86)/atmel/studio/7.0/toolchain/avr8/avr8-gnu-toolchain/bin/../lib/gcc/avr/4.9.2/../../../../avr/lib/avr6\libm.a(cmpsf2.o)
                              classes/LUT.o (__ltsf2)
c:/program files (x86)/atmel/studio/7.0/toolchain/avr8/avr8-gnu-toolchain/bin/../lib/gcc/avr/4.9.2/../../../../avr/lib/avr6\libm.a(divsf3.o)
                              classes/EnhancedIO/AnalogIn.o (__divsf3)
c:/program files (x86)/atmel/studio/7.0/toolchain/avr8/avr8-gnu-toolchain/bin/../lib/gcc/avr/4.9.2/../../../../avr/lib/avr6\libm.a(divsf3x.o)
                              c:/program files (x86)/atmel/studio/7.0/toolchain/avr8/avr8-gnu-toolchain/bin/../lib/gcc/avr/4.9.2/../../../../avr/lib/avr6\libm.a(divsf3.o) (__divsf3x)
c:/program files (x86)/atmel/studio/7.0/toolchain/avr8/avr8-gnu-toolchain/bin/../lib/gcc/avr/4.9.2/../../../../avr/lib/avr6\libm.a(fixsfsi.o)
                              src/Print.o (__fixsfsi)
c:/program files (x86)/atmel/studio/7.0/toolchain/avr8/avr8-gnu-toolchain/bin/../lib/gcc/avr/4.9.2/../../../../avr/lib/avr6\libm.a(fixunssfsi.o)
                              src/Print.o (__fixunssfsi)
c:/program files (x86)/atmel/studio/7.0/toolchain/avr8/avr8-gnu-toolchain/bin/../lib/gcc/avr/4.9.2/../../../../avr/lib/avr6\libm.a(floatsisf.o)
                              classes/Executive.o (__floatunsisf)
c:/program files (x86)/atmel/studio/7.0/toolchain/avr8/avr8-gnu-toolchain/bin/../lib/gcc/avr/4.9.2/../../../../avr/lib/avr6\libm.a(fp_cmp.o)
                              c:/program files (x86)/atmel/studio/7.0/toolchain/avr8/avr8-gnu-toolchain/bin/../lib/gcc/avr/4.9.2/../../../../avr/lib/avr6\libm.a(cmpsf2.o) (__fp_cmp)
c:/program files (x86)/atmel/studio/7.0/toolchain/avr8/avr8-gnu-toolchain/bin/../lib/gcc/avr/4.9.2/../../../../avr/lib/avr6\libm.a(fp_inf.o)
                              c:/program files (x86)/atmel/studio/7.0/toolchain/avr8/avr8-gnu-toolchain/bin/../lib/gcc/avr/4.9.2/../../../../avr/lib/avr6\libm.a(addsf3x.o) (__fp_inf)
c:/program files (x86)/atmel/studio/7.0/toolchain/avr8/avr8-gnu-toolchain/bin/../lib/gcc/avr/4.9.2/../../../../avr/lib/avr6\libm.a(fp_nan.o)
                              c:/program files (x86)/atmel/studio/7.0/toolchain/avr8/avr8-gnu-toolchain/bin/../lib/gcc/avr/4.9.2/../../../../avr/lib/avr6\libm.a(addsf3x.o) (__fp_nan)
c:/program files (x86)/atmel/studio/7.0/toolchain/avr8/avr8-gnu-toolchain/bin/../lib/gcc/avr/4.9.2/../../../../avr/lib/avr6\libm.a(fp_pscA.o)
                              c:/program files (x86)/atmel/studio/7.0/toolchain/avr8/avr8-gnu-toolchain/bin/../lib/gcc/avr/4.9.2/../../../../avr/lib/avr6\libm.a(addsf3x.o) (__fp_pscA)
c:/program files (x86)/atmel/studio/7.0/toolchain/avr8/avr8-gnu-toolchain/bin/../lib/gcc/avr/4.9.2/../../../../avr/lib/avr6\libm.a(fp_pscB.o)
                              c:/program files (x86)/atmel/studio/7.0/toolchain/avr8/avr8-gnu-toolchain/bin/../lib/gcc/avr/4.9.2/../../../../avr/lib/avr6\libm.a(addsf3x.o) (__fp_pscB)
c:/program files (x86)/atmel/studio/7.0/toolchain/avr8/avr8-gnu-toolchain/bin/../lib/gcc/avr/4.9.2/../../../../avr/lib/avr6\libm.a(fp_round.o)
                              c:/program files (x86)/atmel/studio/7.0/toolchain/avr8/avr8-gnu-toolchain/bin/../lib/gcc/avr/4.9.2/../../../../avr/lib/avr6\libm.a(addsf3.o) (__fp_round)
c:/program files (x86)/atmel/studio/7.0/toolchain/avr8/avr8-gnu-toolchain/bin/../lib/gcc/avr/4.9.2/../../../../avr/lib/avr6\libm.a(fp_split3.o)
                              c:/program files (x86)/atmel/studio/7.0/toolchain/avr8/avr8-gnu-toolchain/bin/../lib/gcc/avr/4.9.2/../../../../avr/lib/avr6\libm.a(addsf3x.o) (__fp_split3)
c:/program files (x86)/atmel/studio/7.0/toolchain/avr8/avr8-gnu-toolchain/bin/../lib/gcc/avr/4.9.2/../../../../avr/lib/avr6\libm.a(fp_zero.o)
                              c:/program files (x86)/atmel/studio/7.0/toolchain/avr8/avr8-gnu-toolchain/bin/../lib/gcc/avr/4.9.2/../../../../avr/lib/avr6\libm.a(addsf3x.o) (__fp_zero)
c:/program files (x86)/atmel/studio/7.0/toolchain/avr8/avr8-gnu-toolchain/bin/../lib/gcc/avr/4.9.2/../../../../avr/lib/avr6\libm.a(gesf2.o)
                              classes/LUT.o (__gesf2)
c:/program files (x86)/atmel/studio/7.0/toolchain/avr8/avr8-gnu-toolchain/bin/../lib/gcc/avr/4.9.2/../../../../avr/lib/avr6\libm.a(mulsf3.o)
                              classes/EnhancedIO/AnalogIn.o (__mulsf3)
[...]
Memory Configuration

Name             Origin             Length             Attributes
text             0x00000000         0x00100000         xr
data             0x00800200         0x0000fe00         rw !x
eeprom           0x00810000         0x00010000         rw !x
fuse             0x00820000         0x00000400         rw !x
lock             0x00830000         0x00000400         rw !x
signature        0x00840000         0x00000400         rw !x
user_signatures  0x00850000         0x00000400         rw !x
*default*        0x00000000         0xffffffff

Linker script and memory map

Address of section .data set to 0x800200
LOAD C:/Program Files (x86)/Atmel/Studio/7.0/Packs/atmel/ATmega_DFP/1.0.90/gcc/dev/atmega2560/avr6/crtatmega2560.o
LOAD classes/BurnerController.o
LOAD classes/EnhancedIO/AnalogIn.o
LOAD classes/EnhancedIO/DigitalIO.o
LOAD classes/EZUI/Controls/EZUI_Control.o
LOAD classes/EZUI/Controls/EZUI_Control_Label.o
LOAD classes/EZUI/Controls/EZUI_Control_Link.o
LOAD classes/EZUI/Controls/EZUI_Control_ListOption.o
LOAD classes/EZUI/Controls/EZUI_Control_ToggleOption.o
LOAD classes/Hardware.o
LOAD classes/UI_BK/UI_BK.o
LOAD classes/UI_HLT/UI_HLT.o
LOAD classes/UI_MAIN/UI_MAIN.o
LOAD classes/UI_MLT/UI_MLT.o
LOAD classes/EZUI/ClickEncoderWithEvents.o
LOAD classes/EZUI/EZUI_Menu.o
LOAD classes/EZUI/EZUI_Page.o
LOAD classes/EZUI/EZUI.o
LOAD classes/Executive.o
LOAD classes/LUT.o
LOAD classes/WheatstoneBridge.o
LOAD include/AdvancedSerial/AdvancedSerial.o
LOAD include/ClickEncoder/ClickEncoder.o
LOAD include/LiquidCrystal/FastIO.o
LOAD include/LiquidCrystal/I2CIO.o
LOAD include/LiquidCrystal/LCD.o
LOAD include/LiquidCrystal/LiquidCrystal.o
LOAD include/LiquidCrystal/LiquidCrystal_I2C.o
LOAD include/LiquidCrystal/LiquidCrystal_SR.o
LOAD include/LiquidCrystal/LiquidCrystal_SR2W.o
LOAD include/LiquidCrystal/LiquidCrystal_SR3W.o
LOAD include/MemoryFree/MemoryFree.o
LOAD include/TimerOne/TimerOne.o
LOAD include/Wire/twi.o
LOAD include/Wire/Wire.o
LOAD Main.o
LOAD src/abi.o
LOAD src/CDC.o
LOAD src/HardwareSerial.o
LOAD src/HardwareSerial0.o
LOAD src/HardwareSerial1.o
LOAD src/HardwareSerial2.o
LOAD src/HardwareSerial3.o
LOAD src/HID.o
LOAD src/hooks.o
LOAD src/IPAddress.o
LOAD src/main.o
LOAD src/new.o
LOAD src/Print.o
LOAD src/Stream.o
LOAD src/Tone.o
LOAD src/USBCore.o
LOAD src/WInterrupts.o
LOAD src/wiring.o
LOAD src/wiring_analog.o
LOAD src/wiring_digital.o
LOAD src/wiring_pulse.o
LOAD src/wiring_shift.o
LOAD src/WMath.o
LOAD src/WString.o
START GROUP
LOAD c:/program files (x86)/atmel/studio/7.0/toolchain/avr8/avr8-gnu-toolchain/bin/../lib/gcc/avr/4.9.2/../../../../avr/lib/avr6\libm.a
LOAD C:\Users\Customer\Documents\GitHub\Narwhal-Arduino-Code\ArduinoCode\ProjectNarhwal\lib\libcore.a
END GROUP
LOAD c:/program files (x86)/atmel/studio/7.0/toolchain/avr8/avr8-gnu-toolchain/bin/../lib/gcc/avr/4.9.2/avr6\libgcc.a
LOAD c:/program files (x86)/atmel/studio/7.0/toolchain/avr8/avr8-gnu-toolchain/bin/../lib/gcc/avr/4.9.2/../../../../avr/lib/avr6\libm.a
START GROUP
LOAD c:/program files (x86)/atmel/studio/7.0/toolchain/avr8/avr8-gnu-toolchain/bin/../lib/gcc/avr/4.9.2/avr6\libgcc.a
LOAD c:/program files (x86)/atmel/studio/7.0/toolchain/avr8/avr8-gnu-toolchain/bin/../lib/gcc/avr/4.9.2/../../../../avr/lib/avr6\libm.a
LOAD c:/program files (x86)/atmel/studio/7.0/toolchain/avr8/avr8-gnu-toolchain/bin/../lib/gcc/avr/4.9.2/../../../../avr/lib/avr6\libc.a
LOAD C:/Program Files (x86)/Atmel/Studio/7.0/Packs/atmel/ATmega_DFP/1.0.90/gcc/dev/atmega2560/avr6\libatmega2560.a
END GROUP

.hash
 *(.hash)

.dynsym
 *(.dynsym)

.dynstr
 *(.dynstr)

.gnu.version
 *(.gnu.version)

.gnu.version_d
 *(.gnu.version_d)

.gnu.version_r
 *(.gnu.version_r)

.rel.init
 *(.rel.init)

.rela.init
 *(.rela.init)

.rel.text
 *(.rel.text)
 *(.rel.text.*)
 *(.rel.gnu.linkonce.t*)

.rela.text
 *(.rela.text)
 *(.rela.text.*)
 *(.rela.gnu.linkonce.t*)

.rel.fini
 *(.rel.fini)

.rela.fini
 *(.rela.fini)

.rel.rodata
 *(.rel.rodata)
 *(.rel.rodata.*)
 *(.rel.gnu.linkonce.r*)

.rela.rodata
 *(.rela.rodata)
 *(.rela.rodata.*)
 *(.rela.gnu.linkonce.r*)

.rel.data
 *(.rel.data)
 *(.rel.data.*)
 *(.rel.gnu.linkonce.d*)

.rela.data
 *(.rela.data)
 *(.rela.data.*)
 *(.rela.gnu.linkonce.d*)

.rel.ctors
 *(.rel.ctors)

.rela.ctors
 *(.rela.ctors)

.rel.dtors
 *(.rel.dtors)

.rela.dtors
 *(.rela.dtors)

.rel.got
 *(.rel.got)

.rela.got
 *(.rela.got)

.rel.bss
 *(.rel.bss)

.rela.bss
 *(.rela.bss)

.rel.plt
 *(.rel.plt)

.rela.plt
 *(.rela.plt)

.text           0x00000000     0x6bb4
 *(.vectors)
 .vectors       0x00000000       0xe4 C:/Program Files (x86)/Atmel/Studio/7.0/Packs/atmel/ATmega_DFP/1.0.90/gcc/dev/atmega2560/avr6/crtatmega2560.o
                0x00000000                __vector_default
                0x00000000                __vectors
 *(.vectors)
 *(.progmem.gcc*)
 .progmem.gcc_sw_table._ZNK18EZUI_Control_Label4TextEv
                0x000000e4       0x20 classes/EZUI/Controls/EZUI_Control_Label.o
 .progmem.gcc_sw_table.__vector_39
                0x00000104      0x192 include/Wire/twi.o
 .progmem.gcc_sw_table.turnOffPWM
                0x00000296       0x24 src/wiring_digital.o
                0x000002ba                . = ALIGN (0x2)
                0x000002ba                __trampolines_start = .
 *(.trampolines)
 .trampolines   0x000002ba        0x0 linker stubs
 *(.trampolines*)
                0x000002ba                __trampolines_end = .
 *(.progmem*)
 .progmem.data._ZL8WB_R2C_Z
                0x000002ba       0x90 classes/Hardware.o
 .progmem.data._ZL8WB_R2C_X
                0x0000034a       0x90 classes/Hardware.o
 .progmem.data  0x000003da        0x6 classes/Hardware.o
 .progmem.data  0x000003e0       0x52 classes/UI_HLT/UI_HLT.o
 .progmem.data  0x00000432      0x13e classes/UI_MAIN/UI_MAIN.o
 .progmem.data._ZL21tone_pin_to_timer_PGM
                0x00000570        0x1 src/Tone.o
 .progmem.data.digital_pin_to_timer_PGM
                0x00000571       0x46 src/wiring_digital.o
                0x00000571                digital_pin_to_timer_PGM
 .progmem.data.digital_pin_to_bit_mask_PGM
                0x000005b7       0x46 src/wiring_digital.o
                0x000005b7                digital_pin_to_bit_mask_PGM
 .progmem.data.digital_pin_to_port_PGM
                0x000005fd       0x46 src/wiring_digital.o
                0x000005fd                digital_pin_to_port_PGM
 .progmem.data.port_to_input_PGM
                0x00000643       0x1a src/wiring_digital.o
                0x00000643                port_to_input_PGM
 .progmem.data.port_to_output_PGM
                0x0000065d       0x1a src/wiring_digital.o
                0x0000065d                port_to_output_PGM
 .progmem.data.port_to_mode_PGM
                0x00000677       0x1a src/wiring_digital.o
                0x00000677                port_to_mode_PGM
 .progmem.data  0x00000691       0xfa c:/program files (x86)/atmel/studio/7.0/toolchain/avr8/avr8-gnu-toolchain/bin/../lib/gcc/avr/4.9.2/../../../../avr/lib/avr6\libc.a(ftoa_engine.o)
                0x0000078c                . = ALIGN (0x2)
 *fill*         0x0000078b        0x1 
 *(.jumptables)
 *(.jumptables*)
 *(.lowtext)
 *(.lowtext*)
                0x0000078c                __ctors_start = .
 *(.ctors)
 .ctors         0x0000078c        0x2 classes/Hardware.o
 .ctors         0x0000078e        0x2 classes/UI_BK/UI_BK.o
 .ctors         0x00000790        0x2 classes/UI_HLT/UI_HLT.o
 .ctors         0x00000792        0x2 classes/UI_MAIN/UI_MAIN.o
 .ctors         0x00000794        0x2 classes/UI_MLT/UI_MLT.o
 .ctors         0x00000796        0x2 include/Wire/Wire.o
 .ctors         0x00000798        0x2 Main.o
 .ctors         0x0000079a        0x2 src/HardwareSerial0.o
 .ctors         0x0000079c        0x2 src/HardwareSerial1.o
 .ctors         0x0000079e        0x2 src/HardwareSerial2.o
 .ctors         0x000007a0        0x2 src/HardwareSerial3.o
 .ctors         0x000007a2        0x2 src/IPAddress.o
                0x000007a4                __ctors_end = .
                0x000007a4                __dtors_start = .
 *(.dtors)
 .dtors         0x000007a4        0x2 classes/Hardware.o
 .dtors         0x000007a6        0x2 classes/UI_BK/UI_BK.o
 .dtors         0x000007a8        0x2 classes/UI_HLT/UI_HLT.o
 .dtors         0x000007aa        0x2 classes/UI_MAIN/UI_MAIN.o
                0x000007ac                __dtors_end = .
 SORT(*)(.ctors)
 SORT(*)(.dtors)
 *(.init0)
 .init0         0x000007ac        0x0 C:/Program Files (x86)/Atmel/Studio/7.0/Packs/atmel/ATmega_DFP/1.0.90/gcc/dev/atmega2560/avr6/crtatmega2560.o
                0x000007ac                __init
 *(.init0)
 *(.init1)
 *(.init1)
 *(.init2)
 .init2         0x000007ac       0x10 C:/Program Files (x86)/Atmel/Studio/7.0/Packs/atmel/ATmega_DFP/1.0.90/gcc/dev/atmega2560/avr6/crtatmega2560.o
 *(.init2)
 *(.init3)
 *(.init3)
 *(.init4)
 .init4         0x000007bc       0x1a c:/program files (x86)/atmel/studio/7.0/toolchain/avr8/avr8-gnu-toolchain/bin/../lib/gcc/avr/4.9.2/avr6\libgcc.a(_copy_data.o)
                0x000007bc                __do_copy_data
 .init4         0x000007d6       0x10 c:/program files (x86)/atmel/studio/7.0/toolchain/avr8/avr8-gnu-toolchain/bin/../lib/gcc/avr/4.9.2/avr6\libgcc.a(_clear_bss.o)
                0x000007d6                __do_clear_bss
 *(.init4)
 *(.init5)
 *(.init5)
 *(.init6)
 .init6         0x000007e6       0x20 c:/program files (x86)/atmel/studio/7.0/toolchain/avr8/avr8-gnu-toolchain/bin/../lib/gcc/avr/4.9.2/avr6\libgcc.a(_ctors.o)
                0x000007e6                __do_global_ctors
 *(.init6)
 *(.init7)
 *(.init7)
 *(.init8)
 *(.init8)
 *(.init9)
 .init9         0x00000806        0x8 C:/Program Files (x86)/Atmel/Studio/7.0/Packs/atmel/ATmega_DFP/1.0.90/gcc/dev/atmega2560/avr6/crtatmega2560.o
 *(.init9)
 *(.text)
 .text          0x0000080e        0x2 C:/Program Files (x86)/Atmel/Studio/7.0/Packs/atmel/ATmega_DFP/1.0.90/gcc/dev/atmega2560/avr6/crtatmega2560.o
                0x0000080e                __vector_38
                0x0000080e                __vector_22
                0x0000080e                __vector_28
                0x0000080e                __vector_32
                0x0000080e                __vector_34
                0x0000080e                __vector_24
                0x0000080e                __vector_12
                0x0000080e                __vector_46
                0x0000080e                __bad_interrupt
                0x0000080e                __vector_31
                0x0000080e                __vector_35
                0x0000080e                __vector_30
                0x0000080e                __vector_45
                0x0000080e                __vector_11
                0x0000080e                __vector_17
                0x0000080e                __vector_19
                0x0000080e                __vector_56
                0x0000080e                __vector_49
                0x0000080e                __vector_41
                0x0000080e                __vector_43
                0x0000080e                __vector_27
                0x0000080e                __vector_33
                0x0000080e                __vector_47
                0x0000080e                __vector_44
                0x0000080e                __vector_9
                0x0000080e                __vector_21
                0x0000080e                __vector_15
                0x0000080e                __vector_29
                0x0000080e                __vector_40
                0x0000080e                __vector_48
                0x0000080e                __vector_14
                0x0000080e                __vector_53
                0x0000080e                __vector_10
                0x0000080e                __vector_50
                0x0000080e                __vector_16
                0x0000080e                __vector_18
                0x0000080e                __vector_42
                0x00000810                . = ALIGN (0x2)
 *(.text.*)
 .text._ZN10LinkedListIiE4sizeEv
                0x00000810        0x8 classes/EnhancedIO/AnalogIn.o
                0x00000810                _ZN10LinkedListIiE4sizeEv
 .text._ZN10LinkedListIiE5clearEv
                0x00000818       0x30 classes/EnhancedIO/AnalogIn.o
                0x00000818                _ZN10LinkedListIiE5clearEv
 .text._ZN10LinkedListIiE5shiftEv
                0x00000848       0x6c classes/EnhancedIO/AnalogIn.o
                0x00000848                _ZN10LinkedListIiE5shiftEv
 .text._ZN10LinkedListIiE7unshiftEi
                0x000008b4       0x5e classes/EnhancedIO/AnalogIn.o
                0x000008b4                _ZN10LinkedListIiE7unshiftEi
 .text._ZN10LinkedListIiE3addEi
                0x00000912       0x54 classes/EnhancedIO/AnalogIn.o
                0x00000912                _ZN10LinkedListIiE3addEi
 .text._ZN10LinkedListIiE7getNodeEi
                0x00000966       0x7e classes/EnhancedIO/AnalogIn.o
                0x00000966                _ZN10LinkedListIiE7getNodeEi
 .text._ZN10LinkedListIiE3getEi
                0x000009e4       0x14 classes/EnhancedIO/AnalogIn.o
                0x000009e4                _ZN10LinkedListIiE3getEi
 .text._ZN10LinkedListIiE3popEv
                0x000009f8       0x86 classes/EnhancedIO/AnalogIn.o
                0x000009f8                _ZN10LinkedListIiE3popEv
 .text._ZN10LinkedListIiE6removeEi
                0x00000a7e       0x96 classes/EnhancedIO/AnalogIn.o
                0x00000a7e                _ZN10LinkedListIiE6removeEi
 .text._ZN10LinkedListIiE3setEii
                0x00000b14       0x2e classes/EnhancedIO/AnalogIn.o
                0x00000b14                _ZN10LinkedListIiE3setEii
 .text._ZN10LinkedListIiE3addEii
                0x00000b42       0x9e classes/EnhancedIO/AnalogIn.o
                0x00000b42                _ZN10LinkedListIiE3addEii
 .text._ZN9DigitalIOD2Ev
                0x00000be0       0x1a classes/EnhancedIO/DigitalIO.o
                0x00000be0                _ZN9DigitalIOD1Ev
                0x00000be0                _ZN9DigitalIOD2Ev
 .text._ZN9DigitalIO5ValueEv
                0x00000bfa       0x32 classes/EnhancedIO/DigitalIO.o
                0x00000bfa                _ZN9DigitalIO5ValueEv
 .text._ZN9DigitalIO5WriteEi
                0x00000c2c       0x38 classes/EnhancedIO/DigitalIO.o
                0x00000c2c                _ZN9DigitalIO5WriteEi
 .text._ZN9DigitalIOC2EiNS_8PinModesE6StringS1_
                0x00000c64       0x82 classes/EnhancedIO/DigitalIO.o
                0x00000c64                _ZN9DigitalIOC1EiNS_8PinModesE6StringS1_
                0x00000c64                _ZN9DigitalIOC2EiNS_8PinModesE6StringS1_
 .text._ZNK12EZUI_Control12isSelectableEv
                0x00000ce6        0x4 classes/EZUI/Controls/EZUI_Control.o
                0x00000ce6                _ZNK12EZUI_Control12isSelectableEv
 .text._ZNK12EZUI_Control6SelectEP4EZUI
                0x00000cea        0x2 classes/EZUI/Controls/EZUI_Control.o
                0x00000cea                _ZNK12EZUI_Control6SelectEP4EZUI
 .text._ZNK12EZUI_Control4TextEv
                0x00000cec       0x16 classes/EZUI/Controls/EZUI_Control.o
                0x00000cec                _ZNK12EZUI_Control4TextEv
 .text._ZN12EZUI_ControlC2Ev
                0x00000d02        0xe classes/EZUI/Controls/EZUI_Control.o
                0x00000d02                _ZN12EZUI_ControlC1Ev
                0x00000d02                _ZN12EZUI_ControlC2Ev
 .text._ZN12EZUI_ControlD2Ev
                0x00000d10        0x2 classes/EZUI/Controls/EZUI_Control.o
                0x00000d10                _ZN12EZUI_ControlD1Ev
                0x00000d10                _ZN12EZUI_ControlD2Ev
 .text._ZNK18EZUI_Control_Label12isSelectableEv
                0x00000d12        0x4 classes/EZUI/Controls/EZUI_Control_Label.o
                0x00000d12                _ZNK18EZUI_Control_Label12isSelectableEv
 .text._ZNK18EZUI_Control_Label6SelectEP4EZUI
                0x00000d16        0x2 classes/EZUI/Controls/EZUI_Control_Label.o
                0x00000d16                _ZNK18EZUI_Control_Label6SelectEP4EZUI
 .text._ZNK18EZUI_Control_Label4TextEv
                0x00000d18      0x334 classes/EZUI/Controls/EZUI_Control_Label.o
                0x00000d18                _ZNK18EZUI_Control_Label4TextEv
 .text._ZN18EZUI_Control_LabelD2Ev
                0x0000104c        0xe classes/EZUI/Controls/EZUI_Control_Label.o
                0x0000104c                _ZN18EZUI_Control_LabelD1Ev
                0x0000104c                _ZN18EZUI_Control_LabelD2Ev
 .text._ZN18EZUI_Control_LabelC2Eb
                0x0000105a       0x42 classes/EZUI/Controls/EZUI_Control_Label.o
                0x0000105a                _ZN18EZUI_Control_LabelC2Eb
                0x0000105a                _ZN18EZUI_Control_LabelC1Eb
 .text._ZN18EZUI_Control_LabelC2EPf
                0x0000109c       0x36 classes/EZUI/Controls/EZUI_Control_Label.o
                0x0000109c                _ZN18EZUI_Control_LabelC2EPf
                0x0000109c                _ZN18EZUI_Control_LabelC1EPf
 .text._ZNK17EZUI_Control_Link12isSelectableEv
                0x000010d2        0x4 classes/EZUI/Controls/EZUI_Control_Link.o
                0x000010d2                _ZNK17EZUI_Control_Link12isSelectableEv
 .text._ZNK17EZUI_Control_Link4TextEv
                0x000010d6       0x16 classes/EZUI/Controls/EZUI_Control_Link.o
                0x000010d6                _ZNK17EZUI_Control_Link4TextEv
 .text._ZNK17EZUI_Control_Link6SelectEP4EZUI
                0x000010ec       0x26 classes/EZUI/Controls/EZUI_Control_Link.o
                0x000010ec                _ZNK17EZUI_Control_Link6SelectEP4EZUI
 .text._ZN17EZUI_Control_LinkC2E6StringP9EZUI_Menu
                0x00001112       0x56 classes/EZUI/Controls/EZUI_Control_Link.o
                0x00001112                _ZN17EZUI_Control_LinkC1E6StringP9EZUI_Menu
                0x00001112                _ZN17EZUI_Control_LinkC2E6StringP9EZUI_Menu
 .text._ZN17EZUI_Control_LinkC2E6StringP9EZUI_Page
                0x00001168       0x58 classes/EZUI/Controls/EZUI_Control_Link.o
                0x00001168                _ZN17EZUI_Control_LinkC1E6StringP9EZUI_Page
                0x00001168                _ZN17EZUI_Control_LinkC2E6StringP9EZUI_Page
 .text._ZN17EZUI_Control_LinkD2Ev
                0x000011c0       0x20 classes/EZUI/Controls/EZUI_Control_Link.o
                0x000011c0                _ZN17EZUI_Control_LinkD2Ev
                0x000011c0                _ZN17EZUI_Control_LinkD1Ev
 .text._ZN25EZUI_Control_ToggleOptionD2Ev
                0x000011e0       0x20 classes/EZUI/Controls/EZUI_Control_ToggleOption.o
                0x000011e0                _ZN25EZUI_Control_ToggleOptionD1Ev
                0x000011e0                _ZN25EZUI_Control_ToggleOptionD2Ev
 .text._ZN25EZUI_Control_ToggleOption9TrueLabelEv
                0x00001200       0x3a classes/EZUI/Controls/EZUI_Control_ToggleOption.o
                0x00001200                _ZN25EZUI_Control_ToggleOption9TrueLabelEv
 .text._ZN25EZUI_Control_ToggleOption10FalseLabelEv
                0x0000123a       0x3a classes/EZUI/Controls/EZUI_Control_ToggleOption.o
                0x0000123a                _ZN25EZUI_Control_ToggleOption10FalseLabelEv
 .text._ZN25EZUI_Control_ToggleOption5ValueEv
                0x00001274       0x34 classes/EZUI/Controls/EZUI_Control_ToggleOption.o
                0x00001274                _ZN25EZUI_Control_ToggleOption5ValueEv
 .text._ZNK25EZUI_Control_ToggleOption6ToggleEv
                0x000012a8       0x4e classes/EZUI/Controls/EZUI_Control_ToggleOption.o
                0x000012a8                _ZNK25EZUI_Control_ToggleOption6ToggleEv
 .text._ZN25EZUI_Control_ToggleOptionC2E6StringP9DigitalIO
                0x000012f6       0x5a classes/EZUI/Controls/EZUI_Control_ToggleOption.o
                0x000012f6                _ZN25EZUI_Control_ToggleOptionC1E6StringP9DigitalIO
                0x000012f6                _ZN25EZUI_Control_ToggleOptionC2E6StringP9DigitalIO
 .text._Z15serviceEncodersv
                0x00001350       0x22 classes/Hardware.o
                0x00001350                _Z15serviceEncodersv
 .text._ZN22ClickEncoderWithEventsC2Ehhhh
                0x00001372       0x52 classes/Hardware.o
                0x00001372                _ZN22ClickEncoderWithEventsC1Ehhhh
                0x00001372                _ZN22ClickEncoderWithEventsC2Ehhhh
 .text._GLOBAL__sub_I__Z15serviceEncodersv
                0x000013c4      0x776 classes/Hardware.o
 .text._GLOBAL__sub_D__Z15serviceEncodersv
                0x00001b3a       0x7a classes/Hardware.o
 .text._Z13hardware_initv
                0x00001bb4      0x228 classes/Hardware.o
                0x00001bb4                _Z13hardware_initv
 .text._Z10UI_BK_initv
                0x00001ddc       0x4a classes/UI_BK/UI_BK.o
                0x00001ddc                _Z10UI_BK_initv
 .text._GLOBAL__sub_I_UI_BK
                0x00001e26       0x24 classes/UI_BK/UI_BK.o
 .text._GLOBAL__sub_D_UI_BK
                0x00001e4a        0x8 classes/UI_BK/UI_BK.o
 .text._Z11UI_HLT_initv
                0x00001e52       0x48 classes/UI_HLT/UI_HLT.o
                0x00001e52                _Z11UI_HLT_initv
 .text._GLOBAL__sub_I_UI_HLT
                0x00001e9a      0x13e classes/UI_HLT/UI_HLT.o
 .text._GLOBAL__sub_D_UI_HLT
                0x00001fd8       0x3e classes/UI_HLT/UI_HLT.o
 .text._Z12UI_MAIN_initv
                0x00002016       0x44 classes/UI_MAIN/UI_MAIN.o
                0x00002016                _Z12UI_MAIN_initv
 .text._GLOBAL__sub_I_UI_MAIN
                0x0000205a      0x260 classes/UI_MAIN/UI_MAIN.o
 .text._GLOBAL__sub_D_UI_MAIN
                0x000022ba      0x100 classes/UI_MAIN/UI_MAIN.o
 .text._Z11UI_MLT_initv
                0x000023ba       0x60 classes/UI_MLT/UI_MLT.o
                0x000023ba                _Z11UI_MLT_initv
 .text._GLOBAL__sub_I_UI_MLT
                0x0000241a       0x1e classes/UI_MLT/UI_MLT.o
 .text._ZN22ClickEncoderWithEventsD2Ev
                0x00002438        0x2 classes/EZUI/ClickEncoderWithEvents.o
                0x00002438                _ZN22ClickEncoderWithEventsD1Ev
                0x00002438                _ZN22ClickEncoderWithEventsD2Ev
 .text._ZN10LinkedListIN9EZUI_Menu12MenuItemTypeEE4sizeEv
                0x0000243a        0x8 classes/EZUI/EZUI_Menu.o
                0x0000243a                _ZN10LinkedListIN9EZUI_Menu12MenuItemTypeEE4sizeEv
 .text._ZN10LinkedListIN9EZUI_Menu12MenuItemTypeEE5clearEv
                0x00002442       0x30 classes/EZUI/EZUI_Menu.o
                0x00002442                _ZN10LinkedListIN9EZUI_Menu12MenuItemTypeEE5clearEv
 .text._ZN10LinkedListIN9EZUI_Menu12MenuItemTypeEE5shiftEv
                0x00002472       0x60 classes/EZUI/EZUI_Menu.o
                0x00002472                _ZN10LinkedListIN9EZUI_Menu12MenuItemTypeEE5shiftEv
 .text._ZN10LinkedListIN9EZUI_Menu12MenuItemTypeEE7unshiftES1_
                0x000024d2       0x56 classes/EZUI/EZUI_Menu.o
                0x000024d2                _ZN10LinkedListIN9EZUI_Menu12MenuItemTypeEE7unshiftES1_
 .text._ZN10LinkedListIN9EZUI_Menu12MenuItemTypeEE3addES1_
                0x00002528       0x4e classes/EZUI/EZUI_Menu.o
                0x00002528                _ZN10LinkedListIN9EZUI_Menu12MenuItemTypeEE3addES1_
 .text._ZN9EZUI_MenuC2Ev
                0x00002576       0x52 classes/EZUI/EZUI_Menu.o
                0x00002576                _ZN9EZUI_MenuC1Ev
                0x00002576                _ZN9EZUI_MenuC2Ev
 .text._ZN9EZUI_MenuD2Ev
                0x000025c8       0x58 classes/EZUI/EZUI_Menu.o
                0x000025c8                _ZN9EZUI_MenuD2Ev
                0x000025c8                _ZN9EZUI_MenuD1Ev
 .text._ZN9EZUI_Menu8prevItemEP4EZUI
                0x00002620       0xb6 classes/EZUI/EZUI_Menu.o
                0x00002620                _ZN9EZUI_Menu8prevItemEP4EZUI
 .text._ZN9EZUI_Menu8nextItemEP4EZUI
                0x000026d6       0xc6 classes/EZUI/EZUI_Menu.o
                0x000026d6                _ZN9EZUI_Menu8nextItemEP4EZUI
 .text._ZN9EZUI_Menu10SelectItemEP4EZUIPK17EZUI_Control_Link
                0x0000279c       0x52 classes/EZUI/EZUI_Menu.o
                0x0000279c                _ZN9EZUI_Menu10SelectItemEP4EZUIPK17EZUI_Control_Link
 .text._ZN9EZUI_Menu10SelectItemEP4EZUIPK25EZUI_Control_ToggleOption
                0x000027ee       0x24 classes/EZUI/EZUI_Menu.o
                0x000027ee                _ZN9EZUI_Menu10SelectItemEP4EZUIPK25EZUI_Control_ToggleOption
 .text._ZN9EZUI_Menu9PrintItemEiiP17LiquidCrystal_I2CPK17EZUI_Control_Link
                0x00002812       0x2a classes/EZUI/EZUI_Menu.o
                0x00002812                _ZN9EZUI_Menu9PrintItemEiiP17LiquidCrystal_I2CPK17EZUI_Control_Link
 .text._ZN9EZUI_Menu9PrintItemEiiP17LiquidCrystal_I2CPK25EZUI_Control_ToggleOption
                0x0000283c      0x196 classes/EZUI/EZUI_Menu.o
                0x0000283c                _ZN9EZUI_Menu9PrintItemEiiP17LiquidCrystal_I2CPK25EZUI_Control_ToggleOption
 .text._ZN10LinkedListIN9EZUI_Menu12MenuItemTypeEE7getNodeEi
                0x000029d2       0x7e classes/EZUI/EZUI_Menu.o
                0x000029d2                _ZN10LinkedListIN9EZUI_Menu12MenuItemTypeEE7getNodeEi
 .text._ZN10LinkedListIN9EZUI_Menu12MenuItemTypeEE3getEi
                0x00002a50       0x10 classes/EZUI/EZUI_Menu.o
                0x00002a50                _ZN10LinkedListIN9EZUI_Menu12MenuItemTypeEE3getEi
 .text._ZN10LinkedListIN9EZUI_Menu12MenuItemTypeEE3popEv
                0x00002a60       0x78 classes/EZUI/EZUI_Menu.o
                0x00002a60                _ZN10LinkedListIN9EZUI_Menu12MenuItemTypeEE3popEv
 .text._ZN10LinkedListIN9EZUI_Menu12MenuItemTypeEE6removeEi
                0x00002ad8       0x8a classes/EZUI/EZUI_Menu.o
                0x00002ad8                _ZN10LinkedListIN9EZUI_Menu12MenuItemTypeEE6removeEi
 .text._ZN10LinkedListIN9EZUI_Menu12MenuItemTypeEE3setEiS1_
                0x00002b62       0x28 classes/EZUI/EZUI_Menu.o
                0x00002b62                _ZN10LinkedListIN9EZUI_Menu12MenuItemTypeEE3setEiS1_
 .text._ZN10LinkedListIN9EZUI_Menu12MenuItemTypeEE3addEiS1_
                0x00002b8a       0x96 classes/EZUI/EZUI_Menu.o
                0x00002b8a                _ZN10LinkedListIN9EZUI_Menu12MenuItemTypeEE3addEiS1_
 .text._ZN9EZUI_Menu7displayEP4EZUI
                0x00002c20      0x11e classes/EZUI/EZUI_Menu.o
                0x00002c20                _ZN9EZUI_Menu7displayEP4EZUI
 .text._ZN9EZUI_Menu7displayEP4EZUIb
                0x00002d3e        0x8 classes/EZUI/EZUI_Menu.o
                0x00002d3e                _ZN9EZUI_Menu7displayEP4EZUIb
 .text._ZN9EZUI_Menu10SelectItemEP4EZUI
                0x00002d46       0x50 classes/EZUI/EZUI_Menu.o
                0x00002d46                _ZN9EZUI_Menu10SelectItemEP4EZUI
 .text._ZN9EZUI_PageC2Ev
                0x00002d96       0x18 classes/EZUI/EZUI_Page.o
                0x00002d96                _ZN9EZUI_PageC2Ev
                0x00002d96                _ZN9EZUI_PageC1Ev
 .text._ZN9EZUI_PageD2Ev
                0x00002dae        0x2 classes/EZUI/EZUI_Page.o
                0x00002dae                _ZN9EZUI_PageD1Ev
                0x00002dae                _ZN9EZUI_PageD2Ev
 .text._ZN9EZUI_Page7displayEP4EZUIb
                0x00002db0        0xa classes/EZUI/EZUI_Page.o
                0x00002db0                _ZN9EZUI_Page7displayEP4EZUIb
 .text._ZN9EZUI_Page7displayEP4EZUI
                0x00002dba        0x2 classes/EZUI/EZUI_Page.o
                0x00002dba                _ZN9EZUI_Page7displayEP4EZUI
 .text._ZN9EZUI_Page8nextItemEv
                0x00002dbc        0x2 classes/EZUI/EZUI_Page.o
                0x00002dbc                _ZN9EZUI_Page8nextItemEv
 .text._ZN9EZUI_Page10selectItemEP4EZUI
                0x00002dbe        0x2 classes/EZUI/EZUI_Page.o
                0x00002dbe                _ZN9EZUI_Page10selectItemEP4EZUI
 .text._ZN4EZUI15EncoderDblClickEv
                0x00002dc0        0x2 classes/EZUI/EZUI.o
                0x00002dc0                _ZN4EZUI15EncoderDblClickEv
 .text._ZN4EZUI12EncoderClickEv
                0x00002dc2       0x1e classes/EZUI/EZUI.o
                0x00002dc2                _ZN4EZUI12EncoderClickEv
 .text._ZN4EZUI16EncoderIncrementEv
                0x00002de0       0x22 classes/EZUI/EZUI.o
                0x00002de0                _ZN4EZUI16EncoderIncrementEv
 .text._ZN4EZUI16EncoderDecrementEv
                0x00002e02       0x10 classes/EZUI/EZUI.o
                0x00002e02                _ZN4EZUI16EncoderDecrementEv
 .text._ZN4EZUIC2Ev
                0x00002e12       0x14 classes/EZUI/EZUI.o
                0x00002e12                _ZN4EZUIC2Ev
                0x00002e12                _ZN4EZUIC1Ev
 .text._ZN4EZUI14attatchEncoderEP22ClickEncoderWithEvents
                0x00002e26       0x6c classes/EZUI/EZUI.o
                0x00002e26                _ZN4EZUI14attatchEncoderEP22ClickEncoderWithEvents
 .text._ZN4EZUI10attatchLCDEP17LiquidCrystal_I2C
                0x00002e92        0x8 classes/EZUI/EZUI.o
                0x00002e92                _ZN4EZUI10attatchLCDEP17LiquidCrystal_I2C
 .text._ZN4EZUI7refreshEv
                0x00002e9a       0x4a classes/EZUI/EZUI.o
                0x00002e9a                _ZN4EZUI7refreshEv
 .text._ZN4EZUI7displayEv
                0x00002ee4       0x9c classes/EZUI/EZUI.o
                0x00002ee4                _ZN4EZUI7displayEv
 .text._ZN4EZUI10setDisplayEP9EZUI_Menu
                0x00002f80       0x1c classes/EZUI/EZUI.o
                0x00002f80                _ZN4EZUI10setDisplayEP9EZUI_Menu
 .text._ZN4EZUI10setDisplayEP9EZUI_Page
                0x00002f9c        0xc classes/EZUI/EZUI.o
                0x00002f9c                _ZN4EZUI10setDisplayEP9EZUI_Page
 .text._ZN9Executive11exec_frame1Ev
                0x00002fa8      0x19c classes/Executive.o
                0x00002fa8                _ZN9Executive11exec_frame1Ev
 .text._ZN9Executive11exec_frame4Ev
                0x00003144       0x3c classes/Executive.o
                0x00003144                _ZN9Executive11exec_frame4Ev
 .text._ZN9Executive3runEv
                0x00003180      0x15a classes/Executive.o
                0x00003180                _ZN9Executive3runEv
 .text._ZN5LUT1DC2EiPKfS1_
                0x000032da       0x10 classes/LUT.o
                0x000032da                _ZN5LUT1DC1EiPKfS1_
                0x000032da                _ZN5LUT1DC2EiPKfS1_
 .text._ZN16WheatstoneBridgeC2Eii5LUT1Dfffff
                0x000032ea       0xa0 classes/WheatstoneBridge.o
                0x000032ea                _ZN16WheatstoneBridgeC2Eii5LUT1Dfffff
                0x000032ea                _ZN16WheatstoneBridgeC1Eii5LUT1Dfffff
 .text._ZN12ClickEncoderC2Ehhhhb
                0x0000338a       0x8c include/ClickEncoder/ClickEncoder.o
                0x0000338a                _ZN12ClickEncoderC2Ehhhhb
                0x0000338a                _ZN12ClickEncoderC1Ehhhhb
 .text._ZN12ClickEncoder7serviceEv
                0x00003416      0x194 include/ClickEncoder/ClickEncoder.o
                0x00003416                _ZN12ClickEncoder7serviceEv
 .text._ZN5I2CIOC2Ev
                0x000035aa        0xe include/LiquidCrystal/I2CIO.o
                0x000035aa                _ZN5I2CIOC2Ev
                0x000035aa                _ZN5I2CIOC1Ev
 .text._ZN5I2CIO8portModeEh
                0x000035b8       0x18 include/LiquidCrystal/I2CIO.o
                0x000035b8                _ZN5I2CIO8portModeEh
 .text._ZN5I2CIO5beginEh
                0x000035d0       0x34 include/LiquidCrystal/I2CIO.o
                0x000035d0                _ZN5I2CIO5beginEh
 .text._ZN5I2CIO5writeEh
                0x00003604       0x48 include/LiquidCrystal/I2CIO.o
                0x00003604                _ZN5I2CIO5writeEh
 .text._ZN3LCD15setBacklightPinEh13t_backlighPol
                0x0000364c        0x2 include/LiquidCrystal/LCD.o
                0x0000364c                _ZN3LCD15setBacklightPinEh13t_backlighPol
 .text._ZN3LCD12setBacklightEh
                0x0000364e        0x2 include/LiquidCrystal/LCD.o
                0x0000364e                _ZN3LCD12setBacklightEh
 .text._ZN3LCD5writeEh
                0x00003650       0x16 include/LiquidCrystal/LCD.o
                0x00003650                _ZN3LCD5writeEh
 .text._ZN3LCDC2Ev
                0x00003666       0x10 include/LiquidCrystal/LCD.o
                0x00003666                _ZN3LCDC1Ev
                0x00003666                _ZN3LCDC2Ev
 .text._ZN3LCD9backlightEv
                0x00003676       0x12 include/LiquidCrystal/LCD.o
                0x00003676                _ZN3LCD9backlightEv
 .text._ZN3LCD7commandEh
                0x00003688       0x12 include/LiquidCrystal/LCD.o
                0x00003688                _ZN3LCD7commandEh
 .text._ZN3LCD5clearEv
                0x0000369a        0xe include/LiquidCrystal/LCD.o
                0x0000369a                _ZN3LCD5clearEv
 .text._ZN3LCD9setCursorEhh
                0x000036a8       0x7c include/LiquidCrystal/LCD.o
                0x000036a8                _ZN3LCD9setCursorEhh
 .text._ZN3LCD7displayEv
                0x00003724       0x10 include/LiquidCrystal/LCD.o
                0x00003724                _ZN3LCD7displayEv
 .text._ZN3LCD5beginEhhh
                0x00003734       0xe4 include/LiquidCrystal/LCD.o
                0x00003734                _ZN3LCD5beginEhhh
 .text._ZN17LiquidCrystal_I2C15setBacklightPinEh13t_backlighPol
                0x00003818       0x28 include/LiquidCrystal/LiquidCrystal_I2C.o
                0x00003818                _ZN17LiquidCrystal_I2C15setBacklightPinEh13t_backlighPol
 .text._ZN17LiquidCrystal_I2C12setBacklightEh
                0x00003840       0x2c include/LiquidCrystal/LiquidCrystal_I2C.o
                0x00003840                _ZN17LiquidCrystal_I2C12setBacklightEh
 .text._ZN17LiquidCrystal_I2CC2Ehhhhhhhh
                0x0000386c       0xae include/LiquidCrystal/LiquidCrystal_I2C.o
                0x0000386c                _ZN17LiquidCrystal_I2CC2Ehhhhhhhh
                0x0000386c                _ZN17LiquidCrystal_I2CC1Ehhhhhhhh
 .text._ZN17LiquidCrystal_I2C4initEv
                0x0000391a       0x3c include/LiquidCrystal/LiquidCrystal_I2C.o
                0x0000391a                _ZN17LiquidCrystal_I2C4initEv
 .text._ZN17LiquidCrystal_I2C11pulseEnableEh
                0x00003956       0x34 include/LiquidCrystal/LiquidCrystal_I2C.o
                0x00003956                _ZN17LiquidCrystal_I2C11pulseEnableEh
 .text._ZN17LiquidCrystal_I2C10write4bitsEhh
                0x0000398a       0x3a include/LiquidCrystal/LiquidCrystal_I2C.o
                0x0000398a                _ZN17LiquidCrystal_I2C10write4bitsEhh
 .text._ZN17LiquidCrystal_I2C4sendEhh
                0x000039c4       0x42 include/LiquidCrystal/LiquidCrystal_I2C.o
                0x000039c4                _ZN17LiquidCrystal_I2C4sendEhh
 .text._ZN17LiquidCrystal_I2C5beginEhhh
                0x00003a06       0x2a include/LiquidCrystal/LiquidCrystal_I2C.o
                0x00003a06                _ZN17LiquidCrystal_I2C5beginEhhh
 .text._Z12freeListSizev
                0x00003a30       0x2c include/MemoryFree/MemoryFree.o
                0x00003a30                _Z12freeListSizev
 .text.freeMemory
                0x00003a5c       0x52 include/MemoryFree/MemoryFree.o
                0x00003a5c                freeMemory
 .text.__vector_20
                0x00003aae       0x56 include/TimerOne/TimerOne.o
                0x00003aae                __vector_20
 .text.twi_init
                0x00003b04       0x3c include/Wire/twi.o
                0x00003b04                twi_init
 .text.twi_readFrom
                0x00003b40       0x98 include/Wire/twi.o
                0x00003b40                twi_readFrom
 .text.twi_writeTo
                0x00003bd8       0xba include/Wire/twi.o
                0x00003bd8                twi_writeTo
 .text.twi_transmit
                0x00003c92       0x42 include/Wire/twi.o
                0x00003c92                twi_transmit
 .text.twi_stop
                0x00003cd4       0x16 include/Wire/twi.o
                0x00003cd4                twi_stop
 .text.twi_releaseBus
                0x00003cea        0xc include/Wire/twi.o
                0x00003cea                twi_releaseBus
 .text.__vector_39
                0x00003cf6      0x23c include/Wire/twi.o
                0x00003cf6                __vector_39
 .text._ZN7TwoWire9availableEv
                0x00003f32       0x10 include/Wire/Wire.o
                0x00003f32                _ZN7TwoWire9availableEv
 .text._ZN7TwoWire4readEv
                0x00003f42       0x28 include/Wire/Wire.o
                0x00003f42                _ZN7TwoWire4readEv
 .text._ZN7TwoWire4peekEv
                0x00003f6a       0x1e include/Wire/Wire.o
                0x00003f6a                _ZN7TwoWire4peekEv
 .text._ZN7TwoWire5flushEv
                0x00003f88        0x2 include/Wire/Wire.o
                0x00003f88                _ZN7TwoWire5flushEv
 .text._ZN7TwoWire5writeEPKhj
                0x00003f8a       0x5e include/Wire/Wire.o
                0x00003f8a                _ZN7TwoWire5writeEPKhj
 .text._ZN7TwoWire5writeEh
                0x00003fe8       0x60 include/Wire/Wire.o
                0x00003fe8                _ZN7TwoWire5writeEh
 .text._ZN7TwoWireC2Ev
                0x00004048       0x20 include/Wire/Wire.o
                0x00004048                _ZN7TwoWireC1Ev
                0x00004048                _ZN7TwoWireC2Ev
 .text._ZN7TwoWire5beginEv
                0x00004068       0x14 include/Wire/Wire.o
                0x00004068                _ZN7TwoWire5beginEv
 .text._ZN7TwoWire11requestFromEhhh
                0x0000407c       0x18 include/Wire/Wire.o
                0x0000407c                _ZN7TwoWire11requestFromEhhh
 .text._ZN7TwoWire11requestFromEhh
                0x00004094        0x6 include/Wire/Wire.o
                0x00004094                _ZN7TwoWire11requestFromEhh
 .text._ZN7TwoWire17beginTransmissionEh
                0x0000409a       0x14 include/Wire/Wire.o
                0x0000409a                _ZN7TwoWire17beginTransmissionEh
 .text._ZN7TwoWire15endTransmissionEh
                0x000040ae       0x24 include/Wire/Wire.o
                0x000040ae                _ZN7TwoWire15endTransmissionEh
 .text._ZN7TwoWire15endTransmissionEv
                0x000040d2        0x6 include/Wire/Wire.o
                0x000040d2                _ZN7TwoWire15endTransmissionEv
 .text._GLOBAL__sub_I__ZN7TwoWire8rxBufferE
                0x000040d8        0x8 include/Wire/Wire.o
 .text.loop     0x000040e0       0x6c Main.o
                0x000040e0                loop
 .text._GLOBAL__sub_I_BootScreenTime
                0x0000414c       0x1e Main.o
 .text.setup    0x0000416a      0x1a0 Main.o
                0x0000416a                setup
 .text.__cxa_pure_virtual
                0x0000430a        0x4 src/abi.o
                0x0000430a                __cxa_pure_virtual
 .text._ZN14HardwareSerial9availableEv
                0x0000430e       0x18 src/HardwareSerial.o
                0x0000430e                _ZN14HardwareSerial9availableEv
 .text._ZN14HardwareSerial4peekEv
                0x00004326       0x1c src/HardwareSerial.o
                0x00004326                _ZN14HardwareSerial4peekEv
 .text._ZN14HardwareSerial4readEv
                0x00004342       0x28 src/HardwareSerial.o
                0x00004342                _ZN14HardwareSerial4readEv
 .text._Z14serialEventRunv
                0x0000436a       0x62 src/HardwareSerial.o
                0x0000436a                _Z14serialEventRunv
 .text._ZN14HardwareSerial17_tx_udr_empty_irqEv
                0x000043cc       0x54 src/HardwareSerial.o
                0x000043cc                _ZN14HardwareSerial17_tx_udr_empty_irqEv
 .text._ZN14HardwareSerial5flushEv
                0x00004420       0x42 src/HardwareSerial.o
                0x00004420                _ZN14HardwareSerial5flushEv
 .text._ZN14HardwareSerial5writeEh
                0x00004462       0x9c src/HardwareSerial.o
                0x00004462                _ZN14HardwareSerial5writeEh
 .text._ZN14HardwareSerial5beginEmh
                0x000044fe       0xd2 src/HardwareSerial.o
                0x000044fe                _ZN14HardwareSerial5beginEmh
 .text.__vector_25
                0x000045d0       0x78 src/HardwareSerial0.o
                0x000045d0                __vector_25
 .text.__vector_26
                0x00004648       0x52 src/HardwareSerial0.o
                0x00004648                __vector_26
 .text._Z17Serial0_availablev
                0x0000469a       0x12 src/HardwareSerial0.o
                0x0000469a                _Z17Serial0_availablev
 .text._GLOBAL__sub_I___vector_25
                0x000046ac       0x5a src/HardwareSerial0.o
 .text.__vector_36
                0x00004706       0x78 src/HardwareSerial1.o
                0x00004706                __vector_36
 .text.__vector_37
                0x0000477e       0x52 src/HardwareSerial1.o
                0x0000477e                __vector_37
 .text._Z17Serial1_availablev
                0x000047d0       0x12 src/HardwareSerial1.o
                0x000047d0                _Z17Serial1_availablev
 .text._GLOBAL__sub_I___vector_36
                0x000047e2       0x5a src/HardwareSerial1.o
 .text.__vector_51
                0x0000483c       0x78 src/HardwareSerial2.o
                0x0000483c                __vector_51
 .text.__vector_52
                0x000048b4       0x52 src/HardwareSerial2.o
                0x000048b4                __vector_52
 .text._Z17Serial2_availablev
                0x00004906       0x12 src/HardwareSerial2.o
                0x00004906                _Z17Serial2_availablev
 .text._GLOBAL__sub_I___vector_51
                0x00004918       0x5a src/HardwareSerial2.o
 .text.__vector_54
                0x00004972       0x78 src/HardwareSerial3.o
                0x00004972                __vector_54
 .text.__vector_55
                0x000049ea       0x52 src/HardwareSerial3.o
                0x000049ea                __vector_55
 .text._Z17Serial3_availablev
                0x00004a3c       0x12 src/HardwareSerial3.o
                0x00004a3c                _Z17Serial3_availablev
 .text._GLOBAL__sub_I___vector_54
                0x00004a4e       0x5a src/HardwareSerial3.o
 .text.__empty  0x00004aa8        0x2 src/hooks.o
                0x00004aa8                yield
 .text._ZNK9IPAddress7printToER5Print
                0x00004aaa       0x7e src/IPAddress.o
                0x00004aaa                _ZNK9IPAddress7printToER5Print
 .text._GLOBAL__sub_I__ZN9IPAddressC2Ev
                0x00004b28       0x16 src/IPAddress.o
 .text.initVariant
                0x00004b3e        0x2 src/main.o
                0x00004b3e                initVariant
 .text.main     0x00004b40       0x14 src/main.o
                0x00004b40                main
 .text._Znwj    0x00004b54        0x6 src/new.o
                0x00004b54                _Znwj
 .text._ZdlPv   0x00004b5a        0x6 src/new.o
                0x00004b5a                _ZdlPv
 .text._ZN5Print5writeEPKhj
                0x00004b60       0x5a src/Print.o
                0x00004b60                _ZN5Print5writeEPKhj
 .text._ZN5Print5printERK6String
                0x00004bba       0x1e src/Print.o
                0x00004bba                _ZN5Print5printERK6String
 .text._ZN5Print5printEPKc
                0x00004bd8       0x2c src/Print.o
                0x00004bd8                _ZN5Print5printEPKc
 .text._ZN5Print5printEc
                0x00004c04       0x10 src/Print.o
                0x00004c04                _ZN5Print5printEc
 .text._ZN5Print7printlnEv
                0x00004c14       0x18 src/Print.o
                0x00004c14                _ZN5Print7printlnEv
 .text._ZN5Print7printlnEPKc
                0x00004c2c       0x20 src/Print.o
                0x00004c2c                _ZN5Print7printlnEPKc
 .text._ZN5Print11printNumberEmh
                0x00004c4c       0xe6 src/Print.o
                0x00004c4c                _ZN5Print11printNumberEmh
 .text._ZN5Print5printEli
                0x00004d32       0x70 src/Print.o
                0x00004d32                _ZN5Print5printEli
 .text._ZN5Print7printlnEii
                0x00004da2       0x2a src/Print.o
                0x00004da2                _ZN5Print7printlnEii
 .text._ZN5Print5printEmi
                0x00004dcc       0x1c src/Print.o
                0x00004dcc                _ZN5Print5printEmi
 .text._ZN5Print5printEhi
                0x00004de8        0xe src/Print.o
                0x00004de8                _ZN5Print5printEhi
 .text._ZN5Print10printFloatEdh
                0x00004df6      0x1ea src/Print.o
                0x00004df6                _ZN5Print10printFloatEdh
 .text._ZN5Print5printEdi
                0x00004fe0        0x4 src/Print.o
                0x00004fe0                _ZN5Print5printEdi
 .text._ZN5Print7printlnEdi
                0x00004fe4       0x20 src/Print.o
                0x00004fe4                _ZN5Print7printlnEdi
 .text._Z12disableTimerh
                0x00005004       0x74 src/Tone.o
                0x00005004                _Z12disableTimerh
 .text._Z6noToneh
                0x00005078       0x2a src/Tone.o
                0x00005078                _Z6noToneh
 .text.__vector_13
                0x000050a2       0xbe src/Tone.o
                0x000050a2                __vector_13
 .text.__vector_1
                0x00005160       0x62 src/WInterrupts.o
                0x00005160                __vector_1
 .text.__vector_2
                0x000051c2       0x62 src/WInterrupts.o
                0x000051c2                __vector_2
 .text.__vector_3
                0x00005224       0x62 src/WInterrupts.o
                0x00005224                __vector_3
 .text.__vector_4
                0x00005286       0x62 src/WInterrupts.o
                0x00005286                __vector_4
 .text.__vector_5
                0x000052e8       0x62 src/WInterrupts.o
                0x000052e8                __vector_5
 .text.__vector_6
                0x0000534a       0x62 src/WInterrupts.o
                0x0000534a                __vector_6
 .text.__vector_7
                0x000053ac       0x62 src/WInterrupts.o
                0x000053ac                __vector_7
 .text.__vector_8
                0x0000540e       0x62 src/WInterrupts.o
                0x0000540e                __vector_8
 .text.__vector_23
                0x00005470       0x94 src/wiring.o
                0x00005470                __vector_23
 .text.millis   0x00005504       0x18 src/wiring.o
                0x00005504                millis
 .text.micros   0x0000551c       0x4c src/wiring.o
                0x0000551c                micros
 .text.delay    0x00005568       0x52 src/wiring.o
                0x00005568                delay
 .text.delayMicroseconds
                0x000055ba       0x16 src/wiring.o
                0x000055ba                delayMicroseconds
 .text.init     0x000055d0       0xc4 src/wiring.o
                0x000055d0                init
 .text.analogRead
                0x00005694       0x48 src/wiring_analog.o
                0x00005694                analogRead
 .text.turnOffPWM
                0x000056dc       0xd0 src/wiring_digital.o
 .text.pinMode  0x000057ac       0x7e src/wiring_digital.o
                0x000057ac                pinMode
 .text.digitalWrite
                0x0000582a       0x60 src/wiring_digital.o
                0x0000582a                digitalWrite
 .text.digitalRead
                0x0000588a       0x50 src/wiring_digital.o
                0x0000588a                digitalRead
 .text._ZN6StringD2Ev
                0x000058da        0xa src/WString.o
                0x000058da                _ZN6StringD2Ev
                0x000058da                _ZN6StringD1Ev
 .text._ZN6String10invalidateEv
                0x000058e4       0x22 src/WString.o
                0x000058e4                _ZN6String10invalidateEv
 .text._ZN6String12changeBufferEj
                0x00005906       0x32 src/WString.o
                0x00005906                _ZN6String12changeBufferEj
 .text._ZN6String7reserveEj
                0x00005938       0x3e src/WString.o
                0x00005938                _ZN6String7reserveEj
 .text._ZN6String4copyEPKcj
                0x00005976       0x3c src/WString.o
                0x00005976                _ZN6String4copyEPKcj
 .text._ZN6StringC2EPKc
                0x000059b2       0x28 src/WString.o
                0x000059b2                _ZN6StringC2EPKc
                0x000059b2                _ZN6StringC1EPKc
 .text._ZN6StringaSERKS_
                0x000059da       0x2a src/WString.o
                0x000059da                _ZN6StringaSERKS_
 .text._ZN6StringC2ERKS_
                0x00005a04       0x12 src/WString.o
                0x00005a04                _ZN6StringC2ERKS_
                0x00005a04                _ZN6StringC1ERKS_
 .text._ZN6StringaSEPKc
                0x00005a16       0x2a src/WString.o
                0x00005a16                _ZN6StringaSEPKc
 .text._ZN6StringC2Eih
                0x00005a40       0x54 src/WString.o
                0x00005a40                _ZN6StringC2Eih
                0x00005a40                _ZN6StringC1Eih
 .text._ZN6StringC2Ejh
                0x00005a94       0x54 src/WString.o
                0x00005a94                _ZN6StringC1Ejh
                0x00005a94                _ZN6StringC2Ejh
 .text._ZN6StringC2Elh
                0x00005ae8       0x56 src/WString.o
                0x00005ae8                _ZN6StringC2Elh
                0x00005ae8                _ZN6StringC1Elh
 .text._ZN6StringC2Emh
                0x00005b3e       0x56 src/WString.o
                0x00005b3e                _ZN6StringC1Emh
                0x00005b3e                _ZN6StringC2Emh
 .text._ZN6StringC2Efh
                0x00005b94       0x5c src/WString.o
                0x00005b94                _ZN6StringC2Efh
                0x00005b94                _ZN6StringC1Efh
 .text._ZN6StringC2Edh
                0x00005bf0       0x5c src/WString.o
                0x00005bf0                _ZN6StringC1Edh
                0x00005bf0                _ZN6StringC2Edh
 .text.avr-libc.fplib
                0x00005c4c        0xa c:/program files (x86)/atmel/studio/7.0/toolchain/avr8/avr8-gnu-toolchain/bin/../lib/gcc/avr/4.9.2/../../../../avr/lib/avr6\libm.a(addsf3.o)
                0x00005c4c                __subsf3
                0x00005c4e                __addsf3
 .text.avr-libc.fplib
                0x00005c56       0xc0 c:/program files (x86)/atmel/studio/7.0/toolchain/avr8/avr8-gnu-toolchain/bin/../lib/gcc/avr/4.9.2/../../../../avr/lib/avr6\libm.a(addsf3x.o)
                0x00005c70                __addsf3x
 .text.avr-libc.fplib
                0x00005d16        0x8 c:/program files (x86)/atmel/studio/7.0/toolchain/avr8/avr8-gnu-toolchain/bin/../lib/gcc/avr/4.9.2/../../../../avr/lib/avr6\libm.a(cmpsf2.o)
                0x00005d16                __nesf2
                0x00005d16                __eqsf2
                0x00005d16                __cmpsf2
                0x00005d16                __ltsf2
                0x00005d16                __lesf2
 .text.avr-libc.fplib
                0x00005d1e        0x4 c:/program files (x86)/atmel/studio/7.0/toolchain/avr8/avr8-gnu-toolchain/bin/../lib/gcc/avr/4.9.2/../../../../avr/lib/avr6\libm.a(divsf3.o)
                0x00005d1e                __divsf3
 .text.avr-libc.fplib
                0x00005d22       0xcc c:/program files (x86)/atmel/studio/7.0/toolchain/avr8/avr8-gnu-toolchain/bin/../lib/gcc/avr/4.9.2/../../../../avr/lib/avr6\libm.a(divsf3x.o)
                0x00005d38                __divsf3x
                0x00005d3c                __divsf3_pse
 .text.avr-libc.fplib
                0x00005dee        0xa c:/program files (x86)/atmel/studio/7.0/toolchain/avr8/avr8-gnu-toolchain/bin/../lib/gcc/avr/4.9.2/../../../../avr/lib/avr6\libm.a(fixsfsi.o)
                0x00005dee                __fixsfsi
 .text.avr-libc.fplib
                0x00005df8       0x58 c:/program files (x86)/atmel/studio/7.0/toolchain/avr8/avr8-gnu-toolchain/bin/../lib/gcc/avr/4.9.2/../../../../avr/lib/avr6\libm.a(fixunssfsi.o)
                0x00005df8                __fixunssfsi
 .text.avr-libc.fplib
                0x00005e50       0x7a c:/program files (x86)/atmel/studio/7.0/toolchain/avr8/avr8-gnu-toolchain/bin/../lib/gcc/avr/4.9.2/../../../../avr/lib/avr6\libm.a(floatsisf.o)
                0x00005e50                __floatunsisf
                0x00005e54                __floatsisf
 .text.avr-libc.fplib
                0x00005eca       0x48 c:/program files (x86)/atmel/studio/7.0/toolchain/avr8/avr8-gnu-toolchain/bin/../lib/gcc/avr/4.9.2/../../../../avr/lib/avr6\libm.a(fp_cmp.o)
                0x00005eca                __fp_cmp
 .text.avr-libc.fplib
                0x00005f12        0xc c:/program files (x86)/atmel/studio/7.0/toolchain/avr8/avr8-gnu-toolchain/bin/../lib/gcc/avr/4.9.2/../../../../avr/lib/avr6\libm.a(fp_inf.o)
                0x00005f12                __fp_inf
 .text.avr-libc.fplib
                0x00005f1e        0x6 c:/program files (x86)/atmel/studio/7.0/toolchain/avr8/avr8-gnu-toolchain/bin/../lib/gcc/avr/4.9.2/../../../../avr/lib/avr6\libm.a(fp_nan.o)
                0x00005f1e                __fp_nan
 .text.avr-libc.fplib
                0x00005f24        0xe c:/program files (x86)/atmel/studio/7.0/toolchain/avr8/avr8-gnu-toolchain/bin/../lib/gcc/avr/4.9.2/../../../../avr/lib/avr6\libm.a(fp_pscA.o)
                0x00005f24                __fp_pscA
 .text.avr-libc.fplib
                0x00005f32        0xe c:/program files (x86)/atmel/studio/7.0/toolchain/avr8/avr8-gnu-toolchain/bin/../lib/gcc/avr/4.9.2/../../../../avr/lib/avr6\libm.a(fp_pscB.o)
                0x00005f32                __fp_pscB
 .text.avr-libc.fplib
                0x00005f40       0x22 c:/program files (x86)/atmel/studio/7.0/toolchain/avr8/avr8-gnu-toolchain/bin/../lib/gcc/avr/4.9.2/../../../../avr/lib/avr6\libm.a(fp_round.o)
                0x00005f40                __fp_round
 .text.avr-libc.fplib
                0x00005f62       0x44 c:/program files (x86)/atmel/studio/7.0/toolchain/avr8/avr8-gnu-toolchain/bin/../lib/gcc/avr/4.9.2/../../../../avr/lib/avr6\libm.a(fp_split3.o)
                0x00005f62                __fp_split3
                0x00005f72                __fp_splitA
 .text.avr-libc.fplib
                0x00005fa6        0xe c:/program files (x86)/atmel/studio/7.0/toolchain/avr8/avr8-gnu-toolchain/bin/../lib/gcc/avr/4.9.2/../../../../avr/lib/avr6\libm.a(fp_zero.o)
                0x00005fa6                __fp_zero
                0x00005fa8                __fp_szero
 .text.avr-libc.fplib
                0x00005fb4        0x8 c:/program files (x86)/atmel/studio/7.0/toolchain/avr8/avr8-gnu-toolchain/bin/../lib/gcc/avr/4.9.2/../../../../avr/lib/avr6\libm.a(gesf2.o)
                0x00005fb4                __gesf2
                0x00005fb4                __gtsf2
 .text.avr-libc.fplib
                0x00005fbc        0x4 c:/program files (x86)/atmel/studio/7.0/toolchain/avr8/avr8-gnu-toolchain/bin/../lib/gcc/avr/4.9.2/../../../../avr/lib/avr6\libm.a(mulsf3.o)
                0x00005fbc                __mulsf3
 .text.avr-libc.fplib
                0x00005fc0       0xc2 c:/program files (x86)/atmel/studio/7.0/toolchain/avr8/avr8-gnu-toolchain/bin/../lib/gcc/avr/4.9.2/../../../../avr/lib/avr6\libm.a(mulsf3x.o)
                0x00005fd4                __mulsf3x
                0x00005fd8                __mulsf3_pse
 .text.avr-libc.fplib
                0x00006082        0x8 c:/program files (x86)/atmel/studio/7.0/toolchain/avr8/avr8-gnu-toolchain/bin/../lib/gcc/avr/4.9.2/../../../../avr/lib/avr6\libm.a(unordsf2.o)
                0x00006082                __unordsf2
 .text.libgcc.div
                0x0000608a       0x26 c:/program files (x86)/atmel/studio/7.0/toolchain/avr8/avr8-gnu-toolchain/bin/../lib/gcc/avr/4.9.2/avr6\libgcc.a(_divmodhi4.o)
                0x0000608a                _div
                0x0000608a                __divmodhi4
 .text.libgcc.div
                0x000060b0       0x44 c:/program files (x86)/atmel/studio/7.0/toolchain/avr8/avr8-gnu-toolchain/bin/../lib/gcc/avr/4.9.2/avr6\libgcc.a(_udivmodsi4.o)
                0x000060b0                __udivmodsi4
 .text.libgcc   0x000060f4       0x10 c:/program files (x86)/atmel/studio/7.0/toolchain/avr8/avr8-gnu-toolchain/bin/../lib/gcc/avr/4.9.2/avr6\libgcc.a(_tablejump2.o)
                0x000060f4                __tablejump2__
 .text.libgcc.div
                0x00006104       0x28 c:/program files (x86)/atmel/studio/7.0/toolchain/avr8/avr8-gnu-toolchain/bin/../lib/gcc/avr/4.9.2/avr6\libgcc.a(_udivmodhi4.o)
                0x00006104                __udivmodhi4
 .text.avr-libc
                0x0000612c       0x3e c:/program files (x86)/atmel/studio/7.0/toolchain/avr8/avr8-gnu-toolchain/bin/../lib/gcc/avr/4.9.2/../../../../avr/lib/avr6\libc.a(dtostrf.o)
                0x0000612c                dtostrf
 .text.avr-libc
                0x0000616a      0x25a c:/program files (x86)/atmel/studio/7.0/toolchain/avr8/avr8-gnu-toolchain/bin/../lib/gcc/avr/4.9.2/../../../../avr/lib/avr6\libc.a(malloc.o)
                0x0000616a                malloc
                0x00006294                free
 .text.avr-libc
                0x000063c4      0x1c8 c:/program files (x86)/atmel/studio/7.0/toolchain/avr8/avr8-gnu-toolchain/bin/../lib/gcc/avr/4.9.2/../../../../avr/lib/avr6\libc.a(realloc.o)
                0x000063c4                realloc
 .text.avr-libc
                0x0000658c        0x8 c:/program files (x86)/atmel/studio/7.0/toolchain/avr8/avr8-gnu-toolchain/bin/../lib/gcc/avr/4.9.2/../../../../avr/lib/avr6\libc.a(abort.o)
                0x0000658c                abort
 .text.avr-libc
                0x00006594       0x12 c:/program files (x86)/atmel/studio/7.0/toolchain/avr8/avr8-gnu-toolchain/bin/../lib/gcc/avr/4.9.2/../../../../avr/lib/avr6\libc.a(memcpy.o)
                0x00006594                memcpy
 .text.avr-libc
                0x000065a6        0xe c:/program files (x86)/atmel/studio/7.0/toolchain/avr8/avr8-gnu-toolchain/bin/../lib/gcc/avr/4.9.2/../../../../avr/lib/avr6\libc.a(strcpy.o)
                0x000065a6                strcpy
 .text.avr-libc
                0x000065b4       0x14 c:/program files (x86)/atmel/studio/7.0/toolchain/avr8/avr8-gnu-toolchain/bin/../lib/gcc/avr/4.9.2/../../../../avr/lib/avr6\libc.a(itoa.o)
                0x000065b4                __itoa
                0x000065b4                itoa
 .text.avr-libc
                0x000065c8       0x14 c:/program files (x86)/atmel/studio/7.0/toolchain/avr8/avr8-gnu-toolchain/bin/../lib/gcc/avr/4.9.2/../../../../avr/lib/avr6\libc.a(itoa_ncheck.o)
                0x000065c8                __itoa_ncheck
 .text.avr-libc
                0x000065dc       0x14 c:/program files (x86)/atmel/studio/7.0/toolchain/avr8/avr8-gnu-toolchain/bin/../lib/gcc/avr/4.9.2/../../../../avr/lib/avr6\libc.a(ltoa.o)
                0x000065dc                ltoa
                0x000065dc                __ltoa
 .text.avr-libc
                0x000065f0       0x1c c:/program files (x86)/atmel/studio/7.0/toolchain/avr8/avr8-gnu-toolchain/bin/../lib/gcc/avr/4.9.2/../../../../avr/lib/avr6\libc.a(ltoa_ncheck.o)
                0x000065f0                __ltoa_ncheck
 .text.avr-libc
                0x0000660c       0x14 c:/program files (x86)/atmel/studio/7.0/toolchain/avr8/avr8-gnu-toolchain/bin/../lib/gcc/avr/4.9.2/../../../../avr/lib/avr6\libc.a(ultoa.o)
                0x0000660c                ultoa
                0x0000660c                __ultoa
 .text.avr-libc
                0x00006620       0x42 c:/program files (x86)/atmel/studio/7.0/toolchain/avr8/avr8-gnu-toolchain/bin/../lib/gcc/avr/4.9.2/../../../../avr/lib/avr6\libc.a(ultoa_ncheck.o)
                0x00006620                __ultoa_ncheck
                0x00006622                __ultoa_common
 .text.avr-libc
                0x00006662       0x14 c:/program files (x86)/atmel/studio/7.0/toolchain/avr8/avr8-gnu-toolchain/bin/../lib/gcc/avr/4.9.2/../../../../avr/lib/avr6\libc.a(utoa.o)
                0x00006662                __utoa
                0x00006662                utoa
 .text.avr-libc
                0x00006676       0x32 c:/program files (x86)/atmel/studio/7.0/toolchain/avr8/avr8-gnu-toolchain/bin/../lib/gcc/avr/4.9.2/../../../../avr/lib/avr6\libc.a(utoa_ncheck.o)
                0x00006676                __utoa_ncheck
                0x00006678                __utoa_common
 .text.avr-libc
                0x000066a8      0x31a c:/program files (x86)/atmel/studio/7.0/toolchain/avr8/avr8-gnu-toolchain/bin/../lib/gcc/avr/4.9.2/../../../../avr/lib/avr6\libc.a(dtoa_prf.o)
                0x000066a8                dtoa_prf
 .text.avr-libc
                0x000069c2      0x1b0 c:/program files (x86)/atmel/studio/7.0/toolchain/avr8/avr8-gnu-toolchain/bin/../lib/gcc/avr/4.9.2/../../../../avr/lib/avr6\libc.a(ftoa_engine.o)
                0x000069c2                __ftoa_engine
 .text.avr-libc
                0x00006b72       0x20 c:/program files (x86)/atmel/studio/7.0/toolchain/avr8/avr8-gnu-toolchain/bin/../lib/gcc/avr/4.9.2/../../../../avr/lib/avr6\libc.a(strrev.o)
                0x00006b72                strrev
                0x00006b92                . = ALIGN (0x2)
 *(.fini9)
 .fini9         0x00006b92        0x0 c:/program files (x86)/atmel/studio/7.0/toolchain/avr8/avr8-gnu-toolchain/bin/../lib/gcc/avr/4.9.2/avr6\libgcc.a(_exit.o)
                0x00006b92                _exit
                0x00006b92                exit
 *(.fini9)
 *(.fini8)
 *(.fini8)
 *(.fini7)
 *(.fini7)
 *(.fini6)
 .fini6         0x00006b92       0x1e c:/program files (x86)/atmel/studio/7.0/toolchain/avr8/avr8-gnu-toolchain/bin/../lib/gcc/avr/4.9.2/avr6\libgcc.a(_dtors.o)
                0x00006b92                __do_global_dtors
 *(.fini6)
 *(.fini5)
 *(.fini5)
 *(.fini4)
 *(.fini4)
 *(.fini3)
 *(.fini3)
 *(.fini2)
 *(.fini2)
 *(.fini1)
 *(.fini1)
 *(.fini0)
 .fini0         0x00006bb0        0x4 c:/program files (x86)/atmel/studio/7.0/toolchain/avr8/avr8-gnu-toolchain/bin/../lib/gcc/avr/4.9.2/avr6\libgcc.a(_exit.o)
 *(.fini0)
                0x00006bb4                _etext = .

.data           0x00800200      0x324 load address 0x00006bb4
                0x00800200                PROVIDE (__data_start, .)
 *(.data)
 .data          0x00800200        0x6 c:/program files (x86)/atmel/studio/7.0/toolchain/avr8/avr8-gnu-toolchain/bin/../lib/gcc/avr/4.9.2/../../../../avr/lib/avr6\libc.a(malloc.o)
                0x00800200                __malloc_heap_end
                0x00800202                __malloc_heap_start
                0x00800204                __malloc_margin
 *(.data*)
 .data.HLT_SOL2
                0x00800206        0x2 classes/Hardware.o
                0x00800206                HLT_SOL2
 .data.HLT_SOL1
                0x00800208        0x2 classes/Hardware.o
                0x00800208                HLT_SOL1
 .data.firstpass
                0x0080020a        0x1 Main.o
                0x0080020a                firstpass
 .data._ZL9tone_pins
                0x0080020b        0x1 src/Tone.o
 .data.analog_reference
                0x0080020c        0x1 src/wiring_analog.o
                0x0080020c                analog_reference
 *(.rodata)
 *(.rodata*)
 .rodata._ZTV10LinkedListIiE
                0x0080020d       0x18 classes/EnhancedIO/AnalogIn.o
                0x0080020d                _ZTV10LinkedListIiE
 .rodata.str1.1
                0x00800225        0xb classes/EnhancedIO/DigitalIO.o
 .rodata.str1.1
                0x00800230        0xb classes/EZUI/Controls/EZUI_Control.o
                                  0x1 (size before relaxing)
 .rodata._ZTV12EZUI_Control
                0x00800230        0xa classes/EZUI/Controls/EZUI_Control.o
                0x00800230                _ZTV12EZUI_Control
 .rodata.str1.1
                0x0080023a        0x1 classes/EZUI/Controls/EZUI_Control_Label.o
 .rodata._ZTV18EZUI_Control_Label
                0x0080023a        0xa classes/EZUI/Controls/EZUI_Control_Label.o
                0x0080023a                _ZTV18EZUI_Control_Label
 .rodata.str1.1
                0x00800244        0x1 classes/EZUI/Controls/EZUI_Control_Link.o
 .rodata._ZTV17EZUI_Control_Link
                0x00800244        0xa classes/EZUI/Controls/EZUI_Control_Link.o
                0x00800244                _ZTV17EZUI_Control_Link
 .rodata.str1.1
                0x0080024e        0xc classes/EZUI/Controls/EZUI_Control_ToggleOption.o
 .rodata.str1.1
                0x0080024e       0x5c classes/Hardware.o
 .rodata.str1.1
                0x008002aa       0x16 classes/UI_BK/UI_BK.o
                                 0x1c (size before relaxing)
 .rodata.str1.1
                0x008002c0       0x3f classes/UI_HLT/UI_HLT.o
                                 0x4d (size before relaxing)
 .rodata.str1.1
                0x008002ff       0x5a classes/UI_MAIN/UI_MAIN.o
                                 0x60 (size before relaxing)
 .rodata.str1.1
                0x00800359       0x17 classes/UI_MLT/UI_MLT.o
                                 0x1d (size before relaxing)
 .rodata.str1.1
                0x00800370       0x21 classes/EZUI/EZUI_Menu.o
                                 0x23 (size before relaxing)
 .rodata._ZTV10LinkedListIN9EZUI_Menu12MenuItemTypeEE
                0x00800391       0x18 classes/EZUI/EZUI_Menu.o
                0x00800391                _ZTV10LinkedListIN9EZUI_Menu12MenuItemTypeEE
 .rodata.str1.1
                0x008003a9       0x19 classes/EZUI/EZUI.o
 .rodata.str1.1
                0x008003c2       0x26 classes/Executive.o
 .rodata._ZTV3LCD
                0x008003e8       0x10 include/LiquidCrystal/LCD.o
                0x008003e8                _ZTV3LCD
 .rodata._ZTV17LiquidCrystal_I2C
                0x008003f8       0x10 include/LiquidCrystal/LiquidCrystal_I2C.o
                0x008003f8                _ZTV17LiquidCrystal_I2C
 .rodata._ZTV7TwoWire
                0x00800408       0x10 include/Wire/Wire.o
                0x00800408                _ZTV7TwoWire
 .rodata.str1.1
                0x00800418       0xe7 Main.o
                                 0xe8 (size before relaxing)
 .rodata._ZTV14HardwareSerial
                0x008004ff       0x10 src/HardwareSerial.o
                0x008004ff                _ZTV14HardwareSerial
 .rodata._ZTV9IPAddress
                0x0080050f        0x6 src/IPAddress.o
                0x0080050f                _ZTV9IPAddress
 .rodata.str1.1
                0x00800515        0xf src/Print.o
                                 0x11 (size before relaxing)
 *(.gnu.linkonce.d*)
                0x00800524                . = ALIGN (0x2)
                0x00800524                _edata = .
                0x00800524                PROVIDE (__data_end, .)

.bss            0x00800524      0x7df
                0x00800524                PROVIDE (__bss_start, .)
 *(.bss)
 *(.bss*)
 .bss.BK_RTD_OP
                0x00800524       0x32 classes/Hardware.o
                0x00800524                BK_RTD_OP
 .bss.BK_RTD_BP
                0x00800556       0x32 classes/Hardware.o
                0x00800556                BK_RTD_BP
 .bss.BK_ENC    0x00800588       0x2c classes/Hardware.o
                0x00800588                BK_ENC
 .bss.BK_LCD    0x008005b4       0x18 classes/Hardware.o
                0x008005b4                BK_LCD
 .bss.MLT_RTD_OP
                0x008005cc       0x32 classes/Hardware.o
                0x008005cc                MLT_RTD_OP
 .bss.MLT_RTD_BP
                0x008005fe       0x32 classes/Hardware.o
                0x008005fe                MLT_RTD_BP
 .bss.MLT_ENC   0x00800630       0x2c classes/Hardware.o
                0x00800630                MLT_ENC
 .bss.MLT_LCD   0x0080065c       0x18 classes/Hardware.o
                0x0080065c                MLT_LCD
 .bss.HLT_RTD_OP
                0x00800674       0x32 classes/Hardware.o
                0x00800674                HLT_RTD_OP
 .bss.HLT_RTD_BP
                0x008006a6       0x32 classes/Hardware.o
                0x008006a6                HLT_RTD_BP
 .bss.HLT_ENC   0x008006d8       0x2c classes/Hardware.o
                0x008006d8                HLT_ENC
 .bss.HLT_LCD   0x00800704       0x18 classes/Hardware.o
                0x00800704                HLT_LCD
 .bss.MAIN_ENC  0x0080071c       0x2c classes/Hardware.o
                0x0080071c                MAIN_ENC
 .bss.MAIN_LCD  0x00800748       0x18 classes/Hardware.o
                0x00800748                MAIN_LCD
 .bss.Pump2_On  0x00800760        0x1 classes/Hardware.o
                0x00800760                Pump2_On
 .bss.Pump2_V   0x00800761        0x4 classes/Hardware.o
                0x00800761                Pump2_V
 .bss.Pump1_On  0x00800765        0x1 classes/Hardware.o
                0x00800765                Pump1_On
 .bss.Pump1_V   0x00800766        0x4 classes/Hardware.o
                0x00800766                Pump1_V
 .bss.BK_TC_ON  0x0080076a        0x1 classes/Hardware.o
                0x0080076a                BK_TC_ON
 .bss.BK_TC_V   0x0080076b        0x4 classes/Hardware.o
                0x0080076b                BK_TC_V
 .bss.MLT_TC_ON
                0x0080076f        0x1 classes/Hardware.o
                0x0080076f                MLT_TC_ON
 .bss.MLT_TC_V  0x00800770        0x4 classes/Hardware.o
                0x00800770                MLT_TC_V
 .bss.HLT_TC_ON
                0x00800774        0x1 classes/Hardware.o
                0x00800774                HLT_TC_ON
 .bss.HLT_TC_V  0x00800775        0x4 classes/Hardware.o
                0x00800775                HLT_TC_V
 .bss.RC2_OUT8  0x00800779       0x11 classes/Hardware.o
                0x00800779                RC2_OUT8
 .bss.RC2_OUT7  0x0080078a       0x11 classes/Hardware.o
                0x0080078a                RC2_OUT7
 .bss.RC2_OUT6  0x0080079b       0x11 classes/Hardware.o
                0x0080079b                RC2_OUT6
 .bss.RC2_OUT5  0x008007ac       0x11 classes/Hardware.o
                0x008007ac                RC2_OUT5
 .bss.RC2_OUT4  0x008007bd       0x11 classes/Hardware.o
                0x008007bd                RC2_OUT4
 .bss.RC2_OUT3  0x008007ce       0x11 classes/Hardware.o
                0x008007ce                RC2_OUT3
 .bss.RC2_OUT2  0x008007df       0x11 classes/Hardware.o
                0x008007df                RC2_OUT2
 .bss.RC2_OUT1  0x008007f0       0x11 classes/Hardware.o
                0x008007f0                RC2_OUT1
 .bss.RC1_OUT8  0x00800801       0x11 classes/Hardware.o
                0x00800801                RC1_OUT8
 .bss.RC1_OUT7  0x00800812       0x11 classes/Hardware.o
                0x00800812                RC1_OUT7
 .bss.RC1_OUT6  0x00800823       0x11 classes/Hardware.o
                0x00800823                RC1_OUT6
 .bss.RC1_OUT5  0x00800834       0x11 classes/Hardware.o
                0x00800834                RC1_OUT5
 .bss.RC1_OUT4  0x00800845       0x11 classes/Hardware.o
                0x00800845                RC1_OUT4
 .bss.RC1_OUT3  0x00800856       0x11 classes/Hardware.o
                0x00800856                RC1_OUT3
 .bss.RC1_OUT2  0x00800867       0x11 classes/Hardware.o
                0x00800867                RC1_OUT2
 .bss.RC1_OUT1  0x00800878       0x11 classes/Hardware.o
                0x00800878                RC1_OUT1
 .bss.freeSramPct
                0x00800889        0x4 classes/Hardware.o
                0x00800889                freeSramPct
 .bss.freeSramBytes
                0x0080088d        0x2 classes/Hardware.o
                0x0080088d                freeSramBytes
 .bss.MainMenu  0x0080088f       0x22 classes/UI_BK/UI_BK.o
                0x0080088f                MainMenu
 .bss.UI_BK     0x008008b1        0x2 classes/UI_BK/UI_BK.o
                0x008008b1                UI_BK
 .bss.Lnk_Diagnostics
                0x008008b3        0xc classes/UI_HLT/UI_HLT.o
                0x008008b3                Lnk_Diagnostics
 .bss.Menu_Diagnostics
                0x008008bf       0x22 classes/UI_HLT/UI_HLT.o
                0x008008bf                Menu_Diagnostics
 .bss.Menu_Settings
                0x008008e1       0x22 classes/UI_HLT/UI_HLT.o
                0x008008e1                Menu_Settings
 .bss.Page_Monitor
                0x00800903        0x6 classes/UI_HLT/UI_HLT.o
                0x00800903                Page_Monitor
 .bss.HLT_MainMenu
                0x00800909       0x22 classes/UI_HLT/UI_HLT.o
                0x00800909                HLT_MainMenu
 .bss.UI_HLT    0x0080092b        0x2 classes/UI_HLT/UI_HLT.o
                0x0080092b                UI_HLT
 .bss.Page_RTDs_HLT_OP
                0x0080092d        0x6 classes/UI_MAIN/UI_MAIN.o
                0x0080092d                Page_RTDs_HLT_OP
 .bss.Page_RTDs_HLT_BP
                0x00800933        0x6 classes/UI_MAIN/UI_MAIN.o
                0x00800933                Page_RTDs_HLT_BP
 .bss.Page_RTDs
                0x00800939        0x6 classes/UI_MAIN/UI_MAIN.o
                0x00800939                Page_RTDs
 .bss.Menu_AlarmTest
                0x0080093f       0x22 classes/UI_MAIN/UI_MAIN.o
                0x0080093f                Menu_AlarmTest
 .bss.Menu_Main
                0x00800961       0x22 classes/UI_MAIN/UI_MAIN.o
                0x00800961                Menu_Main
 .bss.UI_MAIN   0x00800983        0x2 classes/UI_MAIN/UI_MAIN.o
                0x00800983                UI_MAIN
 .bss.UI_MLT    0x00800985        0x2 classes/UI_MLT/UI_MLT.o
                0x00800985                UI_MLT
 .bss._ZZN12ClickEncoder7serviceEvE16doubleClickTicks
                0x00800987        0x1 include/ClickEncoder/ClickEncoder.o
 .bss._ZZN12ClickEncoder7serviceEvE12keyDownTicks
                0x00800988        0x2 include/ClickEncoder/ClickEncoder.o
 .bss._ZZN12ClickEncoder7serviceEvE15lastButtonCheck
                0x0080098a        0x4 include/ClickEncoder/ClickEncoder.o
 .bss._ZN8TimerOne11isrCallbackE
                0x0080098e        0x2 include/TimerOne/TimerOne.o
                0x0080098e                _ZN8TimerOne11isrCallbackE
 .bss._ZN8TimerOne15clockSelectBitsE
                0x00800990        0x1 include/TimerOne/TimerOne.o
                0x00800990                _ZN8TimerOne15clockSelectBitsE
 .bss._ZN8TimerOne9pwmPeriodE
                0x00800991        0x2 include/TimerOne/TimerOne.o
                0x00800991                _ZN8TimerOne9pwmPeriodE
 .bss.twi_error
                0x00800993        0x1 include/Wire/twi.o
 .bss.twi_rxBufferIndex
                0x00800994        0x1 include/Wire/twi.o
 .bss.twi_rxBuffer
                0x00800995       0x20 include/Wire/twi.o
 .bss.twi_txBufferLength
                0x008009b5        0x1 include/Wire/twi.o
 .bss.twi_txBufferIndex
                0x008009b6        0x1 include/Wire/twi.o
 .bss.twi_txBuffer
                0x008009b7       0x20 include/Wire/twi.o
 .bss.twi_masterBufferLength
                0x008009d7        0x1 include/Wire/twi.o
 .bss.twi_masterBufferIndex
                0x008009d8        0x1 include/Wire/twi.o
 .bss.twi_masterBuffer
                0x008009d9       0x20 include/Wire/twi.o
 .bss.twi_onSlaveReceive
                0x008009f9        0x2 include/Wire/twi.o
 .bss.twi_onSlaveTransmit
                0x008009fb        0x2 include/Wire/twi.o
 .bss.twi_inRepStart
                0x008009fd        0x1 include/Wire/twi.o
 .bss.twi_sendStop
                0x008009fe        0x1 include/Wire/twi.o
 .bss.twi_slarw
                0x008009ff        0x1 include/Wire/twi.o
 .bss.twi_state
                0x00800a00        0x1 include/Wire/twi.o
 .bss.Wire      0x00800a01        0xc include/Wire/Wire.o
                0x00800a01                Wire
 .bss._ZN7TwoWire12transmittingE
                0x00800a0d        0x1 include/Wire/Wire.o
                0x00800a0d                _ZN7TwoWire12transmittingE
 .bss._ZN7TwoWire14txBufferLengthE
                0x00800a0e        0x1 include/Wire/Wire.o
                0x00800a0e                _ZN7TwoWire14txBufferLengthE
 .bss._ZN7TwoWire13txBufferIndexE
                0x00800a0f        0x1 include/Wire/Wire.o
                0x00800a0f                _ZN7TwoWire13txBufferIndexE
 .bss._ZN7TwoWire8txBufferE
                0x00800a10       0x20 include/Wire/Wire.o
                0x00800a10                _ZN7TwoWire8txBufferE
 .bss._ZN7TwoWire9txAddressE
                0x00800a30        0x1 include/Wire/Wire.o
                0x00800a30                _ZN7TwoWire9txAddressE
 .bss._ZN7TwoWire14rxBufferLengthE
                0x00800a31        0x1 include/Wire/Wire.o
                0x00800a31                _ZN7TwoWire14rxBufferLengthE
 .bss._ZN7TwoWire13rxBufferIndexE
                0x00800a32        0x1 include/Wire/Wire.o
                0x00800a32                _ZN7TwoWire13rxBufferIndexE
 .bss._ZN7TwoWire8rxBufferE
                0x00800a33       0x20 include/Wire/Wire.o
                0x00800a33                _ZN7TwoWire8rxBufferE
 .bss.Exec      0x00800a53        0xe Main.o
                0x00800a53                Exec
 .bss.BootScreenTime
                0x00800a61        0x4 Main.o
                0x00800a61                BootScreenTime
 .bss.Serial    0x00800a65       0x9d src/HardwareSerial0.o
                0x00800a65                Serial
 .bss.Serial1   0x00800b02       0x9d src/HardwareSerial1.o
                0x00800b02                Serial1
 .bss.Serial2   0x00800b9f       0x9d src/HardwareSerial2.o
                0x00800b9f                Serial2
 .bss.Serial3   0x00800c3c       0x9d src/HardwareSerial3.o
                0x00800c3c                Serial3
 .bss._ZL11INADDR_NONE
                0x00800cd9        0x6 src/IPAddress.o
 .bss.timer2_pin_mask
                0x00800cdf        0x1 src/Tone.o
                0x00800cdf                timer2_pin_mask
 .bss.timer2_pin_port
                0x00800ce0        0x2 src/Tone.o
                0x00800ce0                timer2_pin_port
 .bss.timer2_toggle_count
                0x00800ce2        0x4 src/Tone.o
                0x00800ce2                timer2_toggle_count
 .bss.intFunc   0x00800ce6       0x10 src/WInterrupts.o
 .bss.timer0_fract
                0x00800cf6        0x1 src/wiring.o
 .bss.timer0_millis
                0x00800cf7        0x4 src/wiring.o
                0x00800cf7                timer0_millis
 .bss.timer0_overflow_count
                0x00800cfb        0x4 src/wiring.o
                0x00800cfb                timer0_overflow_count
 *(COMMON)
 COMMON         0x00800cff        0x4 c:/program files (x86)/atmel/studio/7.0/toolchain/avr8/avr8-gnu-toolchain/bin/../lib/gcc/avr/4.9.2/../../../../avr/lib/avr6\libc.a(malloc.o)
                0x00800cff                __brkval
                0x00800d01                __flp
                0x00800d03                PROVIDE (__bss_end, .)
                0x00006bb4                __data_load_start = LOADADDR (.data)
                0x00006ed8                __data_load_end = (__data_load_start + SIZEOF (.data))

.noinit         0x00800d03        0x0
                0x00800d03                PROVIDE (__noinit_start, .)
 *(.noinit*)
                0x00800d03                PROVIDE (__noinit_end, .)
                0x00800d03                _end = .
                0x00800d03                PROVIDE (__heap_start, .)

.eeprom         0x00810000        0x0
 *(.eeprom*)
                0x00810000                __eeprom_end = .

.fuse
 *(.fuse)
 *(.lfuse)
 *(.hfuse)
 *(.efuse)

.lock
 *(.lock*)

.signature
 *(.signature*)

.user_signatures
 *(.user_signatures*)

.stab
 *(.stab)

.stabstr
 *(.stabstr)

.stab.excl
 *(.stab.excl)

.stab.exclstr
 *(.stab.exclstr)

.stab.index
 *(.stab.index)

.stab.indexstr
 *(.stab.indexstr)

.comment        0x00000000       0x30
 *(.comment)
 .comment       0x00000000       0x30 classes/EnhancedIO/AnalogIn.o
                                 0x31 (size before relaxing)
 .comment       0x00000030       0x31 classes/EnhancedIO/DigitalIO.o
 .comment       0x00000030       0x31 classes/EZUI/Controls/EZUI_Control.o
 .comment       0x00000030       0x31 classes/EZUI/Controls/EZUI_Control_Label.o
 .comment       0x00000030       0x31 classes/EZUI/Controls/EZUI_Control_Link.o
 .comment       0x00000030       0x31 classes/EZUI/Controls/EZUI_Control_ToggleOption.o
 .comment       0x00000030       0x31 classes/Hardware.o
 .comment       0x00000030       0x31 classes/UI_BK/UI_BK.o
 .comment       0x00000030       0x31 classes/UI_HLT/UI_HLT.o
 .comment       0x00000030       0x31 classes/UI_MAIN/UI_MAIN.o
 .comment       0x00000030       0x31 classes/UI_MLT/UI_MLT.o
 .comment       0x00000030       0x31 classes/EZUI/ClickEncoderWithEvents.o
 .comment       0x00000030       0x31 classes/EZUI/EZUI_Menu.o
 .comment       0x00000030       0x31 classes/EZUI/EZUI_Page.o
 .comment       0x00000030       0x31 classes/EZUI/EZUI.o
 .comment       0x00000030       0x31 classes/Executive.o
 .comment       0x00000030       0x31 classes/LUT.o
 .comment       0x00000030       0x31 classes/WheatstoneBridge.o
 .comment       0x00000030       0x31 include/ClickEncoder/ClickEncoder.o
 .comment       0x00000030       0x31 include/LiquidCrystal/I2CIO.o
 .comment       0x00000030       0x31 include/LiquidCrystal/LCD.o
 .comment       0x00000030       0x31 include/LiquidCrystal/LiquidCrystal_I2C.o
 .comment       0x00000030       0x31 include/MemoryFree/MemoryFree.o
 .comment       0x00000030       0x31 include/TimerOne/TimerOne.o
 .comment       0x00000030       0x31 include/Wire/twi.o
 .comment       0x00000030       0x31 include/Wire/Wire.o
 .comment       0x00000030       0x31 Main.o
 .comment       0x00000030       0x31 src/abi.o
 .comment       0x00000030       0x31 src/HardwareSerial.o
 .comment       0x00000030       0x31 src/HardwareSerial0.o
 .comment       0x00000030       0x31 src/HardwareSerial1.o
 .comment       0x00000030       0x31 src/HardwareSerial2.o
 .comment       0x00000030       0x31 src/HardwareSerial3.o
 .comment       0x00000030       0x31 src/hooks.o
 .comment       0x00000030       0x31 src/IPAddress.o
 .comment       0x00000030       0x31 src/main.o
 .comment       0x00000030       0x31 src/new.o
 .comment       0x00000030       0x31 src/Print.o
 .comment       0x00000030       0x31 src/Tone.o
 .comment       0x00000030       0x31 src/WInterrupts.o
 .comment       0x00000030       0x31 src/wiring.o
 .comment       0x00000030       0x31 src/wiring_analog.o
 .comment       0x00000030       0x31 src/wiring_digital.o
 .comment       0x00000030       0x31 src/WString.o
 .comment       0x00000030       0x31 c:/program files (x86)/atmel/studio/7.0/toolchain/avr8/avr8-gnu-toolchain/bin/../lib/gcc/avr/4.9.2/../../../../avr/lib/avr6\libc.a(dtostrf.o)
 .comment       0x00000030       0x31 c:/program files (x86)/atmel/studio/7.0/toolchain/avr8/avr8-gnu-toolchain/bin/../lib/gcc/avr/4.9.2/../../../../avr/lib/avr6\libc.a(malloc.o)
 .comment       0x00000030       0x31 c:/program files (x86)/atmel/studio/7.0/toolchain/avr8/avr8-gnu-toolchain/bin/../lib/gcc/avr/4.9.2/../../../../avr/lib/avr6\libc.a(realloc.o)
 .comment       0x00000030       0x31 c:/program files (x86)/atmel/studio/7.0/toolchain/avr8/avr8-gnu-toolchain/bin/../lib/gcc/avr/4.9.2/../../../../avr/lib/avr6\libc.a(dtoa_prf.o)

.note.gnu.avr.deviceinfo
                0x00000000       0x40
 .note.gnu.avr.deviceinfo
                0x00000000       0x40 C:/Program Files (x86)/Atmel/Studio/7.0/Packs/atmel/ATmega_DFP/1.0.90/gcc/dev/atmega2560/avr6/crtatmega2560.o

.note.gnu.build-id
 *(.note.gnu.build-id)

.debug
 *(.debug)

.line
 *(.line)

.debug_srcinfo
 *(.debug_srcinfo)

.debug_sfnames
 *(.debug_sfnames)

.debug_aranges  0x00000000     0x1138
 *(.debug_aranges)
 .debug_aranges
                0x00000000       0x90 classes/EnhancedIO/AnalogIn.o
 .debug_aranges
                0x00000090       0x50 classes/EnhancedIO/DigitalIO.o
 .debug_aranges
                0x000000e0       0x40 classes/EZUI/Controls/EZUI_Control.o
 .debug_aranges
                0x00000120       0xb8 classes/EZUI/Controls/EZUI_Control_Label.o
 .debug_aranges
                0x000001d8       0x48 classes/EZUI/Controls/EZUI_Control_Link.o
 .debug_aranges
                0x00000220       0x60 classes/EZUI/Controls/EZUI_Control_ToggleOption.o
 .debug_aranges
                0x00000280       0x40 classes/Hardware.o
 .debug_aranges
                0x000002c0       0x30 classes/UI_BK/UI_BK.o
 .debug_aranges
                0x000002f0       0x30 classes/UI_HLT/UI_HLT.o
 .debug_aranges
                0x00000320       0x30 classes/UI_MAIN/UI_MAIN.o
 .debug_aranges
                0x00000350       0x28 classes/UI_MLT/UI_MLT.o
 .debug_aranges
                0x00000378       0x28 classes/EZUI/ClickEncoderWithEvents.o
 .debug_aranges
                0x000003a0      0x130 classes/EZUI/EZUI_Menu.o
 .debug_aranges
                0x000004d0       0x58 classes/EZUI/EZUI_Page.o
 .debug_aranges
                0x00000528       0x78 classes/EZUI/EZUI.o
 .debug_aranges
                0x000005a0       0x40 classes/Executive.o
 .debug_aranges
                0x000005e0       0x40 classes/LUT.o
 .debug_aranges
                0x00000620       0x38 classes/WheatstoneBridge.o
 .debug_aranges
                0x00000658       0x38 include/ClickEncoder/ClickEncoder.o
 .debug_aranges
                0x00000690       0x58 include/LiquidCrystal/I2CIO.o
 .debug_aranges
                0x000006e8       0xf8 include/LiquidCrystal/LCD.o
 .debug_aranges
                0x000007e0       0x88 include/LiquidCrystal/LiquidCrystal_I2C.o
 .debug_aranges
                0x00000868       0x28 include/MemoryFree/MemoryFree.o
 .debug_aranges
                0x00000890       0x20 include/TimerOne/TimerOne.o
 .debug_aranges
                0x000008b0       0x70 include/Wire/twi.o
 .debug_aranges
                0x00000920       0xd8 include/Wire/Wire.o
 .debug_aranges
                0x000009f8       0x30 Main.o
 .debug_aranges
                0x00000a28       0x28 src/abi.o
 .debug_aranges
                0x00000a50       0x68 src/HardwareSerial.o
 .debug_aranges
                0x00000ab8       0x38 src/HardwareSerial0.o
 .debug_aranges
                0x00000af0       0x38 src/HardwareSerial1.o
 .debug_aranges
                0x00000b28       0x38 src/HardwareSerial2.o
 .debug_aranges
                0x00000b60       0x38 src/HardwareSerial3.o
 .debug_aranges
                0x00000b98       0x20 src/hooks.o
 .debug_aranges
                0x00000bb8       0x60 src/IPAddress.o
 .debug_aranges
                0x00000c18       0x30 src/main.o
 .debug_aranges
                0x00000c48       0x38 src/new.o
 .debug_aranges
                0x00000c80       0xe8 src/Print.o
 .debug_aranges
                0x00000d68       0x38 src/Tone.o
 .debug_aranges
                0x00000da0       0x68 src/WInterrupts.o
 .debug_aranges
                0x00000e08       0x48 src/wiring.o
 .debug_aranges
                0x00000e50       0x30 src/wiring_analog.o
 .debug_aranges
                0x00000e80       0x38 src/wiring_digital.o
 .debug_aranges
                0x00000eb8      0x280 src/WString.o

.debug_pubnames
 *(.debug_pubnames)

.debug_info     0x00000000    0x43124
 *(.debug_info .gnu.linkonce.wi.*)
 .debug_info    0x00000000      0xf74 classes/EnhancedIO/AnalogIn.o
 .debug_info    0x00000f74     0x13c6 classes/EnhancedIO/DigitalIO.o
 .debug_info    0x0000233a     0x11b3 classes/EZUI/Controls/EZUI_Control.o
 .debug_info    0x000034ed     0x3794 classes/EZUI/Controls/EZUI_Control_Label.o
 .debug_info    0x00006c81     0x2ad9 classes/EZUI/Controls/EZUI_Control_Link.o
 .debug_info    0x0000975a     0x1827 classes/EZUI/Controls/EZUI_Control_ToggleOption.o
 .debug_info    0x0000af81     0x4565 classes/Hardware.o
 .debug_info    0x0000f4e6     0x2893 classes/UI_BK/UI_BK.o
 .debug_info    0x00011d79     0x2cda classes/UI_HLT/UI_HLT.o
 .debug_info    0x00014a53     0x3394 classes/UI_MAIN/UI_MAIN.o
 .debug_info    0x00017de7     0x288d classes/UI_MLT/UI_MLT.o
 .debug_info    0x0001a674     0x2690 classes/EZUI/ClickEncoderWithEvents.o
 .debug_info    0x0001cd04     0x3ee0 classes/EZUI/EZUI_Menu.o
 .debug_info    0x00020be4     0x27e5 classes/EZUI/EZUI_Page.o
 .debug_info    0x000233c9     0x29ce classes/EZUI/EZUI.o
 .debug_info    0x00025d97     0x2c6d classes/Executive.o
 .debug_info    0x00028a04      0x86a classes/LUT.o
 .debug_info    0x0002926e      0x703 classes/WheatstoneBridge.o
 .debug_info    0x00029971      0x69a include/ClickEncoder/ClickEncoder.o
 .debug_info    0x0002a00b      0x723 include/LiquidCrystal/I2CIO.o
 .debug_info    0x0002a72e     0x117c include/LiquidCrystal/LCD.o
 .debug_info    0x0002b8aa     0x12c0 include/LiquidCrystal/LiquidCrystal_I2C.o
 .debug_info    0x0002cb6a      0x27f include/MemoryFree/MemoryFree.o
 .debug_info    0x0002cde9      0x3d8 include/TimerOne/TimerOne.o
 .debug_info    0x0002d1c1      0x70f include/Wire/twi.o
 .debug_info    0x0002d8d0     0x2229 include/Wire/Wire.o
 .debug_info    0x0002faf9     0x2e42 Main.o
 .debug_info    0x0003293b       0x8e src/abi.o
 .debug_info    0x000329c9     0x1b3b src/HardwareSerial.o
 .debug_info    0x00034504     0x1782 src/HardwareSerial0.o
 .debug_info    0x00035c86     0x1782 src/HardwareSerial1.o
 .debug_info    0x00037408     0x1782 src/HardwareSerial2.o
 .debug_info    0x00038b8a     0x1788 src/HardwareSerial3.o
 .debug_info    0x0003a312       0x3e src/hooks.o
 .debug_info    0x0003a350      0x9ed src/IPAddress.o
 .debug_info    0x0003ad3d      0x24b src/main.o
 .debug_info    0x0003af88      0x188 src/new.o
 .debug_info    0x0003b110     0x2603 src/Print.o
 .debug_info    0x0003d713      0xa43 src/Tone.o
 .debug_info    0x0003e156      0x2ea src/WInterrupts.o
 .debug_info    0x0003e440      0x319 src/wiring.o
 .debug_info    0x0003e759      0x32f src/wiring_analog.o
 .debug_info    0x0003ea88      0x635 src/wiring_digital.o
 .debug_info    0x0003f0bd     0x4067 src/WString.o

.debug_abbrev   0x00000000     0x86a4
 *(.debug_abbrev)
 .debug_abbrev  0x00000000      0x47d classes/EnhancedIO/AnalogIn.o
 .debug_abbrev  0x0000047d      0x30c classes/EnhancedIO/DigitalIO.o
 .debug_abbrev  0x00000789      0x2ca classes/EZUI/Controls/EZUI_Control.o
 .debug_abbrev  0x00000a53      0x479 classes/EZUI/Controls/EZUI_Control_Label.o
 .debug_abbrev  0x00000ecc      0x449 classes/EZUI/Controls/EZUI_Control_Link.o
 .debug_abbrev  0x00001315      0x2bf classes/EZUI/Controls/EZUI_Control_ToggleOption.o
 .debug_abbrev  0x000015d4      0x5a9 classes/Hardware.o
 .debug_abbrev  0x00001b7d      0x439 classes/UI_BK/UI_BK.o
 .debug_abbrev  0x00001fb6      0x448 classes/UI_HLT/UI_HLT.o
 .debug_abbrev  0x000023fe      0x448 classes/UI_MAIN/UI_MAIN.o
 .debug_abbrev  0x00002846      0x453 classes/UI_MLT/UI_MLT.o
 .debug_abbrev  0x00002c99      0x3eb classes/EZUI/ClickEncoderWithEvents.o
 .debug_abbrev  0x00003084      0x5b5 classes/EZUI/EZUI_Menu.o
 .debug_abbrev  0x00003639      0x459 classes/EZUI/EZUI_Page.o
 .debug_abbrev  0x00003a92      0x442 classes/EZUI/EZUI.o
 .debug_abbrev  0x00003ed4      0x478 classes/Executive.o
 .debug_abbrev  0x0000434c      0x1c1 classes/LUT.o
 .debug_abbrev  0x0000450d      0x1b2 classes/WheatstoneBridge.o
 .debug_abbrev  0x000046bf      0x262 include/ClickEncoder/ClickEncoder.o
 .debug_abbrev  0x00004921      0x22d include/LiquidCrystal/I2CIO.o
 .debug_abbrev  0x00004b4e      0x365 include/LiquidCrystal/LCD.o
 .debug_abbrev  0x00004eb3      0x372 include/LiquidCrystal/LiquidCrystal_I2C.o
 .debug_abbrev  0x00005225      0x106 include/MemoryFree/MemoryFree.o
 .debug_abbrev  0x0000532b      0x126 include/TimerOne/TimerOne.o
 .debug_abbrev  0x00005451      0x251 include/Wire/twi.o
 .debug_abbrev  0x000056a2      0x4e2 include/Wire/Wire.o
 .debug_abbrev  0x00005b84      0x524 Main.o
 .debug_abbrev  0x000060a8       0x5e src/abi.o
 .debug_abbrev  0x00006106      0x370 src/HardwareSerial.o
 .debug_abbrev  0x00006476      0x35d src/HardwareSerial0.o
 .debug_abbrev  0x000067d3      0x35d src/HardwareSerial1.o
 .debug_abbrev  0x00006b30      0x35d src/HardwareSerial2.o
 .debug_abbrev  0x00006e8d      0x366 src/HardwareSerial3.o
 .debug_abbrev  0x000071f3       0x2a src/hooks.o
 .debug_abbrev  0x0000721d      0x33d src/IPAddress.o
 .debug_abbrev  0x0000755a       0xd1 src/main.o
 .debug_abbrev  0x0000762b       0xd6 src/new.o
 .debug_abbrev  0x00007701      0x3b0 src/Print.o
 .debug_abbrev  0x00007ab1      0x261 src/Tone.o
 .debug_abbrev  0x00007d12       0xe6 src/WInterrupts.o
 .debug_abbrev  0x00007df8      0x145 src/wiring.o
 .debug_abbrev  0x00007f3d      0x190 src/wiring_analog.o
 .debug_abbrev  0x000080cd      0x15a src/wiring_digital.o
 .debug_abbrev  0x00008227      0x47d src/WString.o

.debug_line     0x00000000     0xbc32
 *(.debug_line .debug_line.* .debug_line_end)
 .debug_line    0x00000000      0x692 classes/EnhancedIO/AnalogIn.o
 .debug_line    0x00000692      0x205 classes/EnhancedIO/DigitalIO.o
 .debug_line    0x00000897      0x174 classes/EZUI/Controls/EZUI_Control.o
 .debug_line    0x00000a0b      0x784 classes/EZUI/Controls/EZUI_Control_Label.o
 .debug_line    0x0000118f      0x461 classes/EZUI/Controls/EZUI_Control_Link.o
 .debug_line    0x000015f0      0x2dd classes/EZUI/Controls/EZUI_Control_ToggleOption.o
 .debug_line    0x000018cd      0x732 classes/Hardware.o
 .debug_line    0x00001fff      0x4af classes/UI_BK/UI_BK.o
 .debug_line    0x000024ae      0x529 classes/UI_HLT/UI_HLT.o
 .debug_line    0x000029d7      0x649 classes/UI_MAIN/UI_MAIN.o
 .debug_line    0x00003020      0x4b1 classes/UI_MLT/UI_MLT.o
 .debug_line    0x000034d1      0x4a7 classes/EZUI/ClickEncoderWithEvents.o
 .debug_line    0x00003978      0xf38 classes/EZUI/EZUI_Menu.o
 .debug_line    0x000048b0      0x43d classes/EZUI/EZUI_Page.o
 .debug_line    0x00004ced      0x5a3 classes/EZUI/EZUI.o
 .debug_line    0x00005290      0x561 classes/Executive.o
 .debug_line    0x000057f1      0x1d6 classes/LUT.o
 .debug_line    0x000059c7      0x25a classes/WheatstoneBridge.o
 .debug_line    0x00005c21      0x329 include/ClickEncoder/ClickEncoder.o
 .debug_line    0x00005f4a      0x318 include/LiquidCrystal/I2CIO.o
 .debug_line    0x00006262      0x585 include/LiquidCrystal/LCD.o
 .debug_line    0x000067e7      0x597 include/LiquidCrystal/LiquidCrystal_I2C.o
 .debug_line    0x00006d7e      0x1a7 include/MemoryFree/MemoryFree.o