Archive member included to satisfy reference by file (symbol)

c:/program files (x86)/atmel/studio/7.0/toolchain/avr8/avr8-gnu-toolchain/bin/../lib/gcc/avr/4.9.2/../../../../avr/lib/avr6\libm.a(addsf3.o)
                              classes/LUT.o (__subsf3)
c:/program files (x86)/atmel/studio/7.0/toolchain/avr8/avr8-gnu-toolchain/bin/../lib/gcc/avr/4.9.2/../../../../avr/lib/avr6\libm.a(addsf3x.o)
                              c:/program files (x86)/atmel/studio/7.0/toolchain/avr8/avr8-gnu-toolchain/bin/../lib/gcc/avr/4.9.2/../../../../avr/lib/avr6\libm.a(addsf3.o) (__addsf3x)
c:/program files (x86)/atmel/studio/7.0/toolchain/avr8/avr8-gnu-toolchain/bin/../lib/gcc/avr/4.9.2/../../../../avr/lib/avr6\libm.a(cmpsf2.o)
                              classes/LUT.o (__ltsf2)
c:/program files (x86)/atmel/studio/7.0/toolchain/avr8/avr8-gnu-toolchain/bin/../lib/gcc/avr/4.9.2/../../../../avr/lib/avr6\libm.a(divsf3.o)
                              classes/EnhancedIO/AnalogIn.o (__divsf3)
c:/program files (x86)/atmel/studio/7.0/toolchain/avr8/avr8-gnu-toolchain/bin/../lib/gcc/avr/4.9.2/../../../../avr/lib/avr6\libm.a(divsf3x.o)
                              c:/program files (x86)/atmel/studio/7.0/toolchain/avr8/avr8-gnu-toolchain/bin/../lib/gcc/avr/4.9.2/../../../../avr/lib/avr6\libm.a(divsf3.o) (__divsf3x)
c:/program files (x86)/atmel/studio/7.0/toolchain/avr8/avr8-gnu-toolchain/bin/../lib/gcc/avr/4.9.2/../../../../avr/lib/avr6\libm.a(fixsfsi.o)
                              src/Print.o (__fixsfsi)
c:/program files (x86)/atmel/studio/7.0/toolchain/avr8/avr8-gnu-toolchain/bin/../lib/gcc/avr/4.9.2/../../../../avr/lib/avr6\libm.a(fixunssfsi.o)
                              src/Print.o (__fixunssfsi)
c:/program files (x86)/atmel/studio/7.0/toolchain/avr8/avr8-gnu-toolchain/bin/../lib/gcc/avr/4.9.2/../../../../avr/lib/avr6\libm.a(floatsisf.o)
                              classes/EnhancedIO/AnalogIn.o (__floatunsisf)
c:/program files (x86)/atmel/studio/7.0/toolchain/avr8/avr8-gnu-toolchain/bin/../lib/gcc/avr/4.9.2/../../../../avr/lib/avr6\libm.a(fp_cmp.o)
                              c:/program files (x86)/atmel/studio/7.0/toolchain/avr8/avr8-gnu-toolchain/bin/../lib/gcc/avr/4.9.2/../../../../avr/lib/avr6\libm.a(cmpsf2.o) (__fp_cmp)
c:/program files (x86)/atmel/studio/7.0/toolchain/avr8/avr8-gnu-toolchain/bin/../lib/gcc/avr/4.9.2/../../../../avr/lib/avr6\libm.a(fp_inf.o)
                              c:/program files (x86)/atmel/studio/7.0/toolchain/avr8/avr8-gnu-toolchain/bin/../lib/gcc/avr/4.9.2/../../../../avr/lib/avr6\libm.a(addsf3x.o) (__fp_inf)
c:/program files (x86)/atmel/studio/7.0/toolchain/avr8/avr8-gnu-toolchain/bin/../lib/gcc/avr/4.9.2/../../../../avr/lib/avr6\libm.a(fp_nan.o)
                              c:/program files (x86)/atmel/studio/7.0/toolchain/avr8/avr8-gnu-toolchain/bin/../lib/gcc/avr/4.9.2/../../../../avr/lib/avr6\libm.a(addsf3x.o) (__fp_nan)
c:/program files (x86)/atmel/studio/7.0/toolchain/avr8/avr8-gnu-toolchain/bin/../lib/gcc/avr/4.9.2/../../../../avr/lib/avr6\libm.a(fp_pscA.o)
                              c:/program files (x86)/atmel/studio/7.0/toolchain/avr8/avr8-gnu-toolchain/bin/../lib/gcc/avr/4.9.2/../../../../avr/lib/avr6\libm.a(addsf3x.o) (__fp_pscA)
c:/program files (x86)/atmel/studio/7.0/toolchain/avr8/avr8-gnu-toolchain/bin/../lib/gcc/avr/4.9.2/../../../../avr/lib/avr6\libm.a(fp_pscB.o)
                              c:/program files (x86)/atmel/studio/7.0/toolchain/avr8/avr8-gnu-toolchain/bin/../lib/gcc/avr/4.9.2/../../../../avr/lib/avr6\libm.a(addsf3x.o) (__fp_pscB)
c:/program files (x86)/atmel/studio/7.0/toolchain/avr8/avr8-gnu-toolchain/bin/../lib/gcc/avr/4.9.2/../../../../avr/lib/avr6\libm.a(fp_round.o)
                              c:/program files (x86)/atmel/studio/7.0/toolchain/avr8/avr8-gnu-toolchain/bin/../lib/gcc/avr/4.9.2/../../../../avr/lib/avr6\libm.a(addsf3.o) (__fp_round)
c:/program files (x86)/atmel/studio/7.0/toolchain/avr8/avr8-gnu-toolchain/bin/../lib/gcc/avr/4.9.2/../../../../avr/lib/avr6\libm.a(fp_split3.o)
                              c:/program files (x86)/atmel/studio/7.0/toolchain/avr8/avr8-gnu-toolchain/bin/../lib/gcc/avr/4.9.2/../../../../avr/lib/avr6\libm.a(addsf3x.o) (__fp_split3)
c:/program files (x86)/atmel/studio/7.0/toolchain/avr8/avr8-gnu-toolchain/bin/../lib/gcc/avr/4.9.2/../../../../avr/lib/avr6\libm.a(fp_zero.o)
                              c:/program files (x86)/atmel/studio/7.0/toolchain/avr8/avr8-gnu-toolchain/bin/../lib/gcc/avr/4.9.2/../../../../avr/lib/avr6\libm.a(addsf3x.o) (__fp_zero)
c:/program files (x86)/atmel/studio/7.0/toolchain/avr8/avr8-gnu-toolchain/bin/../lib/gcc/avr/4.9.2/../../../../avr/lib/avr6\libm.a(gesf2.o)
                              classes/LUT.o (__gesf2)
c:/program files (x86)/atmel/studio/7.0/toolchain/avr8/avr8-gnu-toolchain/bin/../lib/gcc/avr/4.9.2/../../../../avr/lib/avr6\libm.a(mulsf3.o)
                              classes/EnhancedIO/AnalogIn.o (__mulsf3)
[...]
Memory Configuration

Name             Origin             Length             Attributes
text             0x00000000         0x00100000         xr
data             0x00800200         0x0000fe00         rw !x
eeprom           0x00810000         0x00010000         rw !x
fuse             0x00820000         0x00000400         rw !x
lock             0x00830000         0x00000400         rw !x
signature        0x00840000         0x00000400         rw !x
user_signatures  0x00850000         0x00000400         rw !x
*default*        0x00000000         0xffffffff

Linker script and memory map

Address of section .data set to 0x800200
LOAD C:/Program Files (x86)/Atmel/Studio/7.0/Packs/atmel/ATmega_DFP/1.0.90/gcc/dev/atmega2560/avr6/crtatmega2560.o
LOAD classes/BK/BK_UI.o
LOAD classes/BurnerController.o
LOAD classes/EnhancedIO/AnalogIn.o
LOAD classes/EnhancedIO/DigitalIO.o
LOAD classes/EZUI/Controls/EZUI_Control_Label.o
LOAD classes/EZUI/Controls/EZUI_Control_Link.o
LOAD classes/EZUI/Controls/EZUI_Control_ListOption.o
LOAD classes/EZUI/Controls/EZUI_Control_ToggleOption.o
LOAD classes/Hardware.o
LOAD classes/HLT/HLT_UI.o
LOAD classes/MAIN/MAIN_UI.o
LOAD classes/MLT/MLT_UI.o
LOAD classes/EZUI/ClickEncoderWithEvents.o
LOAD classes/EZUI/EZUI_Menu.o
LOAD classes/EZUI/EZUI_MenuItem.o
LOAD classes/EZUI/EZUI_Page.o
LOAD classes/EZUI/EZUI_PageItem.o
LOAD classes/EZUI/EZUI.o
LOAD classes/Executive.o
LOAD classes/LUT.o
LOAD classes/WheatstoneBridge.o
LOAD include/ClickEncoder/ClickEncoder.o
LOAD include/LiquidCrystal/FastIO.o
LOAD include/LiquidCrystal/I2CIO.o
LOAD include/LiquidCrystal/LCD.o
LOAD include/LiquidCrystal/LiquidCrystal.o
LOAD include/LiquidCrystal/LiquidCrystal_I2C.o
LOAD include/LiquidCrystal/LiquidCrystal_SR.o
LOAD include/LiquidCrystal/LiquidCrystal_SR2W.o
LOAD include/LiquidCrystal/LiquidCrystal_SR3W.o
LOAD include/TimerOne/TimerOne.o
LOAD include/Wire/twi.o
LOAD include/Wire/Wire.o
LOAD Main.o
LOAD src/abi.o
LOAD src/CDC.o
LOAD src/HardwareSerial.o
LOAD src/HardwareSerial0.o
LOAD src/HardwareSerial1.o
LOAD src/HardwareSerial2.o
LOAD src/HardwareSerial3.o
LOAD src/HID.o
LOAD src/hooks.o
LOAD src/IPAddress.o
LOAD src/main.o
LOAD src/new.o
LOAD src/Print.o
LOAD src/Stream.o
LOAD src/Tone.o
LOAD src/USBCore.o
LOAD src/WInterrupts.o
LOAD src/wiring.o
LOAD src/wiring_analog.o
LOAD src/wiring_digital.o
LOAD src/wiring_pulse.o
LOAD src/wiring_shift.o
LOAD src/WMath.o
LOAD src/WString.o
START GROUP
LOAD c:/program files (x86)/atmel/studio/7.0/toolchain/avr8/avr8-gnu-toolchain/bin/../lib/gcc/avr/4.9.2/../../../../avr/lib/avr6\libm.a
LOAD C:\Users\Customer\Documents\GitHub\Narwhal-Arduino-Code\ArduinoCode\ProjectNarhwal\lib\libcore.a
END GROUP
LOAD c:/program files (x86)/atmel/studio/7.0/toolchain/avr8/avr8-gnu-toolchain/bin/../lib/gcc/avr/4.9.2/avr6\libgcc.a
LOAD c:/program files (x86)/atmel/studio/7.0/toolchain/avr8/avr8-gnu-toolchain/bin/../lib/gcc/avr/4.9.2/../../../../avr/lib/avr6\libm.a
START GROUP
LOAD c:/program files (x86)/atmel/studio/7.0/toolchain/avr8/avr8-gnu-toolchain/bin/../lib/gcc/avr/4.9.2/avr6\libgcc.a
LOAD c:/program files (x86)/atmel/studio/7.0/toolchain/avr8/avr8-gnu-toolchain/bin/../lib/gcc/avr/4.9.2/../../../../avr/lib/avr6\libm.a
LOAD c:/program files (x86)/atmel/studio/7.0/toolchain/avr8/avr8-gnu-toolchain/bin/../lib/gcc/avr/4.9.2/../../../../avr/lib/avr6\libc.a
LOAD C:/Program Files (x86)/Atmel/Studio/7.0/Packs/atmel/ATmega_DFP/1.0.90/gcc/dev/atmega2560/avr6\libatmega2560.a
END GROUP

.hash
 *(.hash)

.dynsym
 *(.dynsym)

.dynstr
 *(.dynstr)

.gnu.version
 *(.gnu.version)

.gnu.version_d
 *(.gnu.version_d)

.gnu.version_r
 *(.gnu.version_r)

.rel.init
 *(.rel.init)

.rela.init
 *(.rela.init)

.rel.text
 *(.rel.text)
 *(.rel.text.*)
 *(.rel.gnu.linkonce.t*)

.rela.text
 *(.rela.text)
 *(.rela.text.*)
 *(.rela.gnu.linkonce.t*)

.rel.fini
 *(.rel.fini)

.rela.fini
 *(.rela.fini)

.rel.rodata
 *(.rel.rodata)
 *(.rel.rodata.*)
 *(.rel.gnu.linkonce.r*)

.rela.rodata
 *(.rela.rodata)
 *(.rela.rodata.*)
 *(.rela.gnu.linkonce.r*)

.rel.data
 *(.rel.data)
 *(.rel.data.*)
 *(.rel.gnu.linkonce.d*)

.rela.data
 *(.rela.data)
 *(.rela.data.*)
 *(.rela.gnu.linkonce.d*)

.rel.ctors
 *(.rel.ctors)

.rela.ctors
 *(.rela.ctors)

.rel.dtors
 *(.rel.dtors)

.rela.dtors
 *(.rela.dtors)

.rel.got
 *(.rel.got)

.rela.got
 *(.rela.got)

.rel.bss
 *(.rel.bss)

.rela.bss
 *(.rela.bss)

.rel.plt
 *(.rel.plt)

.rela.plt
 *(.rela.plt)

.text           0x00000000     0x7a28
 *(.vectors)
 .vectors       0x00000000       0xe4 C:/Program Files (x86)/Atmel/Studio/7.0/Packs/atmel/ATmega_DFP/1.0.90/gcc/dev/atmega2560/avr6/crtatmega2560.o
                0x00000000                __vector_default
                0x00000000                __vectors
 *(.vectors)
 *(.progmem.gcc*)
 .progmem.gcc_sw_table._ZN13EZUI_PageItem5printEP17LiquidCrystal_I2Cb
                0x000000e4       0x28 classes/EZUI/EZUI_PageItem.o
 .progmem.gcc_sw_table.__vector_39
                0x0000010c      0x192 include/Wire/twi.o
 .progmem.gcc_sw_table.turnOffPWM
                0x0000029e       0x24 src/wiring_digital.o
                0x000002c2                . = ALIGN (0x2)
                0x000002c2                __trampolines_start = .
 *(.trampolines)
 .trampolines   0x000002c2        0x0 linker stubs
 *(.trampolines*)
                0x000002c2                __trampolines_end = .
 *(.progmem*)
 .progmem.data._ZZ12MAIN_UI_initvE3__c_0
                0x000002c2        0x5 classes/MAIN/MAIN_UI.o
 .progmem.data._ZZ12MAIN_UI_initvE3__c
                0x000002c7        0xb classes/MAIN/MAIN_UI.o
 .progmem.data._ZL21tone_pin_to_timer_PGM
                0x000002d2        0x1 src/Tone.o
 .progmem.data.digital_pin_to_timer_PGM
                0x000002d3       0x46 src/wiring_digital.o
                0x000002d3                digital_pin_to_timer_PGM
 .progmem.data.digital_pin_to_bit_mask_PGM
                0x00000319       0x46 src/wiring_digital.o
                0x00000319                digital_pin_to_bit_mask_PGM
 .progmem.data.digital_pin_to_port_PGM
                0x0000035f       0x46 src/wiring_digital.o
                0x0000035f                digital_pin_to_port_PGM
 .progmem.data.port_to_input_PGM
                0x000003a5       0x1a src/wiring_digital.o
                0x000003a5                port_to_input_PGM
 .progmem.data.port_to_output_PGM
                0x000003bf       0x1a src/wiring_digital.o
                0x000003bf                port_to_output_PGM
 .progmem.data.port_to_mode_PGM
                0x000003d9       0x1a src/wiring_digital.o
                0x000003d9                port_to_mode_PGM
                0x000003f4                . = ALIGN (0x2)
 *fill*         0x000003f3        0x1 
 *(.jumptables)
 *(.jumptables*)
 *(.lowtext)
 *(.lowtext*)
                0x000003f4                __ctors_start = .
 *(.ctors)
 .ctors         0x000003f4        0x2 classes/BK/BK_UI.o
 .ctors         0x000003f6        0x2 classes/Hardware.o
 .ctors         0x000003f8        0x2 classes/HLT/HLT_UI.o
 .ctors         0x000003fa        0x2 classes/MAIN/MAIN_UI.o
 .ctors         0x000003fc        0x2 classes/MLT/MLT_UI.o
 .ctors         0x000003fe        0x2 include/Wire/Wire.o
 .ctors         0x00000400        0x2 Main.o
 .ctors         0x00000402        0x2 src/HardwareSerial0.o
 .ctors         0x00000404        0x2 src/HardwareSerial1.o
 .ctors         0x00000406        0x2 src/HardwareSerial2.o
 .ctors         0x00000408        0x2 src/HardwareSerial3.o
 .ctors         0x0000040a        0x2 src/IPAddress.o
                0x0000040c                __ctors_end = .
                0x0000040c                __dtors_start = .
 *(.dtors)
 .dtors         0x0000040c        0x2 classes/Hardware.o
                0x0000040e                __dtors_end = .
 SORT(*)(.ctors)
 SORT(*)(.dtors)
 *(.init0)
 .init0         0x0000040e        0x0 C:/Program Files (x86)/Atmel/Studio/7.0/Packs/atmel/ATmega_DFP/1.0.90/gcc/dev/atmega2560/avr6/crtatmega2560.o
                0x0000040e                __init
 *(.init0)
 *(.init1)
 *(.init1)
 *(.init2)
 .init2         0x0000040e       0x10 C:/Program Files (x86)/Atmel/Studio/7.0/Packs/atmel/ATmega_DFP/1.0.90/gcc/dev/atmega2560/avr6/crtatmega2560.o
 *(.init2)
 *(.init3)
 *(.init3)
 *(.init4)
 .init4         0x0000041e       0x1a c:/program files (x86)/atmel/studio/7.0/toolchain/avr8/avr8-gnu-toolchain/bin/../lib/gcc/avr/4.9.2/avr6\libgcc.a(_copy_data.o)
                0x0000041e                __do_copy_data
 .init4         0x00000438       0x10 c:/program files (x86)/atmel/studio/7.0/toolchain/avr8/avr8-gnu-toolchain/bin/../lib/gcc/avr/4.9.2/avr6\libgcc.a(_clear_bss.o)
                0x00000438                __do_clear_bss
 *(.init4)
 *(.init5)
 *(.init5)
 *(.init6)
 .init6         0x00000448       0x20 c:/program files (x86)/atmel/studio/7.0/toolchain/avr8/avr8-gnu-toolchain/bin/../lib/gcc/avr/4.9.2/avr6\libgcc.a(_ctors.o)
                0x00000448                __do_global_ctors
 *(.init6)
 *(.init7)
 *(.init7)
 *(.init8)
 *(.init8)
 *(.init9)
 .init9         0x00000468        0x8 C:/Program Files (x86)/Atmel/Studio/7.0/Packs/atmel/ATmega_DFP/1.0.90/gcc/dev/atmega2560/avr6/crtatmega2560.o
 *(.init9)
 *(.text)
 .text          0x00000470        0x2 C:/Program Files (x86)/Atmel/Studio/7.0/Packs/atmel/ATmega_DFP/1.0.90/gcc/dev/atmega2560/avr6/crtatmega2560.o
                0x00000470                __vector_38
                0x00000470                __vector_22
                0x00000470                __vector_28
                0x00000470                __vector_32
                0x00000470                __vector_34
                0x00000470                __vector_24
                0x00000470                __vector_12
                0x00000470                __vector_46
                0x00000470                __bad_interrupt
                0x00000470                __vector_31
                0x00000470                __vector_35
                0x00000470                __vector_30
                0x00000470                __vector_45
                0x00000470                __vector_11
                0x00000470                __vector_17
                0x00000470                __vector_19
                0x00000470                __vector_56
                0x00000470                __vector_49
                0x00000470                __vector_41
                0x00000470                __vector_43
                0x00000470                __vector_27
                0x00000470                __vector_33
                0x00000470                __vector_47
                0x00000470                __vector_44
                0x00000470                __vector_9
                0x00000470                __vector_21
                0x00000470                __vector_15
                0x00000470                __vector_29
                0x00000470                __vector_40
                0x00000470                __vector_48
                0x00000470                __vector_14
                0x00000470                __vector_53
                0x00000470                __vector_10
                0x00000470                __vector_50
                0x00000470                __vector_16
                0x00000470                __vector_18
                0x00000470                __vector_42
                0x00000472                . = ALIGN (0x2)
 *(.text.*)
 .text._Z10BK_UI_initv
                0x00000472      0x168 classes/BK/BK_UI.o
                0x00000472                _Z10BK_UI_initv
 .text._GLOBAL__sub_I_BK_UI
                0x000005da       0x56 classes/BK/BK_UI.o
 .text._ZN10LinkedListIiE4sizeEv
                0x00000630        0x8 classes/EnhancedIO/AnalogIn.o
                0x00000630                _ZN10LinkedListIiE4sizeEv
 .text._ZN10LinkedListIiE5clearEv
                0x00000638       0x30 classes/EnhancedIO/AnalogIn.o
                0x00000638                _ZN10LinkedListIiE5clearEv
 .text._ZN10LinkedListIiE5shiftEv
                0x00000668       0x6c classes/EnhancedIO/AnalogIn.o
                0x00000668                _ZN10LinkedListIiE5shiftEv
 .text._ZN10LinkedListIiE7unshiftEi
                0x000006d4       0x5e classes/EnhancedIO/AnalogIn.o
                0x000006d4                _ZN10LinkedListIiE7unshiftEi
 .text._ZN10LinkedListIiE3addEi
                0x00000732       0x54 classes/EnhancedIO/AnalogIn.o
                0x00000732                _ZN10LinkedListIiE3addEi
 .text._ZN8AnalogInC2EifmNS_10filterTypeE
                0x00000786       0x54 classes/EnhancedIO/AnalogIn.o
                0x00000786                _ZN8AnalogInC2EifmNS_10filterTypeE
                0x00000786                _ZN8AnalogInC1EifmNS_10filterTypeE
 .text._ZN8AnalogInD2Ev
                0x000007da       0x32 classes/EnhancedIO/AnalogIn.o
                0x000007da                _ZN8AnalogInD1Ev
                0x000007da                _ZN8AnalogInD2Ev
 .text._ZN10LinkedListIiE7getNodeEi
                0x0000080c       0x7e classes/EnhancedIO/AnalogIn.o
                0x0000080c                _ZN10LinkedListIiE7getNodeEi
 .text._ZN10LinkedListIiE3getEi
                0x0000088a       0x14 classes/EnhancedIO/AnalogIn.o
                0x0000088a                _ZN10LinkedListIiE3getEi
 .text._ZN8AnalogIn6updateEv
                0x0000089e      0x1c8 classes/EnhancedIO/AnalogIn.o
                0x0000089e                _ZN8AnalogIn6updateEv
 .text._ZN10LinkedListIiE3popEv
                0x00000a66       0x86 classes/EnhancedIO/AnalogIn.o
                0x00000a66                _ZN10LinkedListIiE3popEv
 .text._ZN10LinkedListIiE6removeEi
                0x00000aec       0x96 classes/EnhancedIO/AnalogIn.o
                0x00000aec                _ZN10LinkedListIiE6removeEi
 .text._ZN10LinkedListIiE3setEii
                0x00000b82       0x2e classes/EnhancedIO/AnalogIn.o
                0x00000b82                _ZN10LinkedListIiE3setEii
 .text._ZN10LinkedListIiE3addEii
                0x00000bb0       0x9e classes/EnhancedIO/AnalogIn.o
                0x00000bb0                _ZN10LinkedListIiE3addEii
 .text._ZN9DigitalIOD2Ev
                0x00000c4e       0x1a classes/EnhancedIO/DigitalIO.o
                0x00000c4e                _ZN9DigitalIOD1Ev
                0x00000c4e                _ZN9DigitalIOD2Ev
 .text._ZN9DigitalIO5ValueEv
                0x00000c68       0x32 classes/EnhancedIO/DigitalIO.o
                0x00000c68                _ZN9DigitalIO5ValueEv
 .text._ZN9DigitalIO5WriteEi
                0x00000c9a       0x38 classes/EnhancedIO/DigitalIO.o
                0x00000c9a                _ZN9DigitalIO5WriteEi
 .text._ZN9DigitalIOC2EiNS_8PinModesE6StringS1_
                0x00000cd2       0x82 classes/EnhancedIO/DigitalIO.o
                0x00000cd2                _ZN9DigitalIOC1EiNS_8PinModesE6StringS1_
                0x00000cd2                _ZN9DigitalIOC2EiNS_8PinModesE6StringS1_
 .text._ZN18EZUI_Control_LabelC2Eb
                0x00000d54       0x46 classes/EZUI/Controls/EZUI_Control_Label.o
                0x00000d54                _ZN18EZUI_Control_LabelC2Eb
                0x00000d54                _ZN18EZUI_Control_LabelC1Eb
 .text._ZN18EZUI_Control_LabelC2EPf
                0x00000d9a       0x3e classes/EZUI/Controls/EZUI_Control_Label.o
                0x00000d9a                _ZN18EZUI_Control_LabelC2EPf
                0x00000d9a                _ZN18EZUI_Control_LabelC1EPf
 .text._ZN17EZUI_Control_LinkC2E6StringP9EZUI_Menu
                0x00000dd8       0x3c classes/EZUI/Controls/EZUI_Control_Link.o
                0x00000dd8                _ZN17EZUI_Control_LinkC1E6StringP9EZUI_Menu
                0x00000dd8                _ZN17EZUI_Control_LinkC2E6StringP9EZUI_Menu
 .text._ZN17EZUI_Control_LinkC2E6StringP9EZUI_Page
                0x00000e14       0x3e classes/EZUI/Controls/EZUI_Control_Link.o
                0x00000e14                _ZN17EZUI_Control_LinkC1E6StringP9EZUI_Page
                0x00000e14                _ZN17EZUI_Control_LinkC2E6StringP9EZUI_Page
 .text._ZN17EZUI_Control_Link10FollowLinkEP4EZUI
                0x00000e52       0x26 classes/EZUI/Controls/EZUI_Control_Link.o
                0x00000e52                _ZN17EZUI_Control_Link10FollowLinkEP4EZUI
 .text._ZN25EZUI_Control_ToggleOptionD2Ev
                0x00000e78       0x20 classes/EZUI/Controls/EZUI_Control_ToggleOption.o
                0x00000e78                _ZN25EZUI_Control_ToggleOptionD1Ev
                0x00000e78                _ZN25EZUI_Control_ToggleOptionD2Ev
 .text._ZN25EZUI_Control_ToggleOption9TrueLabelEv
                0x00000e98       0x48 classes/EZUI/Controls/EZUI_Control_ToggleOption.o
                0x00000e98                _ZN25EZUI_Control_ToggleOption9TrueLabelEv
 .text._ZN25EZUI_Control_ToggleOption10FalseLabelEv
                0x00000ee0       0x48 classes/EZUI/Controls/EZUI_Control_ToggleOption.o
                0x00000ee0                _ZN25EZUI_Control_ToggleOption10FalseLabelEv
 .text._ZN25EZUI_Control_ToggleOption5ValueEv
                0x00000f28       0x42 classes/EZUI/Controls/EZUI_Control_ToggleOption.o
                0x00000f28                _ZN25EZUI_Control_ToggleOption5ValueEv
 .text._ZN25EZUI_Control_ToggleOption6ToggleEv
                0x00000f6a       0x58 classes/EZUI/Controls/EZUI_Control_ToggleOption.o
                0x00000f6a                _ZN25EZUI_Control_ToggleOption6ToggleEv
 .text._ZN25EZUI_Control_ToggleOptionC2E6StringP9DigitalIO
                0x00000fc2       0x5c classes/EZUI/Controls/EZUI_Control_ToggleOption.o
                0x00000fc2                _ZN25EZUI_Control_ToggleOptionC1E6StringP9DigitalIO
                0x00000fc2                _ZN25EZUI_Control_ToggleOptionC2E6StringP9DigitalIO
 .text._Z15serviceEncodersv
                0x0000101e       0x32 classes/Hardware.o
                0x0000101e                _Z15serviceEncodersv
 .text._ZN22ClickEncoderWithEventsC2Ehhhh
                0x00001050       0x52 classes/Hardware.o
                0x00001050                _ZN22ClickEncoderWithEventsC1Ehhhh
                0x00001050                _ZN22ClickEncoderWithEventsC2Ehhhh
 .text._GLOBAL__sub_I__Z15serviceEncodersv
                0x000010a2      0x75e classes/Hardware.o
 .text._GLOBAL__sub_D__Z15serviceEncodersv
                0x00001800       0xda classes/Hardware.o
 .text._Z13hardware_initv
                0x000018da      0x20c classes/Hardware.o
                0x000018da                _Z13hardware_initv
 .text._Z11HLT_UI_initv
                0x00001ae6      0x162 classes/HLT/HLT_UI.o
                0x00001ae6                _Z11HLT_UI_initv
 .text._GLOBAL__sub_I_HLT_UI
                0x00001c48       0x56 classes/HLT/HLT_UI.o
 .text._Z12MAIN_UI_initv
                0x00001c9e      0x534 classes/MAIN/MAIN_UI.o
                0x00001c9e                _Z12MAIN_UI_initv
 .text._GLOBAL__sub_I_MAIN_UI
                0x000021d2       0x56 classes/MAIN/MAIN_UI.o
 .text._Z11MLT_UI_initv
                0x00002228      0x19c classes/MLT/MLT_UI.o
                0x00002228                _Z11MLT_UI_initv
 .text._GLOBAL__sub_I_MLT_UI
                0x000023c4       0x56 classes/MLT/MLT_UI.o
 .text._ZN22ClickEncoderWithEvents4ReadEv
                0x0000241a      0x16a classes/EZUI/ClickEncoderWithEvents.o
                0x0000241a                _ZN22ClickEncoderWithEvents4ReadEv
 .text._ZN10LinkedListI13EZUI_MenuItemE4sizeEv
                0x00002584        0x8 classes/EZUI/EZUI_Menu.o
                0x00002584                _ZN10LinkedListI13EZUI_MenuItemE4sizeEv
 .text._ZN10LinkedListI13EZUI_MenuItemE5clearEv
                0x0000258c       0x5a classes/EZUI/EZUI_Menu.o
                0x0000258c                _ZN10LinkedListI13EZUI_MenuItemE5clearEv
 .text._ZN10LinkedListI13EZUI_MenuItemE5shiftEv
                0x000025e6       0xca classes/EZUI/EZUI_Menu.o
                0x000025e6                _ZN10LinkedListI13EZUI_MenuItemE5shiftEv
 .text._ZN10LinkedListI13EZUI_MenuItemE7unshiftES0_
                0x000026b0       0xc0 classes/EZUI/EZUI_Menu.o
                0x000026b0                _ZN10LinkedListI13EZUI_MenuItemE7unshiftES0_
 .text._ZN10LinkedListI13EZUI_MenuItemE3addES0_
                0x00002770       0x76 classes/EZUI/EZUI_Menu.o
                0x00002770                _ZN10LinkedListI13EZUI_MenuItemE3addES0_
 .text._ZN9EZUI_MenuC2E6String
                0x000027e6       0x5c classes/EZUI/EZUI_Menu.o
                0x000027e6                _ZN9EZUI_MenuC1E6String
                0x000027e6                _ZN9EZUI_MenuC2E6String
 .text._ZN9EZUI_Menu7addItemEP17EZUI_Control_Link
                0x00002842       0x60 classes/EZUI/EZUI_Menu.o
                0x00002842                _ZN9EZUI_Menu7addItemEP17EZUI_Control_Link
 .text._ZN9EZUI_Menu7addItemEP25EZUI_Control_ToggleOption
                0x000028a2       0x60 classes/EZUI/EZUI_Menu.o
                0x000028a2                _ZN9EZUI_Menu7addItemEP25EZUI_Control_ToggleOption
 .text._ZN9EZUI_Menu8prevItemEv
                0x00002902       0x4c classes/EZUI/EZUI_Menu.o
                0x00002902                _ZN9EZUI_Menu8prevItemEv
 .text._ZN9EZUI_Menu8nextItemEv
                0x0000294e       0x56 classes/EZUI/EZUI_Menu.o
                0x0000294e                _ZN9EZUI_Menu8nextItemEv
 .text._ZN10LinkedListI13EZUI_MenuItemE7getNodeEi
                0x000029a4       0x7e classes/EZUI/EZUI_Menu.o
                0x000029a4                _ZN10LinkedListI13EZUI_MenuItemE7getNodeEi
 .text._ZN10LinkedListI13EZUI_MenuItemE3getEi
                0x00002a22       0x2c classes/EZUI/EZUI_Menu.o
                0x00002a22                _ZN10LinkedListI13EZUI_MenuItemE3getEi
 .text._ZN9EZUI_Menu7displayEP4EZUI
                0x00002a4e      0x198 classes/EZUI/EZUI_Menu.o
                0x00002a4e                _ZN9EZUI_Menu7displayEP4EZUI
 .text._ZN9EZUI_Menu10selectItemEP4EZUI
                0x00002be6       0x5c classes/EZUI/EZUI_Menu.o
                0x00002be6                _ZN9EZUI_Menu10selectItemEP4EZUI
 .text._ZN10LinkedListI13EZUI_MenuItemE3popEv
                0x00002c42      0x106 classes/EZUI/EZUI_Menu.o
                0x00002c42                _ZN10LinkedListI13EZUI_MenuItemE3popEv
 .text._ZN10LinkedListI13EZUI_MenuItemE6removeEi
                0x00002d48       0xf4 classes/EZUI/EZUI_Menu.o
                0x00002d48                _ZN10LinkedListI13EZUI_MenuItemE6removeEi
 .text._ZN10LinkedListI13EZUI_MenuItemE3setEiS0_
                0x00002e3c       0x36 classes/EZUI/EZUI_Menu.o
                0x00002e3c                _ZN10LinkedListI13EZUI_MenuItemE3setEiS0_
 .text._ZN10LinkedListI13EZUI_MenuItemE3addEiS0_
                0x00002e72      0x114 classes/EZUI/EZUI_Menu.o
                0x00002e72                _ZN10LinkedListI13EZUI_MenuItemE3addEiS0_
 .text._ZN13EZUI_MenuItemC2EP17EZUI_Control_Link
                0x00002f86       0x10 classes/EZUI/EZUI_MenuItem.o
                0x00002f86                _ZN13EZUI_MenuItemC1EP17EZUI_Control_Link
                0x00002f86                _ZN13EZUI_MenuItemC2EP17EZUI_Control_Link
 .text._ZN13EZUI_MenuItemC2EP25EZUI_Control_ToggleOption
                0x00002f96       0x10 classes/EZUI/EZUI_MenuItem.o
                0x00002f96                _ZN13EZUI_MenuItemC1EP25EZUI_Control_ToggleOption
                0x00002f96                _ZN13EZUI_MenuItemC2EP25EZUI_Control_ToggleOption
 .text._ZN13EZUI_MenuItemC2Ev
                0x00002fa6        0xe classes/EZUI/EZUI_MenuItem.o
                0x00002fa6                _ZN13EZUI_MenuItemC2Ev
                0x00002fa6                _ZN13EZUI_MenuItemC1Ev
 .text._ZN13EZUI_MenuItemD2Ev
                0x00002fb4        0x2 classes/EZUI/EZUI_MenuItem.o
                0x00002fb4                _ZN13EZUI_MenuItemD1Ev
                0x00002fb4                _ZN13EZUI_MenuItemD2Ev
 .text._ZN13EZUI_MenuItem5PrintEiiP4EZUI
                0x00002fb6      0x1e2 classes/EZUI/EZUI_MenuItem.o
                0x00002fb6                _ZN13EZUI_MenuItem5PrintEiiP4EZUI
 .text._ZN13EZUI_MenuItem10ItemSelectEP4EZUI
                0x00003198       0x9c classes/EZUI/EZUI_MenuItem.o
                0x00003198                _ZN13EZUI_MenuItem10ItemSelectEP4EZUI
 .text._ZN10LinkedListI13EZUI_PageItemE4sizeEv
                0x00003234        0x8 classes/EZUI/EZUI_Page.o
                0x00003234                _ZN10LinkedListI13EZUI_PageItemE4sizeEv
 .text._ZN10LinkedListI13EZUI_PageItemE5clearEv
                0x0000323c       0x5a classes/EZUI/EZUI_Page.o
                0x0000323c                _ZN10LinkedListI13EZUI_PageItemE5clearEv
 .text._ZN10LinkedListI13EZUI_PageItemE5shiftEv
                0x00003296       0xca classes/EZUI/EZUI_Page.o
                0x00003296                _ZN10LinkedListI13EZUI_PageItemE5shiftEv
 .text._ZN10LinkedListI13EZUI_PageItemE7unshiftES0_
                0x00003360       0xc0 classes/EZUI/EZUI_Page.o
                0x00003360                _ZN10LinkedListI13EZUI_PageItemE7unshiftES0_
 .text._ZN10LinkedListI13EZUI_PageItemE3addES0_
                0x00003420       0x76 classes/EZUI/EZUI_Page.o
                0x00003420                _ZN10LinkedListI13EZUI_PageItemE3addES0_
 .text._ZN9EZUI_PageC2E6String
                0x00003496       0x98 classes/EZUI/EZUI_Page.o
                0x00003496                _ZN9EZUI_PageC1E6String
                0x00003496                _ZN9EZUI_PageC2E6String
 .text._ZN9EZUI_Page7addItemEhhP17EZUI_Control_Link
                0x0000352e       0x82 classes/EZUI/EZUI_Page.o
                0x0000352e                _ZN9EZUI_Page7addItemEhhP17EZUI_Control_Link
 .text._ZN9EZUI_Page7addItemEhhP18EZUI_Control_Label
                0x000035b0       0x76 classes/EZUI/EZUI_Page.o
                0x000035b0                _ZN9EZUI_Page7addItemEhhP18EZUI_Control_Label
 .text._ZN10LinkedListI13EZUI_PageItemE7getNodeEi
                0x00003626       0x7e classes/EZUI/EZUI_Page.o
                0x00003626                _ZN10LinkedListI13EZUI_PageItemE7getNodeEi
 .text._ZN10LinkedListI13EZUI_PageItemE3getEi
                0x000036a4       0x2c classes/EZUI/EZUI_Page.o
                0x000036a4                _ZN10LinkedListI13EZUI_PageItemE3getEi
 .text._ZN9EZUI_Page7displayEP4EZUI
                0x000036d0      0x154 classes/EZUI/EZUI_Page.o
                0x000036d0                _ZN9EZUI_Page7displayEP4EZUI
 .text._ZN9EZUI_Page10selectItemEP4EZUI
                0x00003824       0x5c classes/EZUI/EZUI_Page.o
                0x00003824                _ZN9EZUI_Page10selectItemEP4EZUI
 .text._ZN10LinkedListI13EZUI_PageItemE3popEv
                0x00003880      0x106 classes/EZUI/EZUI_Page.o
                0x00003880                _ZN10LinkedListI13EZUI_PageItemE3popEv
 .text._ZN10LinkedListI13EZUI_PageItemE6removeEi
                0x00003986       0xf4 classes/EZUI/EZUI_Page.o
                0x00003986                _ZN10LinkedListI13EZUI_PageItemE6removeEi
 .text._ZN10LinkedListI13EZUI_PageItemE3setEiS0_
                0x00003a7a       0x36 classes/EZUI/EZUI_Page.o
                0x00003a7a                _ZN10LinkedListI13EZUI_PageItemE3setEiS0_
 .text._ZN10LinkedListI13EZUI_PageItemE3addEiS0_
                0x00003ab0      0x114 classes/EZUI/EZUI_Page.o
                0x00003ab0                _ZN10LinkedListI13EZUI_PageItemE3addEiS0_
 .text._ZN9EZUI_Page8nextItemEv
                0x00003bc4       0xc8 classes/EZUI/EZUI_Page.o
                0x00003bc4                _ZN9EZUI_Page8nextItemEv
 .text._ZN13EZUI_PageItemC2Ev
                0x00003c8c        0xe classes/EZUI/EZUI_PageItem.o
                0x00003c8c                _ZN13EZUI_PageItemC1Ev
                0x00003c8c                _ZN13EZUI_PageItemC2Ev
 .text._ZN13EZUI_PageItemD2Ev
                0x00003c9a        0x2 classes/EZUI/EZUI_PageItem.o
                0x00003c9a                _ZN13EZUI_PageItemD2Ev
                0x00003c9a                _ZN13EZUI_PageItemD1Ev
 .text._ZN13EZUI_PageItemC2Ehhb
                0x00003c9c       0x4c classes/EZUI/EZUI_PageItem.o
                0x00003c9c                _ZN13EZUI_PageItemC1Ehhb
                0x00003c9c                _ZN13EZUI_PageItemC2Ehhb
 .text._ZN13EZUI_PageItemC2EhhP17EZUI_Control_Link
                0x00003ce8       0x12 classes/EZUI/EZUI_PageItem.o
                0x00003ce8                _ZN13EZUI_PageItemC1EhhP17EZUI_Control_Link
                0x00003ce8                _ZN13EZUI_PageItemC2EhhP17EZUI_Control_Link
 .text._ZN13EZUI_PageItem5printEP17LiquidCrystal_I2Cb
                0x00003cfa      0x2ee classes/EZUI/EZUI_PageItem.o
                0x00003cfa                _ZN13EZUI_PageItem5printEP17LiquidCrystal_I2Cb
 .text._ZN13EZUI_PageItem10ItemSelectEP4EZUI
                0x00003fe8       0x64 classes/EZUI/EZUI_PageItem.o
                0x00003fe8                _ZN13EZUI_PageItem10ItemSelectEP4EZUI
 .text._ZN4EZUI15EncoderDblClickEv
                0x0000404c        0x2 classes/EZUI/EZUI.o
                0x0000404c                _ZN4EZUI15EncoderDblClickEv
 .text._ZN4EZUI12EncoderClickEv
                0x0000404e       0x20 classes/EZUI/EZUI.o
                0x0000404e                _ZN4EZUI12EncoderClickEv
 .text._ZN4EZUI16EncoderIncrementEv
                0x0000406e       0x22 classes/EZUI/EZUI.o
                0x0000406e                _ZN4EZUI16EncoderIncrementEv
 .text._ZN4EZUI16EncoderDecrementEv
                0x00004090       0x10 classes/EZUI/EZUI.o
                0x00004090                _ZN4EZUI16EncoderDecrementEv
 .text._ZN4EZUIC2E6String
                0x000040a0       0x46 classes/EZUI/EZUI.o
                0x000040a0                _ZN4EZUIC2E6String
                0x000040a0                _ZN4EZUIC1E6String
 .text._ZN4EZUI14attatchEncoderEP22ClickEncoderWithEvents
                0x000040e6       0x6c classes/EZUI/EZUI.o
                0x000040e6                _ZN4EZUI14attatchEncoderEP22ClickEncoderWithEvents
 .text._ZN4EZUI10attatchLCDEP17LiquidCrystal_I2C
                0x00004152        0x8 classes/EZUI/EZUI.o
                0x00004152                _ZN4EZUI10attatchLCDEP17LiquidCrystal_I2C
 .text._ZN4EZUI7displayEv
                0x0000415a       0x9e classes/EZUI/EZUI.o
                0x0000415a                _ZN4EZUI7displayEv
 .text._ZN4EZUI10setDisplayEP9EZUI_Menu
                0x000041f8        0xc classes/EZUI/EZUI.o
                0x000041f8                _ZN4EZUI10setDisplayEP9EZUI_Menu
 .text._ZN4EZUI10setDisplayEP9EZUI_Page
                0x00004204        0xc classes/EZUI/EZUI.o
                0x00004204                _ZN4EZUI10setDisplayEP9EZUI_Page
 .text._ZN9Executive11exec_frame1Ev
                0x00004210       0xaa classes/Executive.o
                0x00004210                _ZN9Executive11exec_frame1Ev
 .text._ZN9Executive11exec_frame2Ev
                0x000042ba        0xc classes/Executive.o
                0x000042ba                _ZN9Executive11exec_frame2Ev
 .text._ZN9Executive11exec_frame3Ev
                0x000042c6       0x2a classes/Executive.o
                0x000042c6                _ZN9Executive11exec_frame3Ev
 .text._ZN9Executive3runEv
                0x000042f0      0x156 classes/Executive.o
                0x000042f0                _ZN9Executive3runEv
 .text._ZN5LUT1DC2EiPKfS1_
                0x00004446       0x10 classes/LUT.o
                0x00004446                _ZN5LUT1DC1EiPKfS1_
                0x00004446                _ZN5LUT1DC2EiPKfS1_
 .text._ZN5LUT1D6lookupEf
                0x00004456      0x1da classes/LUT.o
                0x00004456                _ZN5LUT1D6lookupEf
 .text._ZN16WheatstoneBridgeC2E6Stringii5LUT1Dfffff
                0x00004630       0xfa classes/WheatstoneBridge.o
                0x00004630                _ZN16WheatstoneBridgeC1E6Stringii5LUT1Dfffff
                0x00004630                _ZN16WheatstoneBridgeC2E6Stringii5LUT1Dfffff
 .text._ZN16WheatstoneBridge6UpdateEv
                0x0000472a      0x244 classes/WheatstoneBridge.o
                0x0000472a                _ZN16WheatstoneBridge6UpdateEv
 .text._ZN12ClickEncoderC2Ehhhhb
                0x0000496e       0x8c include/ClickEncoder/ClickEncoder.o
                0x0000496e                _ZN12ClickEncoderC2Ehhhhb
                0x0000496e                _ZN12ClickEncoderC1Ehhhhb
 .text._ZN12ClickEncoder7serviceEv
                0x000049fa      0x194 include/ClickEncoder/ClickEncoder.o
                0x000049fa                _ZN12ClickEncoder7serviceEv
 .text._ZN12ClickEncoder8getValueEv
                0x00004b8e       0x76 include/ClickEncoder/ClickEncoder.o
                0x00004b8e                _ZN12ClickEncoder8getValueEv
 .text._ZN12ClickEncoder9getButtonEv
                0x00004c04        0xe include/ClickEncoder/ClickEncoder.o
                0x00004c04                _ZN12ClickEncoder9getButtonEv
 .text._ZN5I2CIOC2Ev
                0x00004c12        0xe include/LiquidCrystal/I2CIO.o
                0x00004c12                _ZN5I2CIOC2Ev
                0x00004c12                _ZN5I2CIOC1Ev
 .text._ZN5I2CIO8portModeEh
                0x00004c20       0x18 include/LiquidCrystal/I2CIO.o
                0x00004c20                _ZN5I2CIO8portModeEh
 .text._ZN5I2CIO5beginEh
                0x00004c38       0x34 include/LiquidCrystal/I2CIO.o
                0x00004c38                _ZN5I2CIO5beginEh
 .text._ZN5I2CIO5writeEh
                0x00004c6c       0x48 include/LiquidCrystal/I2CIO.o
                0x00004c6c                _ZN5I2CIO5writeEh
 .text._ZN3LCD15setBacklightPinEh13t_backlighPol
                0x00004cb4        0x2 include/LiquidCrystal/LCD.o
                0x00004cb4                _ZN3LCD15setBacklightPinEh13t_backlighPol
 .text._ZN3LCD12setBacklightEh
                0x00004cb6        0x2 include/LiquidCrystal/LCD.o
                0x00004cb6                _ZN3LCD12setBacklightEh
 .text._ZN3LCD5writeEh
                0x00004cb8       0x16 include/LiquidCrystal/LCD.o
                0x00004cb8                _ZN3LCD5writeEh
 .text._ZN3LCDC2Ev
                0x00004cce       0x10 include/LiquidCrystal/LCD.o
                0x00004cce                _ZN3LCDC1Ev
                0x00004cce                _ZN3LCDC2Ev
 .text._ZN3LCD9backlightEv
                0x00004cde       0x12 include/LiquidCrystal/LCD.o
                0x00004cde                _ZN3LCD9backlightEv
 .text._ZN3LCD7commandEh
                0x00004cf0       0x12 include/LiquidCrystal/LCD.o
                0x00004cf0                _ZN3LCD7commandEh
 .text._ZN3LCD5clearEv
                0x00004d02        0xe include/LiquidCrystal/LCD.o
                0x00004d02                _ZN3LCD5clearEv
 .text._ZN3LCD9setCursorEhh
                0x00004d10       0x7c include/LiquidCrystal/LCD.o
                0x00004d10                _ZN3LCD9setCursorEhh
 .text._ZN3LCD7displayEv
                0x00004d8c       0x10 include/LiquidCrystal/LCD.o
                0x00004d8c                _ZN3LCD7displayEv
 .text._ZN3LCD5beginEhhh
                0x00004d9c       0xe4 include/LiquidCrystal/LCD.o
                0x00004d9c                _ZN3LCD5beginEhhh
 .text._ZN17LiquidCrystal_I2C15setBacklightPinEh13t_backlighPol
                0x00004e80       0x28 include/LiquidCrystal/LiquidCrystal_I2C.o
                0x00004e80                _ZN17LiquidCrystal_I2C15setBacklightPinEh13t_backlighPol
 .text._ZN17LiquidCrystal_I2C12setBacklightEh
                0x00004ea8       0x2c include/LiquidCrystal/LiquidCrystal_I2C.o
                0x00004ea8                _ZN17LiquidCrystal_I2C12setBacklightEh
 .text._ZN17LiquidCrystal_I2CC2Ehhhhhhhh
                0x00004ed4       0xae include/LiquidCrystal/LiquidCrystal_I2C.o
                0x00004ed4                _ZN17LiquidCrystal_I2CC2Ehhhhhhhh
                0x00004ed4                _ZN17LiquidCrystal_I2CC1Ehhhhhhhh
 .text._ZN17LiquidCrystal_I2C4initEv
                0x00004f82       0x3c include/LiquidCrystal/LiquidCrystal_I2C.o
                0x00004f82                _ZN17LiquidCrystal_I2C4initEv
 .text._ZN17LiquidCrystal_I2C11pulseEnableEh
                0x00004fbe       0x34 include/LiquidCrystal/LiquidCrystal_I2C.o
                0x00004fbe                _ZN17LiquidCrystal_I2C11pulseEnableEh
 .text._ZN17LiquidCrystal_I2C10write4bitsEhh
                0x00004ff2       0x3a include/LiquidCrystal/LiquidCrystal_I2C.o
                0x00004ff2                _ZN17LiquidCrystal_I2C10write4bitsEhh
 .text._ZN17LiquidCrystal_I2C4sendEhh
                0x0000502c       0x42 include/LiquidCrystal/LiquidCrystal_I2C.o
                0x0000502c                _ZN17LiquidCrystal_I2C4sendEhh
 .text._ZN17LiquidCrystal_I2C5beginEhhh
                0x0000506e       0x2a include/LiquidCrystal/LiquidCrystal_I2C.o
                0x0000506e                _ZN17LiquidCrystal_I2C5beginEhhh
 .text.__vector_20
                0x00005098       0x56 include/TimerOne/TimerOne.o
                0x00005098                __vector_20
 .text.twi_init
                0x000050ee       0x3c include/Wire/twi.o
                0x000050ee                twi_init
 .text.twi_readFrom
                0x0000512a       0x98 include/Wire/twi.o
                0x0000512a                twi_readFrom
 .text.twi_writeTo
                0x000051c2       0xba include/Wire/twi.o
                0x000051c2                twi_writeTo
 .text.twi_transmit
                0x0000527c       0x42 include/Wire/twi.o
                0x0000527c                twi_transmit
 .text.twi_stop
                0x000052be       0x16 include/Wire/twi.o
                0x000052be                twi_stop
 .text.twi_releaseBus
                0x000052d4        0xc include/Wire/twi.o
                0x000052d4                twi_releaseBus
 .text.__vector_39
                0x000052e0      0x23c include/Wire/twi.o
                0x000052e0                __vector_39
 .text._ZN7TwoWire9availableEv
                0x0000551c       0x10 include/Wire/Wire.o
                0x0000551c                _ZN7TwoWire9availableEv
 .text._ZN7TwoWire4readEv
                0x0000552c       0x28 include/Wire/Wire.o
                0x0000552c                _ZN7TwoWire4readEv
 .text._ZN7TwoWire4peekEv
                0x00005554       0x1e include/Wire/Wire.o
                0x00005554                _ZN7TwoWire4peekEv
 .text._ZN7TwoWire5flushEv
                0x00005572        0x2 include/Wire/Wire.o
                0x00005572                _ZN7TwoWire5flushEv
 .text._ZN7TwoWire5writeEPKhj
                0x00005574       0x5e include/Wire/Wire.o
                0x00005574                _ZN7TwoWire5writeEPKhj
 .text._ZN7TwoWire5writeEh
                0x000055d2       0x60 include/Wire/Wire.o
                0x000055d2                _ZN7TwoWire5writeEh
 .text._ZN7TwoWireC2Ev
                0x00005632       0x20 include/Wire/Wire.o
                0x00005632                _ZN7TwoWireC1Ev
                0x00005632                _ZN7TwoWireC2Ev
 .text._ZN7TwoWire5beginEv
                0x00005652       0x14 include/Wire/Wire.o
                0x00005652                _ZN7TwoWire5beginEv
 .text._ZN7TwoWire11requestFromEhhh
                0x00005666       0x18 include/Wire/Wire.o
                0x00005666                _ZN7TwoWire11requestFromEhhh
 .text._ZN7TwoWire11requestFromEhh
                0x0000567e        0x6 include/Wire/Wire.o
                0x0000567e                _ZN7TwoWire11requestFromEhh
 .text._ZN7TwoWire17beginTransmissionEh
                0x00005684       0x14 include/Wire/Wire.o
                0x00005684                _ZN7TwoWire17beginTransmissionEh
 .text._ZN7TwoWire15endTransmissionEh
                0x00005698       0x24 include/Wire/Wire.o
                0x00005698                _ZN7TwoWire15endTransmissionEh
 .text._ZN7TwoWire15endTransmissionEv
                0x000056bc        0x6 include/Wire/Wire.o
                0x000056bc                _ZN7TwoWire15endTransmissionEv
 .text._GLOBAL__sub_I__ZN7TwoWire8rxBufferE
                0x000056c2        0x8 include/Wire/Wire.o
 .text.setup    0x000056ca      0x10a Main.o
                0x000056ca                setup
 .text.loop     0x000057d4       0x64 Main.o
                0x000057d4                loop
 .text._GLOBAL__sub_I_BootScreenTime
                0x00005838       0x1a Main.o
 .text.__cxa_pure_virtual
                0x00005852        0x4 src/abi.o
                0x00005852                __cxa_pure_virtual
 .text._ZN14HardwareSerial9availableEv
                0x00005856       0x18 src/HardwareSerial.o
                0x00005856                _ZN14HardwareSerial9availableEv
 .text._ZN14HardwareSerial4peekEv
                0x0000586e       0x1c src/HardwareSerial.o
                0x0000586e                _ZN14HardwareSerial4peekEv
 .text._ZN14HardwareSerial4readEv
                0x0000588a       0x28 src/HardwareSerial.o
                0x0000588a                _ZN14HardwareSerial4readEv
 .text._Z14serialEventRunv
                0x000058b2       0x62 src/HardwareSerial.o
                0x000058b2                _Z14serialEventRunv
 .text._ZN14HardwareSerial17_tx_udr_empty_irqEv
                0x00005914       0x54 src/HardwareSerial.o
                0x00005914                _ZN14HardwareSerial17_tx_udr_empty_irqEv
 .text._ZN14HardwareSerial5flushEv
                0x00005968       0x42 src/HardwareSerial.o
                0x00005968                _ZN14HardwareSerial5flushEv
 .text._ZN14HardwareSerial5writeEh
                0x000059aa       0x9c src/HardwareSerial.o
                0x000059aa                _ZN14HardwareSerial5writeEh
 .text._ZN14HardwareSerial5beginEmh
                0x00005a46       0xd2 src/HardwareSerial.o
                0x00005a46                _ZN14HardwareSerial5beginEmh
 .text.__vector_25
                0x00005b18       0x78 src/HardwareSerial0.o
                0x00005b18                __vector_25
 .text.__vector_26
                0x00005b90       0x52 src/HardwareSerial0.o
                0x00005b90                __vector_26
 .text._Z17Serial0_availablev
                0x00005be2       0x12 src/HardwareSerial0.o
                0x00005be2                _Z17Serial0_availablev
 .text._GLOBAL__sub_I___vector_25
                0x00005bf4       0x5a src/HardwareSerial0.o
 .text.__vector_36
                0x00005c4e       0x78 src/HardwareSerial1.o
                0x00005c4e                __vector_36
 .text.__vector_37
                0x00005cc6       0x52 src/HardwareSerial1.o
                0x00005cc6                __vector_37
 .text._Z17Serial1_availablev
                0x00005d18       0x12 src/HardwareSerial1.o
                0x00005d18                _Z17Serial1_availablev
 .text._GLOBAL__sub_I___vector_36
                0x00005d2a       0x5a src/HardwareSerial1.o
 .text.__vector_51
                0x00005d84       0x78 src/HardwareSerial2.o
                0x00005d84                __vector_51
 .text.__vector_52
                0x00005dfc       0x52 src/HardwareSerial2.o
                0x00005dfc                __vector_52
 .text._Z17Serial2_availablev
                0x00005e4e       0x12 src/HardwareSerial2.o
                0x00005e4e                _Z17Serial2_availablev
 .text._GLOBAL__sub_I___vector_51
                0x00005e60       0x5a src/HardwareSerial2.o
 .text.__vector_54
                0x00005eba       0x78 src/HardwareSerial3.o
                0x00005eba                __vector_54
 .text.__vector_55
                0x00005f32       0x52 src/HardwareSerial3.o
                0x00005f32                __vector_55
 .text._Z17Serial3_availablev
                0x00005f84       0x12 src/HardwareSerial3.o
                0x00005f84                _Z17Serial3_availablev
 .text._GLOBAL__sub_I___vector_54
                0x00005f96       0x5a src/HardwareSerial3.o
 .text.__empty  0x00005ff0        0x2 src/hooks.o
                0x00005ff0                yield
 .text._ZNK9IPAddress7printToER5Print
                0x00005ff2       0x7e src/IPAddress.o
                0x00005ff2                _ZNK9IPAddress7printToER5Print
 .text._GLOBAL__sub_I__ZN9IPAddressC2Ev
                0x00006070       0x16 src/IPAddress.o
 .text.initVariant
                0x00006086        0x2 src/main.o
                0x00006086                initVariant
 .text.main     0x00006088       0x14 src/main.o
                0x00006088                main
 .text._Znwj    0x0000609c        0x6 src/new.o
                0x0000609c                _Znwj
 .text._ZdlPv   0x000060a2        0x6 src/new.o
                0x000060a2                _ZdlPv
 .text._ZN5Print5writeEPKhj
                0x000060a8       0x5a src/Print.o
                0x000060a8                _ZN5Print5writeEPKhj
 .text._ZN5Print5printERK6String
                0x00006102       0x1e src/Print.o
                0x00006102                _ZN5Print5printERK6String
 .text._ZN5Print5printEPKc
                0x00006120       0x2c src/Print.o
                0x00006120                _ZN5Print5printEPKc
 .text._ZN5Print5printEc
                0x0000614c       0x10 src/Print.o
                0x0000614c                _ZN5Print5printEc
 .text._ZN5Print7printlnEv
                0x0000615c       0x18 src/Print.o
                0x0000615c                _ZN5Print7printlnEv
 .text._ZN5Print7printlnERK6String
                0x00006174       0x20 src/Print.o
                0x00006174                _ZN5Print7printlnERK6String
 .text._ZN5Print7printlnEPKc
                0x00006194       0x20 src/Print.o
                0x00006194                _ZN5Print7printlnEPKc
 .text._ZN5Print11printNumberEmh
                0x000061b4       0xe6 src/Print.o
                0x000061b4                _ZN5Print11printNumberEmh
 .text._ZN5Print5printEli
                0x0000629a       0x70 src/Print.o
                0x0000629a                _ZN5Print5printEli
 .text._ZN5Print5printEii
                0x0000630a        0xe src/Print.o
                0x0000630a                _ZN5Print5printEii
 .text._ZN5Print7printlnEii
                0x00006318       0x2a src/Print.o
                0x00006318                _ZN5Print7printlnEii
 .text._ZN5Print5printEmi
                0x00006342       0x1c src/Print.o
                0x00006342                _ZN5Print5printEmi
 .text._ZN5Print5printEhi
                0x0000635e        0xe src/Print.o
                0x0000635e                _ZN5Print5printEhi
 .text._ZN5Print5printEji
                0x0000636c        0xc src/Print.o
                0x0000636c                _ZN5Print5printEji
 .text._ZN5Print10printFloatEdh
                0x00006378      0x1e8 src/Print.o
                0x00006378                _ZN5Print10printFloatEdh
 .text._ZN5Print5printEdi
                0x00006560        0x4 src/Print.o
                0x00006560                _ZN5Print5printEdi
 .text._ZN5Print7printlnEdi
                0x00006564       0x20 src/Print.o
                0x00006564                _ZN5Print7printlnEdi
 .text._Z12disableTimerh
                0x00006584       0x74 src/Tone.o
                0x00006584                _Z12disableTimerh
 .text._Z6noToneh
                0x000065f8       0x2a src/Tone.o
                0x000065f8                _Z6noToneh
 .text.__vector_13
                0x00006622       0xbe src/Tone.o
                0x00006622                __vector_13
 .text.__vector_1
                0x000066e0       0x62 src/WInterrupts.o
                0x000066e0                __vector_1
 .text.__vector_2
                0x00006742       0x62 src/WInterrupts.o
                0x00006742                __vector_2
 .text.__vector_3
                0x000067a4       0x62 src/WInterrupts.o
                0x000067a4                __vector_3
 .text.__vector_4
                0x00006806       0x62 src/WInterrupts.o
                0x00006806                __vector_4
 .text.__vector_5
                0x00006868       0x62 src/WInterrupts.o
                0x00006868                __vector_5
 .text.__vector_6
                0x000068ca       0x62 src/WInterrupts.o
                0x000068ca                __vector_6
 .text.__vector_7
                0x0000692c       0x62 src/WInterrupts.o
                0x0000692c                __vector_7
 .text.__vector_8
                0x0000698e       0x62 src/WInterrupts.o
                0x0000698e                __vector_8
 .text.__vector_23
                0x000069f0       0x94 src/wiring.o
                0x000069f0                __vector_23
 .text.millis   0x00006a84       0x18 src/wiring.o
                0x00006a84                millis
 .text.micros   0x00006a9c       0x4c src/wiring.o
                0x00006a9c                micros
 .text.delay    0x00006ae8       0x52 src/wiring.o
                0x00006ae8                delay
 .text.delayMicroseconds
                0x00006b3a       0x16 src/wiring.o
                0x00006b3a                delayMicroseconds
 .text.init     0x00006b50       0xc4 src/wiring.o
                0x00006b50                init
 .text.analogRead
                0x00006c14       0x48 src/wiring_analog.o
                0x00006c14                analogRead
 .text.turnOffPWM
                0x00006c5c       0xd0 src/wiring_digital.o
 .text.pinMode  0x00006d2c       0x7e src/wiring_digital.o
                0x00006d2c                pinMode
 .text.digitalWrite
                0x00006daa       0x60 src/wiring_digital.o
                0x00006daa                digitalWrite
 .text.digitalRead
                0x00006e0a       0x50 src/wiring_digital.o
                0x00006e0a                digitalRead
 .text._ZN6StringD2Ev
                0x00006e5a        0xa src/WString.o
                0x00006e5a                _ZN6StringD2Ev
                0x00006e5a                _ZN6StringD1Ev
 .text._ZN6String10invalidateEv
                0x00006e64       0x22 src/WString.o
                0x00006e64                _ZN6String10invalidateEv
 .text._ZN6String12changeBufferEj
                0x00006e86       0x32 src/WString.o
                0x00006e86                _ZN6String12changeBufferEj
 .text._ZN6String7reserveEj
                0x00006eb8       0x3e src/WString.o
                0x00006eb8                _ZN6String7reserveEj
 .text._ZN6String4copyEPKcj
                0x00006ef6       0x3c src/WString.o
                0x00006ef6                _ZN6String4copyEPKcj
 .text._ZN6StringC2EPKc
                0x00006f32       0x28 src/WString.o
                0x00006f32                _ZN6StringC2EPKc
                0x00006f32                _ZN6StringC1EPKc
 .text._ZN6String4copyEPK19__FlashStringHelperj
                0x00006f5a       0x3c src/WString.o
                0x00006f5a                _ZN6String4copyEPK19__FlashStringHelperj
 .text._ZN6StringaSERKS_
                0x00006f96       0x2a src/WString.o
                0x00006f96                _ZN6StringaSERKS_
 .text._ZN6StringC2ERKS_
                0x00006fc0       0x12 src/WString.o
                0x00006fc0                _ZN6StringC2ERKS_
                0x00006fc0                _ZN6StringC1ERKS_
 .text._ZN6StringaSEPK19__FlashStringHelper
                0x00006fd2       0x2c src/WString.o
                0x00006fd2                _ZN6StringaSEPK19__FlashStringHelper
 .text._ZN6StringC2EPK19__FlashStringHelper
                0x00006ffe       0x12 src/WString.o
                0x00006ffe                _ZN6StringC1EPK19__FlashStringHelper
                0x00006ffe                _ZN6StringC2EPK19__FlashStringHelper
 .text._ZN6String6concatEPKcj
                0x00007010       0x5c src/WString.o
                0x00007010                _ZN6String6concatEPKcj
 .text._ZplRK15StringSumHelperRK6String
                0x0000706c       0x22 src/WString.o
                0x0000706c                _ZplRK15StringSumHelperRK6String
 .text._ZplRK15StringSumHelperPKc
                0x0000708e       0x2e src/WString.o
                0x0000708e                _ZplRK15StringSumHelperPKc
 .text.avr-libc.fplib
                0x000070bc        0xa c:/program files (x86)/atmel/studio/7.0/toolchain/avr8/avr8-gnu-toolchain/bin/../lib/gcc/avr/4.9.2/../../../../avr/lib/avr6\libm.a(addsf3.o)
                0x000070bc                __subsf3
                0x000070be                __addsf3
 .text.avr-libc.fplib
                0x000070c6       0xc0 c:/program files (x86)/atmel/studio/7.0/toolchain/avr8/avr8-gnu-toolchain/bin/../lib/gcc/avr/4.9.2/../../../../avr/lib/avr6\libm.a(addsf3x.o)
                0x000070e0                __addsf3x
 .text.avr-libc.fplib
                0x00007186        0x8 c:/program files (x86)/atmel/studio/7.0/toolchain/avr8/avr8-gnu-toolchain/bin/../lib/gcc/avr/4.9.2/../../../../avr/lib/avr6\libm.a(cmpsf2.o)
                0x00007186                __nesf2
                0x00007186                __eqsf2
                0x00007186                __cmpsf2
                0x00007186                __ltsf2
                0x00007186                __lesf2
 .text.avr-libc.fplib
                0x0000718e        0x4 c:/program files (x86)/atmel/studio/7.0/toolchain/avr8/avr8-gnu-toolchain/bin/../lib/gcc/avr/4.9.2/../../../../avr/lib/avr6\libm.a(divsf3.o)
                0x0000718e                __divsf3
 .text.avr-libc.fplib
                0x00007192       0xcc c:/program files (x86)/atmel/studio/7.0/toolchain/avr8/avr8-gnu-toolchain/bin/../lib/gcc/avr/4.9.2/../../../../avr/lib/avr6\libm.a(divsf3x.o)
                0x000071a8                __divsf3x
                0x000071ac                __divsf3_pse
 .text.avr-libc.fplib
                0x0000725e        0xa c:/program files (x86)/atmel/studio/7.0/toolchain/avr8/avr8-gnu-toolchain/bin/../lib/gcc/avr/4.9.2/../../../../avr/lib/avr6\libm.a(fixsfsi.o)
                0x0000725e                __fixsfsi
 .text.avr-libc.fplib
                0x00007268       0x58 c:/program files (x86)/atmel/studio/7.0/toolchain/avr8/avr8-gnu-toolchain/bin/../lib/gcc/avr/4.9.2/../../../../avr/lib/avr6\libm.a(fixunssfsi.o)
                0x00007268                __fixunssfsi
 .text.avr-libc.fplib
                0x000072c0       0x7a c:/program files (x86)/atmel/studio/7.0/toolchain/avr8/avr8-gnu-toolchain/bin/../lib/gcc/avr/4.9.2/../../../../avr/lib/avr6\libm.a(floatsisf.o)
                0x000072c0                __floatunsisf
                0x000072c4                __floatsisf
 .text.avr-libc.fplib
                0x0000733a       0x48 c:/program files (x86)/atmel/studio/7.0/toolchain/avr8/avr8-gnu-toolchain/bin/../lib/gcc/avr/4.9.2/../../../../avr/lib/avr6\libm.a(fp_cmp.o)
                0x0000733a                __fp_cmp
 .text.avr-libc.fplib
                0x00007382        0xc c:/program files (x86)/atmel/studio/7.0/toolchain/avr8/avr8-gnu-toolchain/bin/../lib/gcc/avr/4.9.2/../../../../avr/lib/avr6\libm.a(fp_inf.o)
                0x00007382                __fp_inf
 .text.avr-libc.fplib
                0x0000738e        0x6 c:/program files (x86)/atmel/studio/7.0/toolchain/avr8/avr8-gnu-toolchain/bin/../lib/gcc/avr/4.9.2/../../../../avr/lib/avr6\libm.a(fp_nan.o)
                0x0000738e                __fp_nan
 .text.avr-libc.fplib
                0x00007394        0xe c:/program files (x86)/atmel/studio/7.0/toolchain/avr8/avr8-gnu-toolchain/bin/../lib/gcc/avr/4.9.2/../../../../avr/lib/avr6\libm.a(fp_pscA.o)
                0x00007394                __fp_pscA
 .text.avr-libc.fplib
                0x000073a2        0xe c:/program files (x86)/atmel/studio/7.0/toolchain/avr8/avr8-gnu-toolchain/bin/../lib/gcc/avr/4.9.2/../../../../avr/lib/avr6\libm.a(fp_pscB.o)
                0x000073a2                __fp_pscB
 .text.avr-libc.fplib
                0x000073b0       0x22 c:/program files (x86)/atmel/studio/7.0/toolchain/avr8/avr8-gnu-toolchain/bin/../lib/gcc/avr/4.9.2/../../../../avr/lib/avr6\libm.a(fp_round.o)
                0x000073b0                __fp_round
 .text.avr-libc.fplib
                0x000073d2       0x44 c:/program files (x86)/atmel/studio/7.0/toolchain/avr8/avr8-gnu-toolchain/bin/../lib/gcc/avr/4.9.2/../../../../avr/lib/avr6\libm.a(fp_split3.o)
                0x000073d2                __fp_split3
                0x000073e2                __fp_splitA
 .text.avr-libc.fplib
                0x00007416        0xe c:/program files (x86)/atmel/studio/7.0/toolchain/avr8/avr8-gnu-toolchain/bin/../lib/gcc/avr/4.9.2/../../../../avr/lib/avr6\libm.a(fp_zero.o)
                0x00007416                __fp_zero
                0x00007418                __fp_szero
 .text.avr-libc.fplib
                0x00007424        0x8 c:/program files (x86)/atmel/studio/7.0/toolchain/avr8/avr8-gnu-toolchain/bin/../lib/gcc/avr/4.9.2/../../../../avr/lib/avr6\libm.a(gesf2.o)
                0x00007424                __gesf2
                0x00007424                __gtsf2
 .text.avr-libc.fplib
                0x0000742c        0x4 c:/program files (x86)/atmel/studio/7.0/toolchain/avr8/avr8-gnu-toolchain/bin/../lib/gcc/avr/4.9.2/../../../../avr/lib/avr6\libm.a(mulsf3.o)
                0x0000742c                __mulsf3
 .text.avr-libc.fplib
                0x00007430       0xc2 c:/program files (x86)/atmel/studio/7.0/toolchain/avr8/avr8-gnu-toolchain/bin/../lib/gcc/avr/4.9.2/../../../../avr/lib/avr6\libm.a(mulsf3x.o)
                0x00007444                __mulsf3x
                0x00007448                __mulsf3_pse
 .text.avr-libc.fplib
                0x000074f2        0x8 c:/program files (x86)/atmel/studio/7.0/toolchain/avr8/avr8-gnu-toolchain/bin/../lib/gcc/avr/4.9.2/../../../../avr/lib/avr6\libm.a(unordsf2.o)
                0x000074f2                __unordsf2
 .text.libgcc.div
                0x000074fa       0x26 c:/program files (x86)/atmel/studio/7.0/toolchain/avr8/avr8-gnu-toolchain/bin/../lib/gcc/avr/4.9.2/avr6\libgcc.a(_divmodhi4.o)
                0x000074fa                _div
                0x000074fa                __divmodhi4
 .text.libgcc.div
                0x00007520       0x44 c:/program files (x86)/atmel/studio/7.0/toolchain/avr8/avr8-gnu-toolchain/bin/../lib/gcc/avr/4.9.2/avr6\libgcc.a(_udivmodsi4.o)
                0x00007520                __udivmodsi4
 .text.libgcc   0x00007564       0x10 c:/program files (x86)/atmel/studio/7.0/toolchain/avr8/avr8-gnu-toolchain/bin/../lib/gcc/avr/4.9.2/avr6\libgcc.a(_tablejump2.o)
                0x00007564                __tablejump2__
 .text.libgcc.div
                0x00007574       0x28 c:/program files (x86)/atmel/studio/7.0/toolchain/avr8/avr8-gnu-toolchain/bin/../lib/gcc/avr/4.9.2/avr6\libgcc.a(_udivmodhi4.o)
                0x00007574                __udivmodhi4
 .text.avr-libc
                0x0000759c      0x25a c:/program files (x86)/atmel/studio/7.0/toolchain/avr8/avr8-gnu-toolchain/bin/../lib/gcc/avr/4.9.2/../../../../avr/lib/avr6\libc.a(malloc.o)
                0x0000759c                malloc
                0x000076c6                free
 .text.avr-libc
                0x000077f6      0x1c8 c:/program files (x86)/atmel/studio/7.0/toolchain/avr8/avr8-gnu-toolchain/bin/../lib/gcc/avr/4.9.2/../../../../avr/lib/avr6\libc.a(realloc.o)
                0x000077f6                realloc
 .text.avr-libc
                0x000079be        0x8 c:/program files (x86)/atmel/studio/7.0/toolchain/avr8/avr8-gnu-toolchain/bin/../lib/gcc/avr/4.9.2/../../../../avr/lib/avr6\libc.a(abort.o)
                0x000079be                abort
 .text.avr-libc
                0x000079c6        0xe c:/program files (x86)/atmel/studio/7.0/toolchain/avr8/avr8-gnu-toolchain/bin/../lib/gcc/avr/4.9.2/../../../../avr/lib/avr6\libc.a(strcpy_P.o)
                0x000079c6                strcpy_P
 .text.avr-libc
                0x000079d4       0x12 c:/program files (x86)/atmel/studio/7.0/toolchain/avr8/avr8-gnu-toolchain/bin/../lib/gcc/avr/4.9.2/../../../../avr/lib/avr6\libc.a(strlen_P.o)
                0x000079d4                __strlen_P
 .text.avr-libc
                0x000079e6       0x12 c:/program files (x86)/atmel/studio/7.0/toolchain/avr8/avr8-gnu-toolchain/bin/../lib/gcc/avr/4.9.2/../../../../avr/lib/avr6\libc.a(memcpy.o)
                0x000079e6                memcpy
 .text.avr-libc
                0x000079f8        0xe c:/program files (x86)/atmel/studio/7.0/toolchain/avr8/avr8-gnu-toolchain/bin/../lib/gcc/avr/4.9.2/../../../../avr/lib/avr6\libc.a(strcpy.o)
                0x000079f8                strcpy
                0x00007a06                . = ALIGN (0x2)
 *(.fini9)
 .fini9         0x00007a06        0x0 c:/program files (x86)/atmel/studio/7.0/toolchain/avr8/avr8-gnu-toolchain/bin/../lib/gcc/avr/4.9.2/avr6\libgcc.a(_exit.o)
                0x00007a06                _exit
                0x00007a06                exit
 *(.fini9)
 *(.fini8)
 *(.fini8)
 *(.fini7)
 *(.fini7)
 *(.fini6)
 .fini6         0x00007a06       0x1e c:/program files (x86)/atmel/studio/7.0/toolchain/avr8/avr8-gnu-toolchain/bin/../lib/gcc/avr/4.9.2/avr6\libgcc.a(_dtors.o)
                0x00007a06                __do_global_dtors
 *(.fini6)
 *(.fini5)
 *(.fini5)
 *(.fini4)
 *(.fini4)
 *(.fini3)
 *(.fini3)
 *(.fini2)
 *(.fini2)
 *(.fini1)
 *(.fini1)
 *(.fini0)
 .fini0         0x00007a24        0x4 c:/program files (x86)/atmel/studio/7.0/toolchain/avr8/avr8-gnu-toolchain/bin/../lib/gcc/avr/4.9.2/avr6\libgcc.a(_exit.o)
 *(.fini0)
                0x00007a28                _etext = .

.data           0x00800200      0x46e load address 0x00007a28
                0x00800200                PROVIDE (__data_start, .)
 *(.data)
 .data          0x00800200        0x6 c:/program files (x86)/atmel/studio/7.0/toolchain/avr8/avr8-gnu-toolchain/bin/../lib/gcc/avr/4.9.2/../../../../avr/lib/avr6\libc.a(malloc.o)
                0x00800200                __malloc_heap_end
                0x00800202                __malloc_heap_start
                0x00800204                __malloc_margin
 *(.data*)
 .data.firstpass
                0x00800206        0x1 Main.o
                0x00800206                firstpass
 .data._ZL9tone_pins
                0x00800207        0x1 src/Tone.o
 .data.analog_reference
                0x00800208        0x1 src/wiring_analog.o
                0x00800208                analog_reference
 *(.rodata)
 *(.rodata*)
 .rodata.str1.1
                0x00800209       0x38 classes/BK/BK_UI.o
                                 0x3c (size before relaxing)
 .rodata._ZTV10LinkedListIiE
                0x00800241       0x18 classes/EnhancedIO/AnalogIn.o
                0x00800241                _ZTV10LinkedListIiE
 .rodata.str1.1
                0x00800259        0xb classes/EnhancedIO/DigitalIO.o
 .rodata.str1.1
                0x00800264        0xb classes/EZUI/Controls/EZUI_Control_Label.o
                                  0x3 (size before relaxing)
 .rodata.str1.1
                0x00800264        0x1 classes/EZUI/Controls/EZUI_Control_Link.o
 .rodata.str1.1
                0x00800264        0xc classes/EZUI/Controls/EZUI_Control_ToggleOption.o
 .rodata.str1.1
                0x00800264       0x40 classes/Hardware.o
                                 0x46 (size before relaxing)
 .rodata._ZL8WB_R2C_Z
                0x008002a4       0x90 classes/Hardware.o
 .rodata._ZL8WB_R2C_X
                0x00800334       0x90 classes/Hardware.o
 .rodata.str1.1
                0x008003c4       0x12 classes/HLT/HLT_UI.o
                                 0x3e (size before relaxing)
 .rodata.str1.1
                0x008003d6       0x91 classes/MAIN/MAIN_UI.o
                                 0xae (size before relaxing)
 .rodata.str1.1
                0x00800467       0x12 classes/MLT/MLT_UI.o
                                 0x43 (size before relaxing)
 .rodata.str1.1
                0x00800479       0x10 classes/EZUI/ClickEncoderWithEvents.o
 .rodata.str1.1
                0x00800489       0x16 classes/EZUI/EZUI_Menu.o
                                 0x19 (size before relaxing)
 .rodata._ZTV10LinkedListI13EZUI_MenuItemE
                0x0080049f       0x18 classes/EZUI/EZUI_Menu.o
                0x0080049f                _ZTV10LinkedListI13EZUI_MenuItemE
 .rodata.str1.1
                0x008004b7       0x43 classes/EZUI/EZUI_MenuItem.o
                                 0x45 (size before relaxing)
 .rodata.str1.1
                0x008004fa        0xb classes/EZUI/EZUI_Page.o
                                 0x20 (size before relaxing)
 .rodata._ZTV10LinkedListI13EZUI_PageItemE
                0x00800505       0x18 classes/EZUI/EZUI_Page.o
                0x00800505                _ZTV10LinkedListI13EZUI_PageItemE
 .rodata.str1.1
                0x0080051d        0xb classes/EZUI/EZUI_PageItem.o
                                 0x29 (size before relaxing)
 .rodata.str1.1
                0x0080051d       0x19 classes/EZUI/EZUI.o
                                 0x1a (size before relaxing)
 .rodata.str1.1
                0x00800536       0x26 classes/Executive.o
 .rodata.str1.1
                0x0080055c        0x1 classes/WheatstoneBridge.o
 .rodata._ZTV3LCD
                0x0080055c       0x10 include/LiquidCrystal/LCD.o
                0x0080055c                _ZTV3LCD
 .rodata._ZTV17LiquidCrystal_I2C
                0x0080056c       0x10 include/LiquidCrystal/LiquidCrystal_I2C.o
                0x0080056c                _ZTV17LiquidCrystal_I2C
 .rodata._ZTV7TwoWire
                0x0080057c       0x10 include/Wire/Wire.o
                0x0080057c                _ZTV7TwoWire
 .rodata.str1.1
                0x0080058c       0xbd Main.o
                                 0xbe (size before relaxing)
 .rodata._ZTV14HardwareSerial
                0x00800649       0x10 src/HardwareSerial.o
                0x00800649                _ZTV14HardwareSerial
 .rodata._ZTV9IPAddress
                0x00800659        0x6 src/IPAddress.o
                0x00800659                _ZTV9IPAddress
 .rodata.str1.1
                0x0080065f        0xf src/Print.o
                                 0x11 (size before relaxing)
 *(.gnu.linkonce.d*)
                0x0080066e                . = ALIGN (0x2)
                0x0080066e                _edata = .
                0x0080066e                PROVIDE (__data_end, .)

.bss            0x0080066e      0x6d8
                0x0080066e                PROVIDE (__bss_start, .)
 *(.bss)
 *(.bss*)
 .bss.BK_UI     0x0080066e        0x2 classes/BK/BK_UI.o
                0x0080066e                BK_UI
 .bss.BK_ENC    0x00800670        0x2 classes/Hardware.o
                0x00800670                BK_ENC
 .bss.BK_LCD    0x00800672       0x18 classes/Hardware.o
                0x00800672                BK_LCD
 .bss.MLT_ENC   0x0080068a        0x2 classes/Hardware.o
                0x0080068a                MLT_ENC
 .bss.MLT_LCD   0x0080068c       0x18 classes/Hardware.o
                0x0080068c                MLT_LCD
 .bss.HLT_RTD_BP
                0x008006a4        0x2 classes/Hardware.o
                0x008006a4                HLT_RTD_BP
 .bss.HLT_ENC   0x008006a6        0x2 classes/Hardware.o
                0x008006a6                HLT_ENC
 .bss.HLT_LCD   0x008006a8       0x18 classes/Hardware.o
                0x008006a8                HLT_LCD
 .bss.MAIN_ENC  0x008006c0        0x2 classes/Hardware.o
                0x008006c0                MAIN_ENC
 .bss.MAIN_LCD  0x008006c2       0x18 classes/Hardware.o
                0x008006c2                MAIN_LCD
 .bss._ZL6RTDLUT
                0x008006da        0x6 classes/Hardware.o
 .bss.ANIN_A14  0x008006e0       0x20 classes/Hardware.o
                0x008006e0                ANIN_A14
 .bss.ANIN_A13  0x00800700       0x20 classes/Hardware.o
                0x00800700                ANIN_A13
 .bss.ANIN_A12  0x00800720       0x20 classes/Hardware.o
                0x00800720                ANIN_A12
 .bss.ANIN_A11  0x00800740       0x20 classes/Hardware.o
                0x00800740                ANIN_A11
 .bss.ANIN_A10  0x00800760       0x20 classes/Hardware.o
                0x00800760                ANIN_A10
 .bss.ANIN_A9   0x00800780       0x20 classes/Hardware.o
                0x00800780                ANIN_A9
 .bss.ANIN_A8   0x008007a0       0x20 classes/Hardware.o
                0x008007a0                ANIN_A8
 .bss.ANIN_A7   0x008007c0       0x20 classes/Hardware.o
                0x008007c0                ANIN_A7
 .bss.ANIN_A6   0x008007e0       0x20 classes/Hardware.o
                0x008007e0                ANIN_A6
 .bss.ANIN_A5   0x00800800       0x20 classes/Hardware.o
                0x00800800                ANIN_A5
 .bss.ANIN_A4   0x00800820       0x20 classes/Hardware.o
                0x00800820                ANIN_A4
 .bss.ANIN_A3   0x00800840       0x20 classes/Hardware.o
                0x00800840                ANIN_A3
 .bss.ANIN_A2   0x00800860       0x20 classes/Hardware.o
                0x00800860                ANIN_A2
 .bss.ANIN_A1   0x00800880       0x20 classes/Hardware.o
                0x00800880                ANIN_A1
 .bss.ANIN_A0   0x008008a0       0x20 classes/Hardware.o
                0x008008a0                ANIN_A0
 .bss.RC2_OUT8  0x008008c0       0x11 classes/Hardware.o
                0x008008c0                RC2_OUT8
 .bss.RC2_OUT7  0x008008d1       0x11 classes/Hardware.o
                0x008008d1                RC2_OUT7
 .bss.RC2_OUT6  0x008008e2       0x11 classes/Hardware.o
                0x008008e2                RC2_OUT6
 .bss.RC2_OUT5  0x008008f3       0x11 classes/Hardware.o
                0x008008f3                RC2_OUT5
 .bss.RC2_OUT4  0x00800904       0x11 classes/Hardware.o
                0x00800904                RC2_OUT4
 .bss.RC2_OUT3  0x00800915       0x11 classes/Hardware.o
                0x00800915                RC2_OUT3
 .bss.RC2_OUT2  0x00800926       0x11 classes/Hardware.o
                0x00800926                RC2_OUT2
 .bss.RC2_OUT1  0x00800937       0x11 classes/Hardware.o
                0x00800937                RC2_OUT1
 .bss.RC1_OUT8  0x00800948       0x11 classes/Hardware.o
                0x00800948                RC1_OUT8
 .bss.RC1_OUT7  0x00800959       0x11 classes/Hardware.o
                0x00800959                RC1_OUT7
 .bss.RC1_OUT6  0x0080096a       0x11 classes/Hardware.o
                0x0080096a                RC1_OUT6
 .bss.RC1_OUT5  0x0080097b       0x11 classes/Hardware.o
                0x0080097b                RC1_OUT5
 .bss.RC1_OUT4  0x0080098c       0x11 classes/Hardware.o
                0x0080098c                RC1_OUT4
 .bss.RC1_OUT3  0x0080099d       0x11 classes/Hardware.o
                0x0080099d                RC1_OUT3
 .bss.RC1_OUT2  0x008009ae       0x11 classes/Hardware.o
                0x008009ae                RC1_OUT2
 .bss.RC1_OUT1  0x008009bf       0x11 classes/Hardware.o
                0x008009bf                RC1_OUT1
 .bss.HLT_UI    0x008009d0        0x2 classes/HLT/HLT_UI.o
                0x008009d0                HLT_UI
 .bss.MAIN_UI   0x008009d2        0x2 classes/MAIN/MAIN_UI.o
                0x008009d2                MAIN_UI
 .bss.MLT_UI    0x008009d4        0x2 classes/MLT/MLT_UI.o
                0x008009d4                MLT_UI
 .bss._ZZN12ClickEncoder7serviceEvE16doubleClickTicks
                0x008009d6        0x1 include/ClickEncoder/ClickEncoder.o
 .bss._ZZN12ClickEncoder7serviceEvE12keyDownTicks
                0x008009d7        0x2 include/ClickEncoder/ClickEncoder.o
 .bss._ZZN12ClickEncoder7serviceEvE15lastButtonCheck
                0x008009d9        0x4 include/ClickEncoder/ClickEncoder.o
 .bss._ZN8TimerOne11isrCallbackE
                0x008009dd        0x2 include/TimerOne/TimerOne.o
                0x008009dd                _ZN8TimerOne11isrCallbackE
 .bss._ZN8TimerOne15clockSelectBitsE
                0x008009df        0x1 include/TimerOne/TimerOne.o
                0x008009df                _ZN8TimerOne15clockSelectBitsE
 .bss._ZN8TimerOne9pwmPeriodE
                0x008009e0        0x2 include/TimerOne/TimerOne.o
                0x008009e0                _ZN8TimerOne9pwmPeriodE
 .bss.twi_error
                0x008009e2        0x1 include/Wire/twi.o
 .bss.twi_rxBufferIndex
                0x008009e3        0x1 include/Wire/twi.o
 .bss.twi_rxBuffer
                0x008009e4       0x20 include/Wire/twi.o
 .bss.twi_txBufferLength
                0x00800a04        0x1 include/Wire/twi.o
 .bss.twi_txBufferIndex
                0x00800a05        0x1 include/Wire/twi.o
 .bss.twi_txBuffer
                0x00800a06       0x20 include/Wire/twi.o
 .bss.twi_masterBufferLength
                0x00800a26        0x1 include/Wire/twi.o
 .bss.twi_masterBufferIndex
                0x00800a27        0x1 include/Wire/twi.o
 .bss.twi_masterBuffer
                0x00800a28       0x20 include/Wire/twi.o
 .bss.twi_onSlaveReceive
                0x00800a48        0x2 include/Wire/twi.o
 .bss.twi_onSlaveTransmit
                0x00800a4a        0x2 include/Wire/twi.o
 .bss.twi_inRepStart
                0x00800a4c        0x1 include/Wire/twi.o
 .bss.twi_sendStop
                0x00800a4d        0x1 include/Wire/twi.o
 .bss.twi_slarw
                0x00800a4e        0x1 include/Wire/twi.o
 .bss.twi_state
                0x00800a4f        0x1 include/Wire/twi.o
 .bss.Wire      0x00800a50        0xc include/Wire/Wire.o
                0x00800a50                Wire
 .bss._ZN7TwoWire12transmittingE
                0x00800a5c        0x1 include/Wire/Wire.o
                0x00800a5c                _ZN7TwoWire12transmittingE
 .bss._ZN7TwoWire14txBufferLengthE
                0x00800a5d        0x1 include/Wire/Wire.o
                0x00800a5d                _ZN7TwoWire14txBufferLengthE
 .bss._ZN7TwoWire13txBufferIndexE
                0x00800a5e        0x1 include/Wire/Wire.o
                0x00800a5e                _ZN7TwoWire13txBufferIndexE
 .bss._ZN7TwoWire8txBufferE
                0x00800a5f       0x20 include/Wire/Wire.o
                0x00800a5f                _ZN7TwoWire8txBufferE
 .bss._ZN7TwoWire9txAddressE
                0x00800a7f        0x1 include/Wire/Wire.o
                0x00800a7f                _ZN7TwoWire9txAddressE
 .bss._ZN7TwoWire14rxBufferLengthE
                0x00800a80        0x1 include/Wire/Wire.o
                0x00800a80                _ZN7TwoWire14rxBufferLengthE
 .bss._ZN7TwoWire13rxBufferIndexE
                0x00800a81        0x1 include/Wire/Wire.o
                0x00800a81                _ZN7TwoWire13rxBufferIndexE
 .bss._ZN7TwoWire8rxBufferE
                0x00800a82       0x20 include/Wire/Wire.o
                0x00800a82                _ZN7TwoWire8rxBufferE
 .bss.Exec      0x00800aa2        0x2 Main.o
                0x00800aa2                Exec
 .bss.BootScreenTime
                0x00800aa4        0x4 Main.o
                0x00800aa4                BootScreenTime
 .bss.Serial    0x00800aa8       0x9d src/HardwareSerial0.o
                0x00800aa8                Serial
 .bss.Serial1   0x00800b45       0x9d src/HardwareSerial1.o
                0x00800b45                Serial1
 .bss.Serial2   0x00800be2       0x9d src/HardwareSerial2.o
                0x00800be2                Serial2
 .bss.Serial3   0x00800c7f       0x9d src/HardwareSerial3.o
                0x00800c7f                Serial3
 .bss._ZL11INADDR_NONE
                0x00800d1c        0x6 src/IPAddress.o
 .bss.timer2_pin_mask
                0x00800d22        0x1 src/Tone.o
                0x00800d22                timer2_pin_mask
 .bss.timer2_pin_port
                0x00800d23        0x2 src/Tone.o
                0x00800d23                timer2_pin_port
 .bss.timer2_toggle_count
                0x00800d25        0x4 src/Tone.o
                0x00800d25                timer2_toggle_count
 .bss.intFunc   0x00800d29       0x10 src/WInterrupts.o
 .bss.timer0_fract
                0x00800d39        0x1 src/wiring.o
 .bss.timer0_millis
                0x00800d3a        0x4 src/wiring.o
                0x00800d3a                timer0_millis
 .bss.timer0_overflow_count
                0x00800d3e        0x4 src/wiring.o
                0x00800d3e                timer0_overflow_count
 *(COMMON)
 COMMON         0x00800d42        0x4 c:/program files (x86)/atmel/studio/7.0/toolchain/avr8/avr8-gnu-toolchain/bin/../lib/gcc/avr/4.9.2/../../../../avr/lib/avr6\libc.a(malloc.o)
                0x00800d42                __brkval
                0x00800d44                __flp
                0x00800d46                PROVIDE (__bss_end, .)
                0x00007a28                __data_load_start = LOADADDR (.data)
                0x00007e96                __data_load_end = (__data_load_start + SIZEOF (.data))

.noinit         0x00800d46        0x0
                0x00800d46                PROVIDE (__noinit_start, .)
 *(.noinit*)
                0x00800d46                PROVIDE (__noinit_end, .)
                0x00800d46                _end = .
                0x00800d46                PROVIDE (__heap_start, .)

.eeprom         0x00810000        0x0
 *(.eeprom*)
                0x00810000                __eeprom_end = .

.fuse
 *(.fuse)
 *(.lfuse)
 *(.hfuse)
 *(.efuse)

.lock
 *(.lock*)

.signature
 *(.signature*)

.user_signatures
 *(.user_signatures*)

.stab
 *(.stab)

.stabstr
 *(.stabstr)

.stab.excl
 *(.stab.excl)

.stab.exclstr
 *(.stab.exclstr)

.stab.index
 *(.stab.index)

.stab.indexstr
 *(.stab.indexstr)

.comment        0x00000000       0x30
 *(.comment)
 .comment       0x00000000       0x30 classes/BK/BK_UI.o
                                 0x31 (size before relaxing)
 .comment       0x00000030       0x31 classes/EnhancedIO/AnalogIn.o
 .comment       0x00000030       0x31 classes/EnhancedIO/DigitalIO.o
 .comment       0x00000030       0x31 classes/EZUI/Controls/EZUI_Control_Label.o
 .comment       0x00000030       0x31 classes/EZUI/Controls/EZUI_Control_Link.o
 .comment       0x00000030       0x31 classes/EZUI/Controls/EZUI_Control_ToggleOption.o
 .comment       0x00000030       0x31 classes/Hardware.o
 .comment       0x00000030       0x31 classes/HLT/HLT_UI.o
 .comment       0x00000030       0x31 classes/MAIN/MAIN_UI.o
 .comment       0x00000030       0x31 classes/MLT/MLT_UI.o
 .comment       0x00000030       0x31 classes/EZUI/ClickEncoderWithEvents.o
 .comment       0x00000030       0x31 classes/EZUI/EZUI_Menu.o
 .comment       0x00000030       0x31 classes/EZUI/EZUI_MenuItem.o
 .comment       0x00000030       0x31 classes/EZUI/EZUI_Page.o
 .comment       0x00000030       0x31 classes/EZUI/EZUI_PageItem.o
 .comment       0x00000030       0x31 classes/EZUI/EZUI.o
 .comment       0x00000030       0x31 classes/Executive.o
 .comment       0x00000030       0x31 classes/LUT.o
 .comment       0x00000030       0x31 classes/WheatstoneBridge.o
 .comment       0x00000030       0x31 include/ClickEncoder/ClickEncoder.o
 .comment       0x00000030       0x31 include/LiquidCrystal/I2CIO.o
 .comment       0x00000030       0x31 include/LiquidCrystal/LCD.o
 .comment       0x00000030       0x31 include/LiquidCrystal/LiquidCrystal_I2C.o
 .comment       0x00000030       0x31 include/TimerOne/TimerOne.o
 .comment       0x00000030       0x31 include/Wire/twi.o
 .comment       0x00000030       0x31 include/Wire/Wire.o
 .comment       0x00000030       0x31 Main.o
 .comment       0x00000030       0x31 src/abi.o
 .comment       0x00000030       0x31 src/HardwareSerial.o
 .comment       0x00000030       0x31 src/HardwareSerial0.o
 .comment       0x00000030       0x31 src/HardwareSerial1.o
 .comment       0x00000030       0x31 src/HardwareSerial2.o
 .comment       0x00000030       0x31 src/HardwareSerial3.o
 .comment       0x00000030       0x31 src/hooks.o
 .comment       0x00000030       0x31 src/IPAddress.o
 .comment       0x00000030       0x31 src/main.o
 .comment       0x00000030       0x31 src/new.o
 .comment       0x00000030       0x31 src/Print.o
 .comment       0x00000030       0x31 src/Tone.o
 .comment       0x00000030       0x31 src/WInterrupts.o
 .comment       0x00000030       0x31 src/wiring.o
 .comment       0x00000030       0x31 src/wiring_analog.o
 .comment       0x00000030       0x31 src/wiring_digital.o
 .comment       0x00000030       0x31 src/WString.o
 .comment       0x00000030       0x31 c:/program files (x86)/atmel/studio/7.0/toolchain/avr8/avr8-gnu-toolchain/bin/../lib/gcc/avr/4.9.2/../../../../avr/lib/avr6\libc.a(malloc.o)
 .comment       0x00000030       0x31 c:/program files (x86)/atmel/studio/7.0/toolchain/avr8/avr8-gnu-toolchain/bin/../lib/gcc/avr/4.9.2/../../../../avr/lib/avr6\libc.a(realloc.o)

.note.gnu.avr.deviceinfo
                0x00000000       0x40
 .note.gnu.avr.deviceinfo
                0x00000000       0x40 C:/Program Files (x86)/Atmel/Studio/7.0/Packs/atmel/ATmega_DFP/1.0.90/gcc/dev/atmega2560/avr6/crtatmega2560.o

.note.gnu.build-id
 *(.note.gnu.build-id)

.debug
 *(.debug)

.line
 *(.line)

.debug_srcinfo
 *(.debug_srcinfo)

.debug_sfnames
 *(.debug_sfnames)

.debug_aranges  0x00000000     0x11f0
 *(.debug_aranges)
 .debug_aranges
                0x00000000       0x28 classes/BK/BK_UI.o
 .debug_aranges
                0x00000028       0x88 classes/EnhancedIO/AnalogIn.o
 .debug_aranges
                0x000000b0       0x50 classes/EnhancedIO/DigitalIO.o
 .debug_aranges
                0x00000100       0xb0 classes/EZUI/Controls/EZUI_Control_Label.o
 .debug_aranges
                0x000001b0       0x38 classes/EZUI/Controls/EZUI_Control_Link.o
 .debug_aranges
                0x000001e8       0x70 classes/EZUI/Controls/EZUI_Control_ToggleOption.o
 .debug_aranges
                0x00000258       0x40 classes/Hardware.o
 .debug_aranges
                0x00000298       0x28 classes/HLT/HLT_UI.o
 .debug_aranges
                0x000002c0       0x28 classes/MAIN/MAIN_UI.o
 .debug_aranges
                0x000002e8       0x28 classes/MLT/MLT_UI.o
 .debug_aranges
                0x00000310       0x28 classes/EZUI/ClickEncoderWithEvents.o
 .debug_aranges
                0x00000338       0xb0 classes/EZUI/EZUI_Menu.o
 .debug_aranges
                0x000003e8       0x48 classes/EZUI/EZUI_MenuItem.o
 .debug_aranges
                0x00000430      0x118 classes/EZUI/EZUI_Page.o
 .debug_aranges
                0x00000548       0xc8 classes/EZUI/EZUI_PageItem.o
 .debug_aranges
                0x00000610       0x70 classes/EZUI/EZUI.o
 .debug_aranges
                0x00000680       0x40 classes/Executive.o
 .debug_aranges
                0x000006c0       0x40 classes/LUT.o
 .debug_aranges
                0x00000700       0x38 classes/WheatstoneBridge.o
 .debug_aranges
                0x00000738       0x38 include/ClickEncoder/ClickEncoder.o
 .debug_aranges
                0x00000770       0x58 include/LiquidCrystal/I2CIO.o
 .debug_aranges
                0x000007c8       0xf8 include/LiquidCrystal/LCD.o
 .debug_aranges
                0x000008c0       0x88 include/LiquidCrystal/LiquidCrystal_I2C.o
 .debug_aranges
                0x00000948       0x20 include/TimerOne/TimerOne.o
 .debug_aranges
                0x00000968       0x70 include/Wire/twi.o
 .debug_aranges
                0x000009d8       0xd8 include/Wire/Wire.o
 .debug_aranges
                0x00000ab0       0x30 Main.o
 .debug_aranges
                0x00000ae0       0x28 src/abi.o
 .debug_aranges
                0x00000b08       0x68 src/HardwareSerial.o
 .debug_aranges
                0x00000b70       0x38 src/HardwareSerial0.o
 .debug_aranges
                0x00000ba8       0x38 src/HardwareSerial1.o
 .debug_aranges
                0x00000be0       0x38 src/HardwareSerial2.o
 .debug_aranges
                0x00000c18       0x38 src/HardwareSerial3.o
 .debug_aranges
                0x00000c50       0x20 src/hooks.o
 .debug_aranges
                0x00000c70       0x60 src/IPAddress.o
 .debug_aranges
                0x00000cd0       0x30 src/main.o
 .debug_aranges
                0x00000d00       0x38 src/new.o
 .debug_aranges
                0x00000d38       0xe8 src/Print.o
 .debug_aranges
                0x00000e20       0x38 src/Tone.o
 .debug_aranges
                0x00000e58       0x68 src/WInterrupts.o
 .debug_aranges
                0x00000ec0       0x48 src/wiring.o
 .debug_aranges
                0x00000f08       0x30 src/wiring_analog.o
 .debug_aranges
                0x00000f38       0x38 src/wiring_digital.o
 .debug_aranges
                0x00000f70      0x280 src/WString.o

.debug_pubnames
 *(.debug_pubnames)

.debug_info     0x00000000    0x53508
 *(.debug_info .gnu.linkonce.wi.*)
 .debug_info    0x00000000     0x3aba classes/BK/BK_UI.o
 .debug_info    0x00003aba      0xda9 classes/EnhancedIO/AnalogIn.o
 .debug_info    0x00004863     0x13c6 classes/EnhancedIO/DigitalIO.o
 .debug_info    0x00005c29     0x26d3 classes/EZUI/Controls/EZUI_Control_Label.o
 .debug_info    0x000082fc     0x35d9 classes/EZUI/Controls/EZUI_Control_Link.o
 .debug_info    0x0000b8d5     0x1b11 classes/EZUI/Controls/EZUI_Control_ToggleOption.o
 .debug_info    0x0000d3e6     0x577a classes/Hardware.o
 .debug_info    0x00012b60     0x3aba classes/HLT/HLT_UI.o
 .debug_info    0x0001661a     0x46a4 classes/MAIN/MAIN_UI.o
 .debug_info    0x0001acbe     0x3b63 classes/MLT/MLT_UI.o
 .debug_info    0x0001e821     0x3517 classes/EZUI/ClickEncoderWithEvents.o
 .debug_info    0x00021d38     0x4468 classes/EZUI/EZUI_Menu.o
 .debug_info    0x000261a0     0x3b2f classes/EZUI/EZUI_MenuItem.o
 .debug_info    0x00029ccf     0x4f44 classes/EZUI/EZUI_Page.o
 .debug_info    0x0002ec13     0x4970 classes/EZUI/EZUI_PageItem.o
 .debug_info    0x00033583     0x3809 classes/EZUI/EZUI.o
 .debug_info    0x00036d8c     0x39d7 classes/Executive.o
 .debug_info    0x0003a763      0x86a classes/LUT.o
 .debug_info    0x0003afcd     0x1557 classes/WheatstoneBridge.o
 .debug_info    0x0003c524      0x69a include/ClickEncoder/ClickEncoder.o
 .debug_info    0x0003cbbe      0x723 include/LiquidCrystal/I2CIO.o
 .debug_info    0x0003d2e1     0x117c include/LiquidCrystal/LCD.o
 .debug_info    0x0003e45d     0x12c0 include/LiquidCrystal/LiquidCrystal_I2C.o
 .debug_info    0x0003f71d      0x3d8 include/TimerOne/TimerOne.o
 .debug_info    0x0003faf5      0x70f include/Wire/twi.o
 .debug_info    0x00040204     0x2229 include/Wire/Wire.o
 .debug_info    0x0004242d      0x8f2 Main.o
 .debug_info    0x00042d1f       0x8e src/abi.o
 .debug_info    0x00042dad     0x1b3b src/HardwareSerial.o
 .debug_info    0x000448e8     0x1782 src/HardwareSerial0.o
 .debug_info    0x0004606a     0x1782 src/HardwareSerial1.o
 .debug_info    0x000477ec     0x1782 src/HardwareSerial2.o
 .debug_info    0x00048f6e     0x1788 src/HardwareSerial3.o
 .debug_info    0x0004a6f6       0x3e src/hooks.o
 .debug_info    0x0004a734      0x9ed src/IPAddress.o
 .debug_info    0x0004b121      0x24b src/main.o
 .debug_info    0x0004b36c      0x188 src/new.o
 .debug_info    0x0004b4f4     0x2603 src/Print.o
 .debug_info    0x0004daf7      0xa43 src/Tone.o
 .debug_info    0x0004e53a      0x2ea src/WInterrupts.o
 .debug_info    0x0004e824      0x319 src/wiring.o
 .debug_info    0x0004eb3d      0x32f src/wiring_analog.o
 .debug_info    0x0004ee6c      0x635 src/wiring_digital.o
 .debug_info    0x0004f4a1     0x4067 src/WString.o

.debug_abbrev   0x00000000     0x8dcc
 *(.debug_abbrev)
 .debug_abbrev  0x00000000      0x4b0 classes/BK/BK_UI.o
 .debug_abbrev  0x000004b0      0x45d classes/EnhancedIO/AnalogIn.o
 .debug_abbrev  0x0000090d      0x30c classes/EnhancedIO/DigitalIO.o
 .debug_abbrev  0x00000c19      0x43e classes/EZUI/Controls/EZUI_Control_Label.o
 .debug_abbrev  0x00001057      0x410 classes/EZUI/Controls/EZUI_Control_Link.o
 .debug_abbrev  0x00001467      0x2bf classes/EZUI/Controls/EZUI_Control_ToggleOption.o
 .debug_abbrev  0x00001726      0x581 classes/Hardware.o
 .debug_abbrev  0x00001ca7      0x4b0 classes/HLT/HLT_UI.o
 .debug_abbrev  0x00002157      0x4b0 classes/MAIN/MAIN_UI.o
 .debug_abbrev  0x00002607      0x4b0 classes/MLT/MLT_UI.o
 .debug_abbrev  0x00002ab7      0x3f0 classes/EZUI/ClickEncoderWithEvents.o
 .debug_abbrev  0x00002ea7      0x5a5 classes/EZUI/EZUI_Menu.o
 .debug_abbrev  0x0000344c      0x4a9 classes/EZUI/EZUI_MenuItem.o
 .debug_abbrev  0x000038f5      0x619 classes/EZUI/EZUI_Page.o
 .debug_abbrev  0x00003f0e      0x549 classes/EZUI/EZUI_PageItem.o
 .debug_abbrev  0x00004457      0x45a classes/EZUI/EZUI.o
 .debug_abbrev  0x000048b1      0x40b classes/Executive.o
 .debug_abbrev  0x00004cbc      0x1c1 classes/LUT.o
 .debug_abbrev  0x00004e7d      0x29a classes/WheatstoneBridge.o
 .debug_abbrev  0x00005117      0x262 include/ClickEncoder/ClickEncoder.o
 .debug_abbrev  0x00005379      0x22d include/LiquidCrystal/I2CIO.o
 .debug_abbrev  0x000055a6      0x365 include/LiquidCrystal/LCD.o
 .debug_abbrev  0x0000590b      0x372 include/LiquidCrystal/LiquidCrystal_I2C.o
 .debug_abbrev  0x00005c7d      0x126 include/TimerOne/TimerOne.o
 .debug_abbrev  0x00005da3      0x251 include/Wire/twi.o
 .debug_abbrev  0x00005ff4      0x4e2 include/Wire/Wire.o
 .debug_abbrev  0x000064d6      0x2fa Main.o
 .debug_abbrev  0x000067d0       0x5e src/abi.o
 .debug_abbrev  0x0000682e      0x370 src/HardwareSerial.o
 .debug_abbrev  0x00006b9e      0x35d src/HardwareSerial0.o
 .debug_abbrev  0x00006efb      0x35d src/HardwareSerial1.o
 .debug_abbrev  0x00007258      0x35d src/HardwareSerial2.o
 .debug_abbrev  0x000075b5      0x366 src/HardwareSerial3.o
 .debug_abbrev  0x0000791b       0x2a src/hooks.o
 .debug_abbrev  0x00007945      0x33d src/IPAddress.o
 .debug_abbrev  0x00007c82       0xd1 src/main.o
 .debug_abbrev  0x00007d53       0xd6 src/new.o
 .debug_abbrev  0x00007e29      0x3b0 src/Print.o
 .debug_abbrev  0x000081d9      0x261 src/Tone.o
 .debug_abbrev  0x0000843a       0xe6 src/WInterrupts.o
 .debug_abbrev  0x00008520      0x145 src/wiring.o
 .debug_abbrev  0x00008665      0x190 src/wiring_analog.o
 .debug_abbrev  0x000087f5      0x15a src/wiring_digital.o
 .debug_abbrev  0x0000894f      0x47d src/WString.o

.debug_line     0x00000000     0xc1bf
 *(.debug_line .debug_line.* .debug_line_end)
 .debug_line    0x00000000      0x410 classes/BK/BK_UI.o
 .debug_line    0x00000410      0x5b8 classes/EnhancedIO/AnalogIn.o
 .debug_line    0x000009c8      0x205 classes/EnhancedIO/DigitalIO.o
 .debug_line    0x00000bcd      0x654 classes/EZUI/Controls/EZUI_Control_Label.o
 .debug_line    0x00001221      0x3b1 classes/EZUI/Controls/EZUI_Control_Link.o
 .debug_line    0x000015d2      0x390 classes/EZUI/Controls/EZUI_Control_ToggleOption.o
 .debug_line    0x00001962      0x6f3 classes/Hardware.o
 .debug_line    0x00002055      0x41a classes/HLT/HLT_UI.o
 .debug_line    0x0000246f      0x4aa classes/MAIN/MAIN_UI.o
 .debug_line    0x00002919      0x420 classes/MLT/MLT_UI.o
 .debug_line    0x00002d39      0x46e classes/EZUI/ClickEncoderWithEvents.o
 .debug_line    0x000031a7      0x98b classes/EZUI/EZUI_Menu.o
 .debug_line    0x00003b32      0x533 classes/EZUI/EZUI_MenuItem.o
 .debug_line    0x00004065      0xe39 classes/EZUI/EZUI_Page.o
 .debug_line    0x00004e9e      0x952 classes/EZUI/EZUI_PageItem.o
 .debug_line    0x000057f0      0x4f7 classes/EZUI/EZUI.o
 .debug_line    0x00005ce7      0x4a4 classes/Executive.o
 .debug_line    0x0000618b      0x1d6 classes/LUT.o
 .debug_line    0x00006361      0x287 classes/WheatstoneBridge.o
 .debug_line    0x000065e8      0x329 include/ClickEncoder/ClickEncoder.o
 .debug_line    0x00006911      0x318 include/LiquidCrystal/I2CIO.o
 .debug_line    0x00006c29      0x585 include/LiquidCrystal/LCD.o
 .debug_line    0x000071ae      0x597 include/LiquidCrystal/LiquidCrystal_I2C.o
 .debug_line    0x00007745       0xef include/TimerOne/TimerOne.o
 .debug_line    0x00007834      0x510 include/Wire/twi.o
 .debug_line    0x00007d44      0x50e include/Wire/Wire.o
 .debug_line    0x00008252      0x352 Main.o
 .debug_line    0x000085a4       0xba src/abi.o
 .debug_line    0x0000865e      0x49f src/HardwareSerial.o
 .debug_line    0x00008afd      0x238 src/HardwareSerial0.o
 .debug_line    0x00008d35      0x238 src/HardwareSerial1.o
 .debug_line    0x00008f6d      0x236 src/HardwareSerial2.o
 .debug_line    0x000091a3      0x236 src/HardwareSerial3.o
 .debug_line    0x000093d9       0x3c src/hooks.o
 .debug_line    0x00009415      0x2a9 src/IPAddress.o
 .debug_line    0x000096be      0x13a src/main.o
 .debug_line    0x000097f8      0x162 src/new.o
 .debug_line    0x0000995a      0x643 src/Print.o
 .debug_line    0x00009f9d      0x515 src/Tone.o
 .debug_line    0x0000a4b2      0x30e src/WInterrupts.o
 .debug_line    0x0000a7c0      0x2ac src/wiring.o
 .debug_line    0x0000aa6c      0x2a7 src/wiring_analog.o
 .debug_line    0x0000ad13      0x27f src/wiring_digital.o
 .debug_line    0x0000af92     0x122d src/WString.o

.debug_frame    0x00000000     0x3ff0
 *(.debug_frame)
 .debug_frame   0x00000000       0x80 classes/BK/BK_UI.o
 .debug_frame   0x00000080      0x220 classes/EnhancedIO/AnalogIn.o
 .debug_frame   0x000002a0      0x110 classes/EnhancedIO/DigitalIO.o
 .debug_frame   0x000003b0      0x324 classes/EZUI/Controls/EZUI_Control_Label.o
 .debug_frame   0x000006d4       0x94 classes/EZUI/Controls/EZUI_Control_Link.o
 .debug_frame   0x00000768      0x1e4 classes/EZUI/Controls/EZUI_Control_ToggleOption.o
 .debug_frame   0x0000094c       0xc8 classes/Hardware.o
 .debug_frame   0x00000a14       0x80 classes/HLT/HLT_UI.o
 .debug_frame   0x00000a94       0xa0 classes/MAIN/MAIN_UI.o
 .debug_frame   0x00000b34       0x80 classes/MLT/MLT_UI.o
 .debug_frame   0x00000bb4       0x40 classes/EZUI/ClickEncoderWithEvents.o
 .debug_frame   0x00000bf4      0x39c classes/EZUI/EZUI_Menu.o
 .debug_frame   0x00000f90       0xc4 classes/EZUI/EZUI_MenuItem.o
 .debug_frame   0x00001054      0x598 classes/EZUI/EZUI_Page.o
 .debug_frame   0x000015ec      0x308 classes/EZUI/EZUI_PageItem.o
 .debug_frame   0x000018f4      0x104 classes/EZUI/EZUI.o
 .debug_frame   0x000019f8       0xa0 classes/Executive.o
 .debug_frame   0x00001a98       0xec classes/LUT.o
 .debug_frame   0x00001b84      0x1cc classes/WheatstoneBridge.o
 .debug_frame   0x00001d50       0x98 include/ClickEncoder/ClickEncoder.o
 .debug_frame   0x00001de8       0xc8 include/LiquidCrystal/I2CIO.o
 .debug_frame   0x00001eb0      0x228 include/LiquidCrystal/LCD.o
 .debug_frame   0x000020d8      0x270 include/LiquidCrystal/LiquidCrystal_I2C.o
 .debug_frame   0x00002348       0x6c include/TimerOne/TimerOne.o
 .debug_frame   0x000023b4      0x114 include/Wire/twi.o
 .debug_frame   0x000024c8      0x1ec include/Wire/Wire.o
 .debug_frame   0x000026b4       0x50 Main.o
 .debug_frame   0x00002704       0x34 src/abi.o
 .debug_frame   0x00002738      0x104 src/HardwareSerial.o
 .debug_frame   0x0000283c       0xcc src/HardwareSerial0.o
 .debug_frame   0x00002908       0xcc src/HardwareSerial1.o
 .debug_frame   0x000029d4       0xcc src/HardwareSerial2.o
 .debug_frame   0x00002aa0       0xcc src/HardwareSerial3.o
 .debug_frame   0x00002b6c       0x24 src/hooks.o